<?xml version="1.0"?>
<!DOCTYPE BlastOutput PUBLIC "-//NCBI//NCBI BlastOutput/EN" "http://www.ncbi.nlm.nih.gov/dtd/NCBI_BlastOutput.dtd">
<BlastOutput>
  <BlastOutput_program>blastp</BlastOutput_program>
  <BlastOutput_version>BLASTP 2.13.0+</BlastOutput_version>
  <BlastOutput_reference>Stephen F. Altschul, Thomas L. Madden, Alejandro A. Sch&amp;auml;ffer, Jinghui Zhang, Zheng Zhang, Webb Miller, and David J. Lipman (1997), &quot;Gapped BLAST and PSI-BLAST: a new generation of protein database search programs&quot;, Nucleic Acids Res. 25:3389-3402.</BlastOutput_reference>
  <BlastOutput_db>rbps</BlastOutput_db>
  <BlastOutput_query-ID>Query_1</BlastOutput_query-ID>
  <BlastOutput_query-def>lcl|MZ375233.1_prot_QZB83343.1_1 [locus_tag=T710L_1] [protein=hypothetical protein] [protein_id=QZB83343.1] [location=925..1278] [gbkey=CDS]</BlastOutput_query-def>
  <BlastOutput_query-len>117</BlastOutput_query-len>
  <BlastOutput_param>
    <Parameters>
      <Parameters_matrix>BLOSUM62</Parameters_matrix>
      <Parameters_expect>10</Parameters_expect>
      <Parameters_gap-open>11</Parameters_gap-open>
      <Parameters_gap-extend>1</Parameters_gap-extend>
      <Parameters_filter>F</Parameters_filter>
    </Parameters>
  </BlastOutput_param>
<BlastOutput_iterations>
<Iteration>
  <Iteration_iter-num>1</Iteration_iter-num>
  <Iteration_query-ID>Query_1</Iteration_query-ID>
  <Iteration_query-def>lcl|MZ375233.1_prot_QZB83343.1_1 [locus_tag=T710L_1] [protein=hypothetical protein] [protein_id=QZB83343.1] [location=925..1278] [gbkey=CDS]</Iteration_query-def>
  <Iteration_query-len>117</Iteration_query-len>
<Iteration_hits>
<Hit>
  <Hit_num>1</Hit_num>
  <Hit_id>gnl|BL_ORD_ID|12</Hit_id>
  <Hit_def>ASN73558.1 tailspike protein [Acinetobacter phage vB_ApiP_P2]</Hit_def>
  <Hit_accession>12</Hit_accession>
  <Hit_len>799</Hit_len>
  <Hit_hsps>
    <Hsp>
      <Hsp_num>1</Hsp_num>
      <Hsp_bit-score>18.4754</Hsp_bit-score>
      <Hsp_score>36</Hsp_score>
      <Hsp_evalue>3.33111</Hsp_evalue>
      <Hsp_query-from>68</Hsp_query-from>
      <Hsp_query-to>91</Hsp_query-to>
      <Hsp_hit-from>233</Hsp_hit-from>
      <Hsp_hit-to>256</Hsp_hit-to>
      <Hsp_query-frame>0</Hsp_query-frame>
      <Hsp_hit-frame>0</Hsp_hit-frame>
      <Hsp_identity>9</Hsp_identity>
      <Hsp_positive>12</Hsp_positive>
      <Hsp_gaps>0</Hsp_gaps>
      <Hsp_align-len>24</Hsp_align-len>
      <Hsp_qseq>DSGLMPDTKDVIRILQARIYEQLT</Hsp_qseq>
      <Hsp_hseq>DAGLKGDGTDTDVTSRLRTFAQLT</Hsp_hseq>
      <Hsp_midline>D+GL  D  D     + R + QLT</Hsp_midline>
    </Hsp>
  </Hit_hsps>
</Hit>
<Hit>
  <Hit_num>2</Hit_num>
  <Hit_id>gnl|BL_ORD_ID|6</Hit_id>
  <Hit_def>YP_001522890.1 putative tail fiber protein [Pseudomonas phage LKA1]</Hit_def>
  <Hit_accession>6</Hit_accession>
  <Hit_len>769</Hit_len>
  <Hit_hsps>
    <Hsp>
      <Hsp_num>1</Hsp_num>
      <Hsp_bit-score>18.0902</Hsp_bit-score>
      <Hsp_score>35</Hsp_score>
      <Hsp_evalue>3.61163</Hsp_evalue>
      <Hsp_query-from>57</Hsp_query-from>
      <Hsp_query-to>99</Hsp_query-to>
      <Hsp_hit-from>110</Hsp_hit-from>
      <Hsp_hit-to>152</Hsp_hit-to>
      <Hsp_query-frame>0</Hsp_query-frame>
      <Hsp_hit-frame>0</Hsp_hit-frame>
      <Hsp_identity>11</Hsp_identity>
      <Hsp_positive>19</Hsp_positive>
      <Hsp_gaps>0</Hsp_gaps>
      <Hsp_align-len>43</Hsp_align-len>
      <Hsp_qseq>MASEGIDLEFEDSGLMPDTKDVIRILQARIYEQLTIDLWEDAE</Hsp_qseq>
      <Hsp_hseq>IASEALSVAEEARGIAQAASDKVDAATIDSAHQLRLDLADPAK</Hsp_hseq>
      <Hsp_midline>+ASE + +  E  G+     D +         QL +DL + A+</Hsp_midline>
    </Hsp>
  </Hit_hsps>
</Hit>
<Hit>
  <Hit_num>3</Hit_num>
  <Hit_id>gnl|BL_ORD_ID|16</Hit_id>
  <Hit_def>sp|P23207|RBP5_BPT5 Receptor-binding protein pb5 OS=Escherichia phage T5 OX=2695836 GN=oad PE=1 SV=2</Hit_def>
  <Hit_accession>16</Hit_accession>
  <Hit_len>640</Hit_len>
  <Hit_hsps>
    <Hsp>
      <Hsp_num>1</Hsp_num>
      <Hsp_bit-score>18.0902</Hsp_bit-score>
      <Hsp_score>35</Hsp_score>
      <Hsp_evalue>4.1835</Hsp_evalue>
      <Hsp_query-from>17</Hsp_query-from>
      <Hsp_query-to>49</Hsp_query-to>
      <Hsp_hit-from>521</Hsp_hit-from>
      <Hsp_hit-to>560</Hsp_hit-to>
      <Hsp_query-frame>0</Hsp_query-frame>
      <Hsp_hit-frame>0</Hsp_hit-frame>
      <Hsp_identity>11</Hsp_identity>
      <Hsp_positive>15</Hsp_positive>
      <Hsp_gaps>7</Hsp_gaps>
      <Hsp_align-len>40</Hsp_align-len>
      <Hsp_qseq>EMLKENIRYDDIR-------DTDDLHDAIHMAADNAVPHY</Hsp_qseq>
      <Hsp_hseq>EMLSQGAEYGDSRFRIGGNTINKKLHQILSLPAGEYVPFF</Hsp_hseq>
      <Hsp_midline>EML +   Y D R           LH  + + A   VP +</Hsp_midline>
    </Hsp>
  </Hit_hsps>
</Hit>
<Hit>
  <Hit_num>4</Hit_num>
  <Hit_id>gnl|BL_ORD_ID|19</Hit_id>
  <Hit_def>sp|P10930|FIB12_BPT4 Short tail fiber protein gp12 OS=Enterobacteria phage T4 OX=10665 GN=12 PE=1 SV=3</Hit_def>
  <Hit_accession>19</Hit_accession>
  <Hit_len>527</Hit_len>
  <Hit_hsps>
    <Hsp>
      <Hsp_num>1</Hsp_num>
      <Hsp_bit-score>17.705</Hsp_bit-score>
      <Hsp_score>34</Hsp_score>
      <Hsp_evalue>4.9697</Hsp_evalue>
      <Hsp_query-from>3</Hsp_query-from>
      <Hsp_query-to>47</Hsp_query-to>
      <Hsp_hit-from>1</Hsp_hit-from>
      <Hsp_hit-to>48</Hsp_hit-to>
      <Hsp_query-frame>0</Hsp_query-frame>
      <Hsp_hit-frame>0</Hsp_hit-frame>
      <Hsp_identity>15</Hsp_identity>
      <Hsp_positive>22</Hsp_positive>
      <Hsp_gaps>13</Hsp_gaps>
      <Hsp_align-len>53</Hsp_align-len>
      <Hsp_qseq>MSNMTYNNVFDHAYEMLKENIRYD--------DIRDTDDLHDAIHMAADNAVP</Hsp_qseq>
      <Hsp_hseq>MSNNTYQHVSNES-----RYVKFDPTDTNFPPEITDVQAAIAAISPAGVNGVP</Hsp_hseq>
      <Hsp_midline>MSN TY +V + +       +++D        +I D      AI  A  N VP</Hsp_midline>
    </Hsp>
  </Hit_hsps>
</Hit>
<Hit>
  <Hit_num>5</Hit_num>
  <Hit_id>gnl|BL_ORD_ID|17</Hit_id>
  <Hit_def>tr|D9IEJ1|D9IEJ1_BPT4 Short tail fibers OS=Enterobacteria phage T4 OX=10665 GN=12 PE=4 SV=1</Hit_def>
  <Hit_accession>17</Hit_accession>
  <Hit_len>527</Hit_len>
  <Hit_hsps>
    <Hsp>
      <Hsp_num>1</Hsp_num>
      <Hsp_bit-score>17.705</Hsp_bit-score>
      <Hsp_score>34</Hsp_score>
      <Hsp_evalue>4.9697</Hsp_evalue>
      <Hsp_query-from>3</Hsp_query-from>
      <Hsp_query-to>47</Hsp_query-to>
      <Hsp_hit-from>1</Hsp_hit-from>
      <Hsp_hit-to>48</Hsp_hit-to>
      <Hsp_query-frame>0</Hsp_query-frame>
      <Hsp_hit-frame>0</Hsp_hit-frame>
      <Hsp_identity>15</Hsp_identity>
      <Hsp_positive>22</Hsp_positive>
      <Hsp_gaps>13</Hsp_gaps>
      <Hsp_align-len>53</Hsp_align-len>
      <Hsp_qseq>MSNMTYNNVFDHAYEMLKENIRYD--------DIRDTDDLHDAIHMAADNAVP</Hsp_qseq>
      <Hsp_hseq>MSNNTYQHVSNES-----RYVKFDPTDTNFPPEITDVQAAIAAISPAGVNGVP</Hsp_hseq>
      <Hsp_midline>MSN TY +V + +       +++D        +I D      AI  A  N VP</Hsp_midline>
    </Hsp>
  </Hit_hsps>
</Hit>
</Iteration_hits>
  <Iteration_stat>
    <Statistics>
      <Statistics_db-num>21</Statistics_db-num>
      <Statistics_db-len>15367</Statistics_db-len>
      <Statistics_hsp-len>45</Statistics_hsp-len>
      <Statistics_eff-space>1038384</Statistics_eff-space>
      <Statistics_kappa>0.041</Statistics_kappa>
      <Statistics_lambda>0.267</Statistics_lambda>
      <Statistics_entropy>0.14</Statistics_entropy>
    </Statistics>
  </Iteration_stat>
</Iteration>
<Iteration>
  <Iteration_iter-num>2</Iteration_iter-num>
  <Iteration_query-ID>Query_2</Iteration_query-ID>
  <Iteration_query-def>lcl|MZ375233.1_prot_QZB83344.1_2 [locus_tag=T710L_2] [protein=hypothetical protein] [protein_id=QZB83344.1] [location=1278..1433] [gbkey=CDS]</Iteration_query-def>
  <Iteration_query-len>51</Iteration_query-len>
<Iteration_hits>
<Hit>
  <Hit_num>1</Hit_num>
  <Hit_id>gnl|BL_ORD_ID|9</Hit_id>
  <Hit_def>NP_958190.1 tailspike protein [Shigella phage Sf6]</Hit_def>
  <Hit_accession>9</Hit_accession>
  <Hit_len>623</Hit_len>
  <Hit_hsps>
    <Hsp>
      <Hsp_num>1</Hsp_num>
      <Hsp_bit-score>16.9346</Hsp_bit-score>
      <Hsp_score>32</Hsp_score>
      <Hsp_evalue>2.52716</Hsp_evalue>
      <Hsp_query-from>36</Hsp_query-from>
      <Hsp_query-to>50</Hsp_query-to>
      <Hsp_hit-from>460</Hsp_hit-from>
      <Hsp_hit-to>474</Hsp_hit-to>
      <Hsp_query-frame>0</Hsp_query-frame>
      <Hsp_hit-frame>0</Hsp_hit-frame>
      <Hsp_identity>6</Hsp_identity>
      <Hsp_positive>10</Hsp_positive>
      <Hsp_gaps>0</Hsp_gaps>
      <Hsp_align-len>15</Hsp_align-len>
      <Hsp_qseq>KELYENNKAIALESA</Hsp_qseq>
      <Hsp_hseq>KNTAANNQSIAIEQS</Hsp_hseq>
      <Hsp_midline>K    NN++IA+E +</Hsp_midline>
    </Hsp>
  </Hit_hsps>
</Hit>
<Hit>
  <Hit_num>2</Hit_num>
  <Hit_id>gnl|BL_ORD_ID|12</Hit_id>
  <Hit_def>ASN73558.1 tailspike protein [Acinetobacter phage vB_ApiP_P2]</Hit_def>
  <Hit_accession>12</Hit_accession>
  <Hit_len>799</Hit_len>
  <Hit_hsps>
    <Hsp>
      <Hsp_num>1</Hsp_num>
      <Hsp_bit-score>16.5494</Hsp_bit-score>
      <Hsp_score>31</Hsp_score>
      <Hsp_evalue>3.15298</Hsp_evalue>
      <Hsp_query-from>1</Hsp_query-from>
      <Hsp_query-to>41</Hsp_query-to>
      <Hsp_hit-from>472</Hsp_hit-from>
      <Hsp_hit-to>513</Hsp_hit-to>
      <Hsp_query-frame>0</Hsp_query-frame>
      <Hsp_hit-frame>0</Hsp_hit-frame>
      <Hsp_identity>8</Hsp_identity>
      <Hsp_positive>18</Hsp_positive>
      <Hsp_gaps>1</Hsp_gaps>
      <Hsp_align-len>42</Hsp_align-len>
      <Hsp_qseq>MSTTNVQYGLTAQTVLFYSDMV-RCGFNWSLAMAQLKELYEN</Hsp_qseq>
      <Hsp_hseq>LTVNTNQTATKSERLKIYDNMVLRCASGYRYSGTWYADFYDN</Hsp_hseq>
      <Hsp_midline>++    Q    ++ +  Y +MV RC   +  +     + Y+N</Hsp_midline>
    </Hsp>
  </Hit_hsps>
</Hit>
<Hit>
  <Hit_num>3</Hit_num>
  <Hit_id>gnl|BL_ORD_ID|5</Hit_id>
  <Hit_def>ARV77571.1 tail fiber protein [Pasteurella phage vB_PmuP_PHB02]</Hit_def>
  <Hit_accession>5</Hit_accession>
  <Hit_len>968</Hit_len>
  <Hit_hsps>
    <Hsp>
      <Hsp_num>1</Hsp_num>
      <Hsp_bit-score>15.779</Hsp_bit-score>
      <Hsp_score>29</Hsp_score>
      <Hsp_evalue>7.37314</Hsp_evalue>
      <Hsp_query-from>37</Hsp_query-from>
      <Hsp_query-to>44</Hsp_query-to>
      <Hsp_hit-from>747</Hsp_hit-from>
      <Hsp_hit-to>754</Hsp_hit-to>
      <Hsp_query-frame>0</Hsp_query-frame>
      <Hsp_hit-frame>0</Hsp_hit-frame>
      <Hsp_identity>5</Hsp_identity>
      <Hsp_positive>7</Hsp_positive>
      <Hsp_gaps>0</Hsp_gaps>
      <Hsp_align-len>8</Hsp_align-len>
      <Hsp_qseq>ELYENNKA</Hsp_qseq>
      <Hsp_hseq>ELFDENKA</Hsp_hseq>
      <Hsp_midline>EL++ NKA</Hsp_midline>
    </Hsp>
  </Hit_hsps>
</Hit>
</Iteration_hits>
  <Iteration_stat>
    <Statistics>
      <Statistics_db-num>21</Statistics_db-num>
      <Statistics_db-len>15367</Statistics_db-len>
      <Statistics_hsp-len>25</Statistics_hsp-len>
      <Statistics_eff-space>385892</Statistics_eff-space>
      <Statistics_kappa>0.041</Statistics_kappa>
      <Statistics_lambda>0.267</Statistics_lambda>
      <Statistics_entropy>0.14</Statistics_entropy>
    </Statistics>
  </Iteration_stat>
</Iteration>
<Iteration>
  <Iteration_iter-num>3</Iteration_iter-num>
  <Iteration_query-ID>Query_3</Iteration_query-ID>
  <Iteration_query-def>lcl|MZ375233.1_prot_QZB83345.1_3 [locus_tag=T710L_3] [protein=hypothetical protein] [protein_id=QZB83345.1] [location=1430..1639] [gbkey=CDS]</Iteration_query-def>
  <Iteration_query-len>69</Iteration_query-len>
<Iteration_hits>
<Hit>
  <Hit_num>1</Hit_num>
  <Hit_id>gnl|BL_ORD_ID|9</Hit_id>
  <Hit_def>NP_958190.1 tailspike protein [Shigella phage Sf6]</Hit_def>
  <Hit_accession>9</Hit_accession>
  <Hit_len>623</Hit_len>
  <Hit_hsps>
    <Hsp>
      <Hsp_num>1</Hsp_num>
      <Hsp_bit-score>18.0902</Hsp_bit-score>
      <Hsp_score>35</Hsp_score>
      <Hsp_evalue>1.43558</Hsp_evalue>
      <Hsp_query-from>18</Hsp_query-from>
      <Hsp_query-to>45</Hsp_query-to>
      <Hsp_hit-from>542</Hsp_hit-from>
      <Hsp_hit-to>569</Hsp_hit-to>
      <Hsp_query-frame>0</Hsp_query-frame>
      <Hsp_hit-frame>0</Hsp_hit-frame>
      <Hsp_identity>9</Hsp_identity>
      <Hsp_positive>16</Hsp_positive>
      <Hsp_gaps>0</Hsp_gaps>
      <Hsp_align-len>28</Hsp_align-len>
      <Hsp_qseq>TYEGVMYMLTIGLLTALGLAVGASFGKA</Hsp_qseq>
      <Hsp_hseq>TYRGCSGVPSVNGIINVPVAVGATSGSA</Hsp_hseq>
      <Hsp_midline>TY G   + ++  +  + +AVGA+ G A</Hsp_midline>
    </Hsp>
  </Hit_hsps>
</Hit>
<Hit>
  <Hit_num>2</Hit_num>
  <Hit_id>gnl|BL_ORD_ID|1</Hit_id>
  <Hit_def>YP_009103257.1 putative tail fiber [Acinetobacter phage vB_AbaP_Acibel007]</Hit_def>
  <Hit_accession>1</Hit_accession>
  <Hit_len>724</Hit_len>
  <Hit_hsps>
    <Hsp>
      <Hsp_num>1</Hsp_num>
      <Hsp_bit-score>18.0902</Hsp_bit-score>
      <Hsp_score>35</Hsp_score>
      <Hsp_evalue>1.62527</Hsp_evalue>
      <Hsp_query-from>1</Hsp_query-from>
      <Hsp_query-to>15</Hsp_query-to>
      <Hsp_hit-from>603</Hsp_hit-from>
      <Hsp_hit-to>617</Hsp_hit-to>
      <Hsp_query-frame>0</Hsp_query-frame>
      <Hsp_hit-frame>0</Hsp_hit-frame>
      <Hsp_identity>6</Hsp_identity>
      <Hsp_positive>12</Hsp_positive>
      <Hsp_gaps>0</Hsp_gaps>
      <Hsp_align-len>15</Hsp_align-len>
      <Hsp_qseq>MIDSRSLLASGLYDY</Hsp_qseq>
      <Hsp_hseq>LVDLGSVVASGIIEY</Hsp_hseq>
      <Hsp_midline>++D  S++ASG+ +Y</Hsp_midline>
    </Hsp>
  </Hit_hsps>
</Hit>
<Hit>
  <Hit_num>3</Hit_num>
  <Hit_id>gnl|BL_ORD_ID|8</Hit_id>
  <Hit_def>NP_112090.1 tailspike protein [Enterobacteria phage HK620]</Hit_def>
  <Hit_accession>8</Hit_accession>
  <Hit_len>710</Hit_len>
  <Hit_hsps>
    <Hsp>
      <Hsp_num>1</Hsp_num>
      <Hsp_bit-score>16.5494</Hsp_bit-score>
      <Hsp_score>31</Hsp_score>
      <Hsp_evalue>5.16011</Hsp_evalue>
      <Hsp_query-from>29</Hsp_query-from>
      <Hsp_query-to>62</Hsp_query-to>
      <Hsp_hit-from>268</Hsp_hit-from>
      <Hsp_hit-to>300</Hsp_hit-to>
      <Hsp_query-frame>0</Hsp_query-frame>
      <Hsp_hit-frame>0</Hsp_hit-frame>
      <Hsp_identity>12</Hsp_identity>
      <Hsp_positive>16</Hsp_positive>
      <Hsp_gaps>1</Hsp_gaps>
      <Hsp_align-len>34</Hsp_align-len>
      <Hsp_qseq>GLLTALGLAVGASFGKALGVAVGSYFTACIIIGI</Hsp_qseq>
      <Hsp_hseq>GVVDFGGYEFGASSQLRNGVAFGRSYN-CSVTGI</Hsp_hseq>
      <Hsp_midline>G++   G   GAS     GVA G  +  C + GI</Hsp_midline>
    </Hsp>
  </Hit_hsps>
</Hit>
<Hit>
  <Hit_num>4</Hit_num>
  <Hit_id>gnl|BL_ORD_ID|15</Hit_id>
  <Hit_def>BBF66844.1 tail spike protein [Klebsiella phage KN1-1]</Hit_def>
  <Hit_accession>15</Hit_accession>
  <Hit_len>820</Hit_len>
  <Hit_hsps>
    <Hsp>
      <Hsp_num>1</Hsp_num>
      <Hsp_bit-score>16.1642</Hsp_bit-score>
      <Hsp_score>30</Hsp_score>
      <Hsp_evalue>8.2231</Hsp_evalue>
      <Hsp_query-from>51</Hsp_query-from>
      <Hsp_query-to>62</Hsp_query-to>
      <Hsp_hit-from>803</Hsp_hit-from>
      <Hsp_hit-to>814</Hsp_hit-to>
      <Hsp_query-frame>0</Hsp_query-frame>
      <Hsp_hit-frame>0</Hsp_hit-frame>
      <Hsp_identity>6</Hsp_identity>
      <Hsp_positive>8</Hsp_positive>
      <Hsp_gaps>0</Hsp_gaps>
      <Hsp_align-len>12</Hsp_align-len>
      <Hsp_qseq>GSYFTACIIIGI</Hsp_qseq>
      <Hsp_hseq>GTYNNVVLIIGI</Hsp_hseq>
      <Hsp_midline>G+Y    +IIGI</Hsp_midline>
    </Hsp>
  </Hit_hsps>
</Hit>
</Iteration_hits>
  <Iteration_stat>
    <Statistics>
      <Statistics_db-num>21</Statistics_db-num>
      <Statistics_db-len>15367</Statistics_db-len>
      <Statistics_hsp-len>39</Statistics_hsp-len>
      <Statistics_eff-space>436440</Statistics_eff-space>
      <Statistics_kappa>0.041</Statistics_kappa>
      <Statistics_lambda>0.267</Statistics_lambda>
      <Statistics_entropy>0.14</Statistics_entropy>
    </Statistics>
  </Iteration_stat>
</Iteration>
<Iteration>
  <Iteration_iter-num>4</Iteration_iter-num>
  <Iteration_query-ID>Query_4</Iteration_query-ID>
  <Iteration_query-def>lcl|MZ375233.1_prot_QZB83346.1_4 [locus_tag=T710L_4] [protein=hypothetical protein] [protein_id=QZB83346.1] [location=1781..1999] [gbkey=CDS]</Iteration_query-def>
  <Iteration_query-len>72</Iteration_query-len>
<Iteration_hits>
<Hit>
  <Hit_num>1</Hit_num>
  <Hit_id>gnl|BL_ORD_ID|1</Hit_id>
  <Hit_def>YP_009103257.1 putative tail fiber [Acinetobacter phage vB_AbaP_Acibel007]</Hit_def>
  <Hit_accession>1</Hit_accession>
  <Hit_len>724</Hit_len>
  <Hit_hsps>
    <Hsp>
      <Hsp_num>1</Hsp_num>
      <Hsp_bit-score>17.705</Hsp_bit-score>
      <Hsp_score>34</Hsp_score>
      <Hsp_evalue>2.1085</Hsp_evalue>
      <Hsp_query-from>20</Hsp_query-from>
      <Hsp_query-to>36</Hsp_query-to>
      <Hsp_hit-from>64</Hsp_hit-from>
      <Hsp_hit-to>80</Hsp_hit-to>
      <Hsp_query-frame>0</Hsp_query-frame>
      <Hsp_hit-frame>0</Hsp_hit-frame>
      <Hsp_identity>7</Hsp_identity>
      <Hsp_positive>10</Hsp_positive>
      <Hsp_gaps>0</Hsp_gaps>
      <Hsp_align-len>17</Hsp_align-len>
      <Hsp_qseq>AANRRIVRTWRENNLER</Hsp_qseq>
      <Hsp_hseq>AVTSGIVRLQRETNIDK</Hsp_hseq>
      <Hsp_midline>A    IVR  RE N+++</Hsp_midline>
    </Hsp>
    <Hsp>
      <Hsp_num>2</Hsp_num>
      <Hsp_bit-score>17.3198</Hsp_bit-score>
      <Hsp_score>33</Hsp_score>
      <Hsp_evalue>3.8383</Hsp_evalue>
      <Hsp_query-from>1</Hsp_query-from>
      <Hsp_query-to>23</Hsp_query-to>
      <Hsp_hit-from>248</Hsp_hit-from>
      <Hsp_hit-to>270</Hsp_hit-to>
      <Hsp_query-frame>0</Hsp_query-frame>
      <Hsp_hit-frame>0</Hsp_hit-frame>
      <Hsp_identity>11</Hsp_identity>
      <Hsp_positive>14</Hsp_positive>
      <Hsp_gaps>2</Hsp_gaps>
      <Hsp_align-len>24</Hsp_align-len>
      <Hsp_qseq>MTERTDGLKKG-YMPNGTLYAANR</Hsp_qseq>
      <Hsp_hseq>VTDYCLGLRKCIYAPRGT-YVFNR</Hsp_hseq>
      <Hsp_midline>+T+   GL+K  Y P GT Y  NR</Hsp_midline>
    </Hsp>
  </Hit_hsps>
</Hit>
<Hit>
  <Hit_num>2</Hit_num>
  <Hit_id>gnl|BL_ORD_ID|15</Hit_id>
  <Hit_def>BBF66844.1 tail spike protein [Klebsiella phage KN1-1]</Hit_def>
  <Hit_accession>15</Hit_accession>
  <Hit_len>820</Hit_len>
  <Hit_hsps>
    <Hsp>
      <Hsp_num>1</Hsp_num>
      <Hsp_bit-score>17.705</Hsp_bit-score>
      <Hsp_score>34</Hsp_score>
      <Hsp_evalue>2.7063</Hsp_evalue>
      <Hsp_query-from>15</Hsp_query-from>
      <Hsp_query-to>37</Hsp_query-to>
      <Hsp_hit-from>630</Hsp_hit-from>
      <Hsp_hit-to>652</Hsp_hit-to>
      <Hsp_query-frame>0</Hsp_query-frame>
      <Hsp_hit-frame>0</Hsp_hit-frame>
      <Hsp_identity>6</Hsp_identity>
      <Hsp_positive>10</Hsp_positive>
      <Hsp_gaps>0</Hsp_gaps>
      <Hsp_align-len>23</Hsp_align-len>
      <Hsp_qseq>NGTLYAANRRIVRTWRENNLERR</Hsp_qseq>
      <Hsp_hseq>NAVVATGAGQIFESWTTTNAQRR</Hsp_hseq>
      <Hsp_midline>N  +     +I  +W   N +RR</Hsp_midline>
    </Hsp>
  </Hit_hsps>
</Hit>
<Hit>
  <Hit_num>3</Hit_num>
  <Hit_id>gnl|BL_ORD_ID|5</Hit_id>
  <Hit_def>ARV77571.1 tail fiber protein [Pasteurella phage vB_PmuP_PHB02]</Hit_def>
  <Hit_accession>5</Hit_accession>
  <Hit_len>968</Hit_len>
  <Hit_hsps>
    <Hsp>
      <Hsp_num>1</Hsp_num>
      <Hsp_bit-score>17.3198</Hsp_bit-score>
      <Hsp_score>33</Hsp_score>
      <Hsp_evalue>3.47402</Hsp_evalue>
      <Hsp_query-from>15</Hsp_query-from>
      <Hsp_query-to>32</Hsp_query-to>
      <Hsp_hit-from>426</Hsp_hit-from>
      <Hsp_hit-to>448</Hsp_hit-to>
      <Hsp_query-frame>0</Hsp_query-frame>
      <Hsp_hit-frame>0</Hsp_hit-frame>
      <Hsp_identity>11</Hsp_identity>
      <Hsp_positive>14</Hsp_positive>
      <Hsp_gaps>5</Hsp_gaps>
      <Hsp_align-len>23</Hsp_align-len>
      <Hsp_qseq>NGTLYA----ANR-RIVRTWREN</Hsp_qseq>
      <Hsp_hseq>NGKLYAKTAPANKSKPIITWAEN</Hsp_hseq>
      <Hsp_midline>NG LYA    AN+ + + TW EN</Hsp_midline>
    </Hsp>
  </Hit_hsps>
</Hit>
<Hit>
  <Hit_num>4</Hit_num>
  <Hit_id>gnl|BL_ORD_ID|12</Hit_id>
  <Hit_def>ASN73558.1 tailspike protein [Acinetobacter phage vB_ApiP_P2]</Hit_def>
  <Hit_accession>12</Hit_accession>
  <Hit_len>799</Hit_len>
  <Hit_hsps>
    <Hsp>
      <Hsp_num>1</Hsp_num>
      <Hsp_bit-score>16.1642</Hsp_bit-score>
      <Hsp_score>30</Hsp_score>
      <Hsp_evalue>8.66128</Hsp_evalue>
      <Hsp_query-from>11</Hsp_query-from>
      <Hsp_query-to>20</Hsp_query-to>
      <Hsp_hit-from>499</Hsp_hit-from>
      <Hsp_hit-to>508</Hsp_hit-to>
      <Hsp_query-frame>0</Hsp_query-frame>
      <Hsp_hit-frame>0</Hsp_hit-frame>
      <Hsp_identity>6</Hsp_identity>
      <Hsp_positive>7</Hsp_positive>
      <Hsp_gaps>0</Hsp_gaps>
      <Hsp_align-len>10</Hsp_align-len>
      <Hsp_qseq>GYMPNGTLYA</Hsp_qseq>
      <Hsp_hseq>GYRYSGTWYA</Hsp_hseq>
      <Hsp_midline>GY  +GT YA</Hsp_midline>
    </Hsp>
  </Hit_hsps>
</Hit>
<Hit>
  <Hit_num>5</Hit_num>
  <Hit_id>gnl|BL_ORD_ID|20</Hit_id>
  <Hit_def>YP_008532047.1 putative tail fiber protein [Taipeivirus 0507KN21]</Hit_def>
  <Hit_accession>20</Hit_accession>
  <Hit_len>1245</Hit_len>
  <Hit_hsps>
    <Hsp>
      <Hsp_num>1</Hsp_num>
      <Hsp_bit-score>16.1642</Hsp_bit-score>
      <Hsp_score>30</Hsp_score>
      <Hsp_evalue>9.63933</Hsp_evalue>
      <Hsp_query-from>21</Hsp_query-from>
      <Hsp_query-to>43</Hsp_query-to>
      <Hsp_hit-from>354</Hsp_hit-from>
      <Hsp_hit-to>376</Hsp_hit-to>
      <Hsp_query-frame>0</Hsp_query-frame>
      <Hsp_hit-frame>0</Hsp_hit-frame>
      <Hsp_identity>9</Hsp_identity>
      <Hsp_positive>12</Hsp_positive>
      <Hsp_gaps>0</Hsp_gaps>
      <Hsp_align-len>23</Hsp_align-len>
      <Hsp_qseq>ANRRIVRTWRENNLERRKEQERA</Hsp_qseq>
      <Hsp_hseq>SNRQEVTGVYMNAIERGIEDVRA</Hsp_hseq>
      <Hsp_midline>+NR+ V     N +ER  E  RA</Hsp_midline>
    </Hsp>
  </Hit_hsps>
</Hit>
</Iteration_hits>
  <Iteration_stat>
    <Statistics>
      <Statistics_db-num>21</Statistics_db-num>
      <Statistics_db-len>15367</Statistics_db-len>
      <Statistics_hsp-len>40</Statistics_hsp-len>
      <Statistics_eff-space>464864</Statistics_eff-space>
      <Statistics_kappa>0.041</Statistics_kappa>
      <Statistics_lambda>0.267</Statistics_lambda>
      <Statistics_entropy>0.14</Statistics_entropy>
    </Statistics>
  </Iteration_stat>
</Iteration>
<Iteration>
  <Iteration_iter-num>5</Iteration_iter-num>
  <Iteration_query-ID>Query_5</Iteration_query-ID>
  <Iteration_query-def>lcl|MZ375233.1_prot_QZB83347.1_5 [locus_tag=T710L_6] [protein=protein kinase] [protein_id=QZB83347.1] [location=2022..3101] [gbkey=CDS]</Iteration_query-def>
  <Iteration_query-len>359</Iteration_query-len>
<Iteration_hits>
<Hit>
  <Hit_num>1</Hit_num>
  <Hit_id>gnl|BL_ORD_ID|1</Hit_id>
  <Hit_def>YP_009103257.1 putative tail fiber [Acinetobacter phage vB_AbaP_Acibel007]</Hit_def>
  <Hit_accession>1</Hit_accession>
  <Hit_len>724</Hit_len>
  <Hit_hsps>
    <Hsp>
      <Hsp_num>1</Hsp_num>
      <Hsp_bit-score>24.2534</Hsp_bit-score>
      <Hsp_score>51</Hsp_score>
      <Hsp_evalue>0.22562</Hsp_evalue>
      <Hsp_query-from>162</Hsp_query-from>
      <Hsp_query-to>206</Hsp_query-to>
      <Hsp_hit-from>443</Hsp_hit-from>
      <Hsp_hit-to>486</Hsp_hit-to>
      <Hsp_query-frame>0</Hsp_query-frame>
      <Hsp_hit-frame>0</Hsp_hit-frame>
      <Hsp_identity>12</Hsp_identity>
      <Hsp_positive>18</Hsp_positive>
      <Hsp_gaps>1</Hsp_gaps>
      <Hsp_align-len>45</Hsp_align-len>
      <Hsp_qseq>CNSDEHDELTGWDGEFVETCKLIRKFFEGIASFDMHSGNIMFSNG</Hsp_qseq>
      <Hsp_hseq>CKSGDTNRFTTWDGEGCGATP-TNNTFGAILGLPLNPDNVALTNG</Hsp_hseq>
      <Hsp_midline>C S + +  T WDGE           F  I    ++  N+  +NG</Hsp_midline>
    </Hsp>
  </Hit_hsps>
</Hit>
<Hit>
  <Hit_num>2</Hit_num>
  <Hit_id>gnl|BL_ORD_ID|2</Hit_id>
  <Hit_def>ASN73401.1 tail fiber protein [Acinetobacter phage vB_AbaP_B3]</Hit_def>
  <Hit_accession>2</Hit_accession>
  <Hit_len>699</Hit_len>
  <Hit_hsps>
    <Hsp>
      <Hsp_num>1</Hsp_num>
      <Hsp_bit-score>23.0978</Hsp_bit-score>
      <Hsp_score>48</Hsp_score>
      <Hsp_evalue>0.464231</Hsp_evalue>
      <Hsp_query-from>62</Hsp_query-from>
      <Hsp_query-to>107</Hsp_query-to>
      <Hsp_hit-from>517</Hsp_hit-from>
      <Hsp_hit-to>562</Hsp_hit-to>
      <Hsp_query-frame>0</Hsp_query-frame>
      <Hsp_hit-frame>0</Hsp_hit-frame>
      <Hsp_identity>19</Hsp_identity>
      <Hsp_positive>24</Hsp_positive>
      <Hsp_gaps>10</Hsp_gaps>
      <Hsp_align-len>51</Hsp_align-len>
      <Hsp_qseq>KCLTADAGFKMLGNG-----HFSAAYSHPLLPNRVIKVGFKKEDSGAAYTA</Hsp_qseq>
      <Hsp_hseq>KMLMLPSGFKT-GNATIDETHISSSTVTPLVKRRVIGA----DSSGAQYLA</Hsp_hseq>
      <Hsp_midline>K L   +GFK  GN      H S++   PL+  RVI      + SGA Y A</Hsp_midline>
    </Hsp>
  </Hit_hsps>
</Hit>
<Hit>
  <Hit_num>3</Hit_num>
  <Hit_id>gnl|BL_ORD_ID|9</Hit_id>
  <Hit_def>NP_958190.1 tailspike protein [Shigella phage Sf6]</Hit_def>
  <Hit_accession>9</Hit_accession>
  <Hit_len>623</Hit_len>
  <Hit_hsps>
    <Hsp>
      <Hsp_num>1</Hsp_num>
      <Hsp_bit-score>21.9422</Hsp_bit-score>
      <Hsp_score>45</Hsp_score>
      <Hsp_evalue>0.956312</Hsp_evalue>
      <Hsp_query-from>2</Hsp_query-from>
      <Hsp_query-to>17</Hsp_query-to>
      <Hsp_hit-from>176</Hsp_hit-from>
      <Hsp_hit-to>191</Hsp_hit-to>
      <Hsp_query-frame>0</Hsp_query-frame>
      <Hsp_hit-frame>0</Hsp_hit-frame>
      <Hsp_identity>9</Hsp_identity>
      <Hsp_positive>11</Hsp_positive>
      <Hsp_gaps>0</Hsp_gaps>
      <Hsp_align-len>16</Hsp_align-len>
      <Hsp_qseq>NITDIMNAIDAIKALP</Hsp_qseq>
      <Hsp_hseq>NYQAIQNAIDAVASLP</Hsp_hseq>
      <Hsp_midline>N   I NAIDA+ +LP</Hsp_midline>
    </Hsp>
  </Hit_hsps>
</Hit>
<Hit>
  <Hit_num>4</Hit_num>
  <Hit_id>gnl|BL_ORD_ID|20</Hit_id>
  <Hit_def>YP_008532047.1 putative tail fiber protein [Taipeivirus 0507KN21]</Hit_def>
  <Hit_accession>20</Hit_accession>
  <Hit_len>1245</Hit_len>
  <Hit_hsps>
    <Hsp>
      <Hsp_num>1</Hsp_num>
      <Hsp_bit-score>20.0162</Hsp_bit-score>
      <Hsp_score>40</Hsp_score>
      <Hsp_evalue>4.95348</Hsp_evalue>
      <Hsp_query-from>129</Hsp_query-from>
      <Hsp_query-to>157</Hsp_query-to>
      <Hsp_hit-from>489</Hsp_hit-from>
      <Hsp_hit-to>517</Hsp_hit-to>
      <Hsp_query-frame>0</Hsp_query-frame>
      <Hsp_hit-frame>0</Hsp_hit-frame>
      <Hsp_identity>10</Hsp_identity>
      <Hsp_positive>14</Hsp_positive>
      <Hsp_gaps>0</Hsp_gaps>
      <Hsp_align-len>29</Hsp_align-len>
      <Hsp_qseq>GCYTVVLDALKDCERFNNDAHYKYAEIAS</Hsp_qseq>
      <Hsp_hseq>GCRYLYLRVLSNWARFDNCKFGTYANWSS</Hsp_hseq>
      <Hsp_midline>GC  + L  L +  RF+N     YA  +S</Hsp_midline>
    </Hsp>
  </Hit_hsps>
</Hit>
<Hit>
  <Hit_num>5</Hit_num>
  <Hit_id>gnl|BL_ORD_ID|13</Hit_id>
  <Hit_def>ASN73353.1 tailspike protein [Acinetobacter phage vB_AbaP_B1]</Hit_def>
  <Hit_accession>13</Hit_accession>
  <Hit_len>760</Hit_len>
  <Hit_hsps>
    <Hsp>
      <Hsp_num>1</Hsp_num>
      <Hsp_bit-score>19.2458</Hsp_bit-score>
      <Hsp_score>38</Hsp_score>
      <Hsp_evalue>8.31281</Hsp_evalue>
      <Hsp_query-from>190</Hsp_query-from>
      <Hsp_query-to>213</Hsp_query-to>
      <Hsp_hit-from>498</Hsp_hit-from>
      <Hsp_hit-to>521</Hsp_hit-to>
      <Hsp_query-frame>0</Hsp_query-frame>
      <Hsp_hit-frame>0</Hsp_hit-frame>
      <Hsp_identity>10</Hsp_identity>
      <Hsp_positive>12</Hsp_positive>
      <Hsp_gaps>0</Hsp_gaps>
      <Hsp_align-len>24</Hsp_align-len>
      <Hsp_qseq>GIASFDMHSGNIMFSNGDVPYITD</Hsp_qseq>
      <Hsp_hseq>GYASGLVISGNTFSGNGAIPDFVD</Hsp_hseq>
      <Hsp_midline>G AS  + SGN    NG +P   D</Hsp_midline>
    </Hsp>
  </Hit_hsps>
</Hit>
<Hit>
  <Hit_num>6</Hit_num>
  <Hit_id>gnl|BL_ORD_ID|17</Hit_id>
  <Hit_def>tr|D9IEJ1|D9IEJ1_BPT4 Short tail fibers OS=Enterobacteria phage T4 OX=10665 GN=12 PE=4 SV=1</Hit_def>
  <Hit_accession>17</Hit_accession>
  <Hit_len>527</Hit_len>
  <Hit_hsps>
    <Hsp>
      <Hsp_num>1</Hsp_num>
      <Hsp_bit-score>18.8606</Hsp_bit-score>
      <Hsp_score>37</Hsp_score>
      <Hsp_evalue>8.60042</Hsp_evalue>
      <Hsp_query-from>3</Hsp_query-from>
      <Hsp_query-to>43</Hsp_query-to>
      <Hsp_hit-from>29</Hsp_hit-from>
      <Hsp_hit-to>69</Hsp_hit-to>
      <Hsp_query-frame>0</Hsp_query-frame>
      <Hsp_hit-frame>0</Hsp_hit-frame>
      <Hsp_identity>11</Hsp_identity>
      <Hsp_positive>15</Hsp_positive>
      <Hsp_gaps>0</Hsp_gaps>
      <Hsp_align-len>41</Hsp_align-len>
      <Hsp_qseq>ITDIMNAIDAIKALPICELDKRQGMLIDLLVEMVNSETCDG</Hsp_qseq>
      <Hsp_hseq>ITDVQAAIAAISPAGVNGVPDASSTTKGILFLATEQEVIDG</Hsp_hseq>
      <Hsp_midline>ITD+  AI AI    +  +         +L      E  DG</Hsp_midline>
    </Hsp>
  </Hit_hsps>
</Hit>
<Hit>
  <Hit_num>7</Hit_num>
  <Hit_id>gnl|BL_ORD_ID|18</Hit_id>
  <Hit_def>YP_009909776.1 minor tail U family protein [Enterobacteria phage O276]</Hit_def>
  <Hit_accession>18</Hit_accession>
  <Hit_len>131</Hit_len>
  <Hit_hsps>
    <Hsp>
      <Hsp_num>1</Hsp_num>
      <Hsp_bit-score>18.4754</Hsp_bit-score>
      <Hsp_score>36</Hsp_score>
      <Hsp_evalue>9.5725</Hsp_evalue>
      <Hsp_query-from>95</Hsp_query-from>
      <Hsp_query-to>118</Hsp_query-to>
      <Hsp_hit-from>13</Hsp_hit-from>
      <Hsp_hit-to>30</Hsp_hit-to>
      <Hsp_query-frame>0</Hsp_query-frame>
      <Hsp_hit-frame>0</Hsp_hit-frame>
      <Hsp_identity>7</Hsp_identity>
      <Hsp_positive>12</Hsp_positive>
      <Hsp_gaps>6</Hsp_gaps>
      <Hsp_align-len>24</Hsp_align-len>
      <Hsp_qseq>GFKKEDSGAAYTAFCRMYQGRPGI</Hsp_qseq>
      <Hsp_hseq>ALEKHDTGATF------FDGRPAV</Hsp_hseq>
      <Hsp_midline>  +K D+GA +      + GRP +</Hsp_midline>
    </Hsp>
  </Hit_hsps>
</Hit>
<Hit>
  <Hit_num>8</Hit_num>
  <Hit_id>gnl|BL_ORD_ID|3</Hit_id>
  <Hit_def>YP_009006536.1 tail fiber protein [Acinetobacter phage Petty]</Hit_def>
  <Hit_accession>3</Hit_accession>
  <Hit_len>918</Hit_len>
  <Hit_hsps>
    <Hsp>
      <Hsp_num>1</Hsp_num>
      <Hsp_bit-score>18.8606</Hsp_bit-score>
      <Hsp_score>37</Hsp_score>
      <Hsp_evalue>9.80246</Hsp_evalue>
      <Hsp_query-from>156</Hsp_query-from>
      <Hsp_query-to>172</Hsp_query-to>
      <Hsp_hit-from>251</Hsp_hit-from>
      <Hsp_hit-to>267</Hsp_hit-to>
      <Hsp_query-frame>0</Hsp_query-frame>
      <Hsp_hit-frame>0</Hsp_hit-frame>
      <Hsp_identity>7</Hsp_identity>
      <Hsp_positive>12</Hsp_positive>
      <Hsp_gaps>0</Hsp_gaps>
      <Hsp_align-len>17</Hsp_align-len>
      <Hsp_qseq>ASDIIDCNSDEHDELTG</Hsp_qseq>
      <Hsp_hseq>ASFVVDGNINQHERNTG</Hsp_hseq>
      <Hsp_midline>AS ++D N ++H+  TG</Hsp_midline>
    </Hsp>
  </Hit_hsps>
</Hit>
<Hit>
  <Hit_num>9</Hit_num>
  <Hit_id>gnl|BL_ORD_ID|5</Hit_id>
  <Hit_def>ARV77571.1 tail fiber protein [Pasteurella phage vB_PmuP_PHB02]</Hit_def>
  <Hit_accession>5</Hit_accession>
  <Hit_len>968</Hit_len>
  <Hit_hsps>
    <Hsp>
      <Hsp_num>1</Hsp_num>
      <Hsp_bit-score>18.8606</Hsp_bit-score>
      <Hsp_score>37</Hsp_score>
      <Hsp_evalue>9.99671</Hsp_evalue>
      <Hsp_query-from>330</Hsp_query-from>
      <Hsp_query-to>355</Hsp_query-to>
      <Hsp_hit-from>89</Hsp_hit-from>
      <Hsp_hit-to>114</Hsp_hit-to>
      <Hsp_query-frame>0</Hsp_query-frame>
      <Hsp_hit-frame>0</Hsp_hit-frame>
      <Hsp_identity>11</Hsp_identity>
      <Hsp_positive>13</Hsp_positive>
      <Hsp_gaps>0</Hsp_gaps>
      <Hsp_align-len>26</Hsp_align-len>
      <Hsp_qseq>ALHWRNADRMAIANGLTLNIDKQLDA</Hsp_qseq>
      <Hsp_hseq>ALHIAEEARGLAADTLGVNDDGHLDA</Hsp_hseq>
      <Hsp_midline>ALH     R   A+ L +N D  LDA</Hsp_midline>
    </Hsp>
  </Hit_hsps>
</Hit>
</Iteration_hits>
  <Iteration_stat>
    <Statistics>
      <Statistics_db-num>21</Statistics_db-num>
      <Statistics_db-len>15367</Statistics_db-len>
      <Statistics_hsp-len>55</Statistics_hsp-len>
      <Statistics_eff-space>4320448</Statistics_eff-space>
      <Statistics_kappa>0.041</Statistics_kappa>
      <Statistics_lambda>0.267</Statistics_lambda>
      <Statistics_entropy>0.14</Statistics_entropy>
    </Statistics>
  </Iteration_stat>
</Iteration>
<Iteration>
  <Iteration_iter-num>6</Iteration_iter-num>
  <Iteration_query-ID>Query_6</Iteration_query-ID>
  <Iteration_query-def>lcl|MZ375233.1_prot_QZB83348.1_6 [locus_tag=T710L_7] [protein=RNA polymerase] [protein_id=QZB83348.1] [location=3172..5823] [gbkey=CDS]</Iteration_query-def>
  <Iteration_query-len>883</Iteration_query-len>
<Iteration_hits>
<Hit>
  <Hit_num>1</Hit_num>
  <Hit_id>gnl|BL_ORD_ID|9</Hit_id>
  <Hit_def>NP_958190.1 tailspike protein [Shigella phage Sf6]</Hit_def>
  <Hit_accession>9</Hit_accession>
  <Hit_len>623</Hit_len>
  <Hit_hsps>
    <Hsp>
      <Hsp_num>1</Hsp_num>
      <Hsp_bit-score>22.7126</Hsp_bit-score>
      <Hsp_score>47</Hsp_score>
      <Hsp_evalue>1.71071</Hsp_evalue>
      <Hsp_query-from>643</Hsp_query-from>
      <Hsp_query-to>720</Hsp_query-to>
      <Hsp_hit-from>165</Hsp_hit-from>
      <Hsp_hit-to>242</Hsp_hit-to>
      <Hsp_query-frame>0</Hsp_query-frame>
      <Hsp_hit-frame>0</Hsp_hit-frame>
      <Hsp_identity>25</Hsp_identity>
      <Hsp_positive>35</Hsp_positive>
      <Hsp_gaps>18</Hsp_gaps>
      <Hsp_align-len>87</Hsp_align-len>
      <Hsp_qseq>EFGFRQQVLEDT---IQPAID------SGKGLMFTQPNQAAGYMAKLIWESVSVTVVAAVEAMNWLKSAAKLLAAEVKDKKTGEILR</Hsp_qseq>
      <Hsp_hseq>DFGVIDDGVTDNYQAIQNAIDAVASLPSGGELFIPASNQAVGYIVG------STLLIPGGVNIRGVGKASQLRA---KSGLTGSVLR</Hsp_hseq>
      <Hsp_midline>+FG     + D    IQ AID      SG  L     NQA GY+        S  ++     +  +  A++L A   K   TG +LR</Hsp_midline>
    </Hsp>
  </Hit_hsps>
</Hit>
<Hit>
  <Hit_num>2</Hit_num>
  <Hit_id>gnl|BL_ORD_ID|7</Hit_id>
  <Hit_def>NP_059644.1 tailspike protein [Salmonella phage P22]</Hit_def>
  <Hit_accession>7</Hit_accession>
  <Hit_len>667</Hit_len>
  <Hit_hsps>
    <Hsp>
      <Hsp_num>1</Hsp_num>
      <Hsp_bit-score>20.7866</Hsp_bit-score>
      <Hsp_score>42</Hsp_score>
      <Hsp_evalue>5.72018</Hsp_evalue>
      <Hsp_query-from>734</Hsp_query-from>
      <Hsp_query-to>794</Hsp_query-to>
      <Hsp_hit-from>15</Hsp_hit-from>
      <Hsp_hit-to>62</Hsp_hit-to>
      <Hsp_query-frame>0</Hsp_query-frame>
      <Hsp_hit-frame>0</Hsp_hit-frame>
      <Hsp_identity>12</Hsp_identity>
      <Hsp_positive>25</Hsp_positive>
      <Hsp_gaps>13</Hsp_gaps>
      <Hsp_align-len>61</Hsp_align-len>
      <Hsp_qseq>PVWQEYKKPIQTRLNLMFLGQFRLQPTINTNKDSEIDAHKQESGIAPNFVHSQDGSHLRKT</Hsp_qseq>
      <Hsp_hseq>PIFTESRSFKAVANGKIYIGQIDTDPVNPANQ-------------IPVYIENEDGSHVQIT</Hsp_hseq>
      <Hsp_midline>P++ E +         +++GQ    P    N+              P ++ ++DGSH++ T</Hsp_midline>
    </Hsp>
  </Hit_hsps>
</Hit>
</Iteration_hits>
  <Iteration_stat>
    <Statistics>
      <Statistics_db-num>21</Statistics_db-num>
      <Statistics_db-len>15367</Statistics_db-len>
      <Statistics_hsp-len>62</Statistics_hsp-len>
      <Statistics_eff-space>11547365</Statistics_eff-space>
      <Statistics_kappa>0.041</Statistics_kappa>
      <Statistics_lambda>0.267</Statistics_lambda>
      <Statistics_entropy>0.14</Statistics_entropy>
    </Statistics>
  </Iteration_stat>
</Iteration>
<Iteration>
  <Iteration_iter-num>7</Iteration_iter-num>
  <Iteration_query-ID>Query_7</Iteration_query-ID>
  <Iteration_query-def>lcl|MZ375233.1_prot_QZB83349.1_7 [locus_tag=T710L_9] [protein=host dGTPase inhibitor] [protein_id=QZB83349.1] [location=6138..6395] [gbkey=CDS]</Iteration_query-def>
  <Iteration_query-len>85</Iteration_query-len>
<Iteration_hits>
<Hit>
  <Hit_num>1</Hit_num>
  <Hit_id>gnl|BL_ORD_ID|3</Hit_id>
  <Hit_def>YP_009006536.1 tail fiber protein [Acinetobacter phage Petty]</Hit_def>
  <Hit_accession>3</Hit_accession>
  <Hit_len>918</Hit_len>
  <Hit_hsps>
    <Hsp>
      <Hsp_num>1</Hsp_num>
      <Hsp_bit-score>21.557</Hsp_bit-score>
      <Hsp_score>44</Hsp_score>
      <Hsp_evalue>0.166774</Hsp_evalue>
      <Hsp_query-from>20</Hsp_query-from>
      <Hsp_query-to>49</Hsp_query-to>
      <Hsp_hit-from>416</Hsp_hit-from>
      <Hsp_hit-to>445</Hsp_hit-to>
      <Hsp_query-frame>0</Hsp_query-frame>
      <Hsp_hit-frame>0</Hsp_hit-frame>
      <Hsp_identity>9</Hsp_identity>
      <Hsp_positive>15</Hsp_positive>
      <Hsp_gaps>0</Hsp_gaps>
      <Hsp_align-len>30</Hsp_align-len>
      <Hsp_qseq>FQLDLAVIYDDWYDAYTRKDCIRLRIEDRS</Hsp_qseq>
      <Hsp_hseq>YDQDCAVVFGAWYGWYSYIDIENLTIQKEA</Hsp_hseq>
      <Hsp_midline>+  D AV++  WY  Y+  D   L I+  +</Hsp_midline>
    </Hsp>
    <Hsp>
      <Hsp_num>2</Hsp_num>
      <Hsp_bit-score>16.5494</Hsp_bit-score>
      <Hsp_score>31</Hsp_score>
      <Hsp_evalue>9.1294</Hsp_evalue>
      <Hsp_query-from>47</Hsp_query-from>
      <Hsp_query-to>77</Hsp_query-to>
      <Hsp_hit-from>408</Hsp_hit-from>
      <Hsp_hit-to>434</Hsp_hit-to>
      <Hsp_query-frame>0</Hsp_query-frame>
      <Hsp_hit-frame>0</Hsp_hit-frame>
      <Hsp_identity>10</Hsp_identity>
      <Hsp_positive>14</Hsp_positive>
      <Hsp_gaps>4</Hsp_gaps>
      <Hsp_align-len>31</Hsp_align-len>
      <Hsp_qseq>DRSGNLIDTSTFYHHDEDVLFNMCTDWLNHM</Hsp_qseq>
      <Hsp_hseq>DPSGNPYD----YDQDCAVVFGAWYGWYSYI</Hsp_hseq>
      <Hsp_midline>D SGN  D    Y  D  V+F     W +++</Hsp_midline>
    </Hsp>
  </Hit_hsps>
</Hit>
<Hit>
  <Hit_num>2</Hit_num>
  <Hit_id>gnl|BL_ORD_ID|15</Hit_id>
  <Hit_def>BBF66844.1 tail spike protein [Klebsiella phage KN1-1]</Hit_def>
  <Hit_accession>15</Hit_accession>
  <Hit_len>820</Hit_len>
  <Hit_hsps>
    <Hsp>
      <Hsp_num>1</Hsp_num>
      <Hsp_bit-score>17.3198</Hsp_bit-score>
      <Hsp_score>33</Hsp_score>
      <Hsp_evalue>4.72197</Hsp_evalue>
      <Hsp_query-from>25</Hsp_query-from>
      <Hsp_query-to>38</Hsp_query-to>
      <Hsp_hit-from>479</Hsp_hit-from>
      <Hsp_hit-to>495</Hsp_hit-to>
      <Hsp_query-frame>0</Hsp_query-frame>
      <Hsp_hit-frame>0</Hsp_hit-frame>
      <Hsp_identity>6</Hsp_identity>
      <Hsp_positive>11</Hsp_positive>
      <Hsp_gaps>3</Hsp_gaps>
      <Hsp_align-len>17</Hsp_align-len>
      <Hsp_qseq>AVIYD---DWYDAYTRK</Hsp_qseq>
      <Hsp_hseq>ALVHDWISEWFDTYIFK</Hsp_hseq>
      <Hsp_midline>A+++D   +W+D Y  K</Hsp_midline>
    </Hsp>
  </Hit_hsps>
</Hit>
<Hit>
  <Hit_num>3</Hit_num>
  <Hit_id>gnl|BL_ORD_ID|13</Hit_id>
  <Hit_def>ASN73353.1 tailspike protein [Acinetobacter phage vB_AbaP_B1]</Hit_def>
  <Hit_accession>13</Hit_accession>
  <Hit_len>760</Hit_len>
  <Hit_hsps>
    <Hsp>
      <Hsp_num>1</Hsp_num>
      <Hsp_bit-score>16.5494</Hsp_bit-score>
      <Hsp_score>31</Hsp_score>
      <Hsp_evalue>8.0252</Hsp_evalue>
      <Hsp_query-from>5</Hsp_query-from>
      <Hsp_query-to>18</Hsp_query-to>
      <Hsp_hit-from>369</Hsp_hit-from>
      <Hsp_hit-to>382</Hsp_hit-to>
      <Hsp_query-frame>0</Hsp_query-frame>
      <Hsp_hit-frame>0</Hsp_hit-frame>
      <Hsp_identity>5</Hsp_identity>
      <Hsp_positive>8</Hsp_positive>
      <Hsp_gaps>0</Hsp_gaps>
      <Hsp_align-len>14</Hsp_align-len>
      <Hsp_qseq>YSGNLAAFKAATNK</Hsp_qseq>
      <Hsp_hseq>FKGNITIFKAYVKR</Hsp_hseq>
      <Hsp_midline>+ GN+  FKA   +</Hsp_midline>
    </Hsp>
  </Hit_hsps>
</Hit>
<Hit>
  <Hit_num>4</Hit_num>
  <Hit_id>gnl|BL_ORD_ID|6</Hit_id>
  <Hit_def>YP_001522890.1 putative tail fiber protein [Pseudomonas phage LKA1]</Hit_def>
  <Hit_accession>6</Hit_accession>
  <Hit_len>769</Hit_len>
  <Hit_hsps>
    <Hsp>
      <Hsp_num>1</Hsp_num>
      <Hsp_bit-score>16.1642</Hsp_bit-score>
      <Hsp_score>30</Hsp_score>
      <Hsp_evalue>9.70479</Hsp_evalue>
      <Hsp_query-from>6</Hsp_query-from>
      <Hsp_query-to>29</Hsp_query-to>
      <Hsp_hit-from>296</Hsp_hit-from>
      <Hsp_hit-to>319</Hsp_hit-to>
      <Hsp_query-frame>0</Hsp_query-frame>
      <Hsp_hit-frame>0</Hsp_hit-frame>
      <Hsp_identity>8</Hsp_identity>
      <Hsp_positive>14</Hsp_positive>
      <Hsp_gaps>0</Hsp_gaps>
      <Hsp_align-len>24</Hsp_align-len>
      <Hsp_qseq>SGNLAAFKAATNKLFQLDLAVIYD</Hsp_qseq>
      <Hsp_hseq>AGSLTIDFASTPNLVAGDVFIIYN</Hsp_hseq>
      <Hsp_midline>+G+L    A+T  L   D+ +IY+</Hsp_midline>
    </Hsp>
  </Hit_hsps>
</Hit>
</Iteration_hits>
  <Iteration_stat>
    <Statistics>
      <Statistics_db-num>21</Statistics_db-num>
      <Statistics_db-len>15367</Statistics_db-len>
      <Statistics_hsp-len>42</Statistics_hsp-len>
      <Statistics_eff-space>622855</Statistics_eff-space>
      <Statistics_kappa>0.041</Statistics_kappa>
      <Statistics_lambda>0.267</Statistics_lambda>
      <Statistics_entropy>0.14</Statistics_entropy>
    </Statistics>
  </Iteration_stat>
</Iteration>
<Iteration>
  <Iteration_iter-num>8</Iteration_iter-num>
  <Iteration_query-ID>Query_8</Iteration_query-ID>
  <Iteration_query-def>lcl|MZ375233.1_prot_QZB83350.1_8 [locus_tag=T710L_10] [protein=ATP-dependent DNA ligase] [protein_id=QZB83350.1] [location=6476..7555] [gbkey=CDS]</Iteration_query-def>
  <Iteration_query-len>359</Iteration_query-len>
<Iteration_hits>
<Hit>
  <Hit_num>1</Hit_num>
  <Hit_id>gnl|BL_ORD_ID|18</Hit_id>
  <Hit_def>YP_009909776.1 minor tail U family protein [Enterobacteria phage O276]</Hit_def>
  <Hit_accession>18</Hit_accession>
  <Hit_len>131</Hit_len>
  <Hit_hsps>
    <Hsp>
      <Hsp_num>1</Hsp_num>
      <Hsp_bit-score>21.557</Hsp_bit-score>
      <Hsp_score>44</Hsp_score>
      <Hsp_evalue>0.965049</Hsp_evalue>
      <Hsp_query-from>159</Hsp_query-from>
      <Hsp_query-to>238</Hsp_query-to>
      <Hsp_hit-from>49</Hsp_hit-from>
      <Hsp_hit-to>119</Hsp_hit-to>
      <Hsp_query-frame>0</Hsp_query-frame>
      <Hsp_hit-frame>0</Hsp_hit-frame>
      <Hsp_identity>21</Hsp_identity>
      <Hsp_positive>33</Hsp_positive>
      <Hsp_gaps>17</Hsp_gaps>
      <Hsp_align-len>84</Hsp_align-len>
      <Hsp_qseq>SGEDCDVMTLLMQEHVKNMLPLLQEYFPEIE---WQAAESYEVY-DMVELQQLYEQKRAEGHEGLIVKDPMCIYKRGKKSGWWK</Hsp_qseq>
      <Hsp_hseq>TGEELDSDTWQAELHIEVFLP---AQVPDSELDAWMESRIYPVMSDIPALSDLITSMVASGYD----------YRRDDDAGLWS</Hsp_hseq>
      <Hsp_midline>+GE+ D  T   + H++  LP      P+ E   W  +  Y V  D+  L  L     A G++          Y+R   +G W </Hsp_midline>
    </Hsp>
  </Hit_hsps>
</Hit>
<Hit>
  <Hit_num>2</Hit_num>
  <Hit_id>gnl|BL_ORD_ID|4</Hit_id>
  <Hit_def>ASD51051.1 tail fibers protein [Pasteurella phage PHB01]</Hit_def>
  <Hit_accession>4</Hit_accession>
  <Hit_len>854</Hit_len>
  <Hit_hsps>
    <Hsp>
      <Hsp_num>1</Hsp_num>
      <Hsp_bit-score>21.1718</Hsp_bit-score>
      <Hsp_score>43</Hsp_score>
      <Hsp_evalue>2.11235</Hsp_evalue>
      <Hsp_query-from>72</Hsp_query-from>
      <Hsp_query-to>92</Hsp_query-to>
      <Hsp_hit-from>380</Hsp_hit-from>
      <Hsp_hit-to>400</Hsp_hit-to>
      <Hsp_query-frame>0</Hsp_query-frame>
      <Hsp_hit-frame>0</Hsp_hit-frame>
      <Hsp_identity>8</Hsp_identity>
      <Hsp_positive>12</Hsp_positive>
      <Hsp_gaps>0</Hsp_gaps>
      <Hsp_align-len>21</Hsp_align-len>
      <Hsp_qseq>RWKRLLNDDRCFYKDGFMLDG</Hsp_qseq>
      <Hsp_hseq>RWKRILGSEISAFDFGVIGDG</Hsp_hseq>
      <Hsp_midline>RWKR+L  +   +  G + DG</Hsp_midline>
    </Hsp>
  </Hit_hsps>
</Hit>
<Hit>
  <Hit_num>3</Hit_num>
  <Hit_id>gnl|BL_ORD_ID|20</Hit_id>
  <Hit_def>YP_008532047.1 putative tail fiber protein [Taipeivirus 0507KN21]</Hit_def>
  <Hit_accession>20</Hit_accession>
  <Hit_len>1245</Hit_len>
  <Hit_hsps>
    <Hsp>
      <Hsp_num>1</Hsp_num>
      <Hsp_bit-score>20.0162</Hsp_bit-score>
      <Hsp_score>40</Hsp_score>
      <Hsp_evalue>4.03155</Hsp_evalue>
      <Hsp_query-from>305</Hsp_query-from>
      <Hsp_query-to>321</Hsp_query-to>
      <Hsp_hit-from>695</Hsp_hit-from>
      <Hsp_hit-to>711</Hsp_hit-to>
      <Hsp_query-frame>0</Hsp_query-frame>
      <Hsp_hit-frame>0</Hsp_hit-frame>
      <Hsp_identity>7</Hsp_identity>
      <Hsp_positive>9</Hsp_positive>
      <Hsp_gaps>0</Hsp_gaps>
      <Hsp_align-len>17</Hsp_align-len>
      <Hsp_qseq>FFSPYGIGDNDACTINP</Hsp_qseq>
      <Hsp_hseq>FLSPYGLSVNSGILLFP</Hsp_hseq>
      <Hsp_midline>F SPYG+  N    + P</Hsp_midline>
    </Hsp>
    <Hsp>
      <Hsp_num>2</Hsp_num>
      <Hsp_bit-score>19.2458</Hsp_bit-score>
      <Hsp_score>38</Hsp_score>
      <Hsp_evalue>7.54199</Hsp_evalue>
      <Hsp_query-from>64</Hsp_query-from>
      <Hsp_query-to>80</Hsp_query-to>
      <Hsp_hit-from>293</Hsp_hit-from>
      <Hsp_hit-to>309</Hsp_hit-to>
      <Hsp_query-frame>0</Hsp_query-frame>
      <Hsp_hit-frame>0</Hsp_hit-frame>
      <Hsp_identity>7</Hsp_identity>
      <Hsp_positive>11</Hsp_positive>
      <Hsp_gaps>0</Hsp_gaps>
      <Hsp_align-len>17</Hsp_align-len>
      <Hsp_qseq>EHLNGFDVRWKRLLNDD</Hsp_qseq>
      <Hsp_hseq>EAINGITSRVKTMVNDE</Hsp_hseq>
      <Hsp_midline>E +NG   R K ++ND+</Hsp_midline>
    </Hsp>
    <Hsp>
      <Hsp_num>3</Hsp_num>
      <Hsp_bit-score>19.2458</Hsp_bit-score>
      <Hsp_score>38</Hsp_score>
      <Hsp_evalue>7.80528</Hsp_evalue>
      <Hsp_query-from>300</Hsp_query-from>
      <Hsp_query-to>339</Hsp_query-to>
      <Hsp_hit-from>498</Hsp_hit-from>
      <Hsp_hit-to>522</Hsp_hit-to>
      <Hsp_query-frame>0</Hsp_query-frame>
      <Hsp_hit-frame>0</Hsp_hit-frame>
      <Hsp_identity>11</Hsp_identity>
      <Hsp_positive>14</Hsp_positive>
      <Hsp_gaps>15</Hsp_gaps>
      <Hsp_align-len>40</Hsp_align-len>
      <Hsp_qseq>LSQWGFFSPYGIGDNDACTINPYDGWACQISYMEETPDGS</Hsp_qseq>
      <Hsp_hseq>LSNWARF--------DNCKFGTYANWS-------SSPDGN</Hsp_hseq>
      <Hsp_midline>LS W  F        D C    Y  W+        +PDG+</Hsp_midline>
    </Hsp>
  </Hit_hsps>
</Hit>
</Iteration_hits>
  <Iteration_stat>
    <Statistics>
      <Statistics_db-num>21</Statistics_db-num>
      <Statistics_db-len>15367</Statistics_db-len>
      <Statistics_hsp-len>55</Statistics_hsp-len>
      <Statistics_eff-space>4320448</Statistics_eff-space>
      <Statistics_kappa>0.041</Statistics_kappa>
      <Statistics_lambda>0.267</Statistics_lambda>
      <Statistics_entropy>0.14</Statistics_entropy>
    </Statistics>
  </Iteration_stat>
</Iteration>
<Iteration>
  <Iteration_iter-num>9</Iteration_iter-num>
  <Iteration_query-ID>Query_9</Iteration_query-ID>
  <Iteration_query-def>lcl|MZ375233.1_prot_QZB83351.1_9 [locus_tag=T710L_11] [protein=hypothetical protein] [protein_id=QZB83351.1] [location=7609..7764] [gbkey=CDS]</Iteration_query-def>
  <Iteration_query-len>51</Iteration_query-len>
<Iteration_hits>
</Iteration_hits>
  <Iteration_stat>
    <Statistics>
      <Statistics_db-num>21</Statistics_db-num>
      <Statistics_db-len>15367</Statistics_db-len>
      <Statistics_hsp-len>25</Statistics_hsp-len>
      <Statistics_eff-space>385892</Statistics_eff-space>
      <Statistics_kappa>0.041</Statistics_kappa>
      <Statistics_lambda>0.267</Statistics_lambda>
      <Statistics_entropy>0.14</Statistics_entropy>
    </Statistics>
  </Iteration_stat>
  <Iteration_message>No hits found</Iteration_message>
</Iteration>
<Iteration>
  <Iteration_iter-num>10</Iteration_iter-num>
  <Iteration_query-ID>Query_10</Iteration_query-ID>
  <Iteration_query-def>lcl|MZ375233.1_prot_QZB83352.1_10 [locus_tag=T710L_13] [protein=hypothetical protein] [protein_id=QZB83352.1] [location=7907..8167] [gbkey=CDS]</Iteration_query-def>
  <Iteration_query-len>86</Iteration_query-len>
<Iteration_hits>
<Hit>
  <Hit_num>1</Hit_num>
  <Hit_id>gnl|BL_ORD_ID|6</Hit_id>
  <Hit_def>YP_001522890.1 putative tail fiber protein [Pseudomonas phage LKA1]</Hit_def>
  <Hit_accession>6</Hit_accession>
  <Hit_len>769</Hit_len>
  <Hit_hsps>
    <Hsp>
      <Hsp_num>1</Hsp_num>
      <Hsp_bit-score>18.4754</Hsp_bit-score>
      <Hsp_score>36</Hsp_score>
      <Hsp_evalue>1.61483</Hsp_evalue>
      <Hsp_query-from>30</Hsp_query-from>
      <Hsp_query-to>41</Hsp_query-to>
      <Hsp_hit-from>376</Hsp_hit-from>
      <Hsp_hit-to>387</Hsp_hit-to>
      <Hsp_query-frame>0</Hsp_query-frame>
      <Hsp_hit-frame>0</Hsp_hit-frame>
      <Hsp_identity>6</Hsp_identity>
      <Hsp_positive>9</Hsp_positive>
      <Hsp_gaps>0</Hsp_gaps>
      <Hsp_align-len>12</Hsp_align-len>
      <Hsp_qseq>AKIPLIGNTVPL</Hsp_qseq>
      <Hsp_hseq>ASIQIVGGTVPM</Hsp_hseq>
      <Hsp_midline>A I ++G TVP+</Hsp_midline>
    </Hsp>
    <Hsp>
      <Hsp_num>2</Hsp_num>
      <Hsp_bit-score>17.3198</Hsp_bit-score>
      <Hsp_score>33</Hsp_score>
      <Hsp_evalue>3.97112</Hsp_evalue>
      <Hsp_query-from>26</Hsp_query-from>
      <Hsp_query-to>64</Hsp_query-to>
      <Hsp_hit-from>199</Hsp_hit-from>
      <Hsp_hit-to>237</Hsp_hit-to>
      <Hsp_query-frame>0</Hsp_query-frame>
      <Hsp_hit-frame>0</Hsp_hit-frame>
      <Hsp_identity>11</Hsp_identity>
      <Hsp_positive>16</Hsp_positive>
      <Hsp_gaps>0</Hsp_gaps>
      <Hsp_align-len>39</Hsp_align-len>
      <Hsp_qseq>SERRAKIPLIGNTVPLAPSVHIIITRGDFEKAIDKKRPV</Hsp_qseq>
      <Hsp_hseq>SERYATLAEAQTVYPHAVALSDEIDWAALQAAVDSGAPV</Hsp_hseq>
      <Hsp_midline>SER A +       P A ++   I     + A+D   PV</Hsp_midline>
    </Hsp>
  </Hit_hsps>
</Hit>
<Hit>
  <Hit_num>2</Hit_num>
  <Hit_id>gnl|BL_ORD_ID|12</Hit_id>
  <Hit_def>ASN73558.1 tailspike protein [Acinetobacter phage vB_ApiP_P2]</Hit_def>
  <Hit_accession>12</Hit_accession>
  <Hit_len>799</Hit_len>
  <Hit_hsps>
    <Hsp>
      <Hsp_num>1</Hsp_num>
      <Hsp_bit-score>18.4754</Hsp_bit-score>
      <Hsp_score>36</Hsp_score>
      <Hsp_evalue>1.76309</Hsp_evalue>
      <Hsp_query-from>8</Hsp_query-from>
      <Hsp_query-to>15</Hsp_query-to>
      <Hsp_hit-from>542</Hsp_hit-from>
      <Hsp_hit-to>549</Hsp_hit-to>
      <Hsp_query-frame>0</Hsp_query-frame>
      <Hsp_hit-frame>0</Hsp_hit-frame>
      <Hsp_identity>6</Hsp_identity>
      <Hsp_positive>8</Hsp_positive>
      <Hsp_gaps>0</Hsp_gaps>
      <Hsp_align-len>8</Hsp_align-len>
      <Hsp_qseq>KSVKNFTV</Hsp_qseq>
      <Hsp_hseq>KSIRNFTV</Hsp_hseq>
      <Hsp_midline>KS++NFTV</Hsp_midline>
    </Hsp>
  </Hit_hsps>
</Hit>
<Hit>
  <Hit_num>3</Hit_num>
  <Hit_id>gnl|BL_ORD_ID|10</Hit_id>
  <Hit_def>YP_009203055.1 tail spike protein [Acinetobacter phage Fri1]</Hit_def>
  <Hit_accession>10</Hit_accession>
  <Hit_len>783</Hit_len>
  <Hit_hsps>
    <Hsp>
      <Hsp_num>1</Hsp_num>
      <Hsp_bit-score>17.705</Hsp_bit-score>
      <Hsp_score>34</Hsp_score>
      <Hsp_evalue>3.22094</Hsp_evalue>
      <Hsp_query-from>5</Hsp_query-from>
      <Hsp_query-to>53</Hsp_query-to>
      <Hsp_hit-from>671</Hsp_hit-from>
      <Hsp_hit-to>705</Hsp_hit-to>
      <Hsp_query-frame>0</Hsp_query-frame>
      <Hsp_hit-frame>0</Hsp_hit-frame>
      <Hsp_identity>11</Hsp_identity>
      <Hsp_positive>19</Hsp_positive>
      <Hsp_gaps>14</Hsp_gaps>
      <Hsp_align-len>49</Hsp_align-len>
      <Hsp_qseq>HYNKSVKNFTVRRADRSIVCASERRAKIPLIGNTVPLAPSVHIIITRGD</Hsp_qseq>
      <Hsp_hseq>YFNTEIRNFNLDLNFKEVL--------------TVPLRSGCKITITGAD</Hsp_hseq>
      <Hsp_midline>++N  ++NF +    + ++              TVPL     I IT  D</Hsp_midline>
    </Hsp>
  </Hit_hsps>
</Hit>
<Hit>
  <Hit_num>4</Hit_num>
  <Hit_id>gnl|BL_ORD_ID|1</Hit_id>
  <Hit_def>YP_009103257.1 putative tail fiber [Acinetobacter phage vB_AbaP_Acibel007]</Hit_def>
  <Hit_accession>1</Hit_accession>
  <Hit_len>724</Hit_len>
  <Hit_hsps>
    <Hsp>
      <Hsp_num>1</Hsp_num>
      <Hsp_bit-score>17.3198</Hsp_bit-score>
      <Hsp_score>33</Hsp_score>
      <Hsp_evalue>3.96237</Hsp_evalue>
      <Hsp_query-from>39</Hsp_query-from>
      <Hsp_query-to>66</Hsp_query-to>
      <Hsp_hit-from>59</Hsp_hit-from>
      <Hsp_hit-to>86</Hsp_hit-to>
      <Hsp_query-frame>0</Hsp_query-frame>
      <Hsp_hit-frame>0</Hsp_hit-frame>
      <Hsp_identity>10</Hsp_identity>
      <Hsp_positive>13</Hsp_positive>
      <Hsp_gaps>0</Hsp_gaps>
      <Hsp_align-len>28</Hsp_align-len>
      <Hsp_qseq>VPLAPSVHIIITRGDFEKAIDKKRPVLS</Hsp_qseq>
      <Hsp_hseq>IALEPAVTSGIVRLQRETNIDKSFHIFS</Hsp_hseq>
      <Hsp_midline>+ L P+V   I R   E  IDK   + S</Hsp_midline>
    </Hsp>
  </Hit_hsps>
</Hit>
</Iteration_hits>
  <Iteration_stat>
    <Statistics>
      <Statistics_db-num>21</Statistics_db-num>
      <Statistics_db-len>15367</Statistics_db-len>
      <Statistics_hsp-len>42</Statistics_hsp-len>
      <Statistics_eff-space>637340</Statistics_eff-space>
      <Statistics_kappa>0.041</Statistics_kappa>
      <Statistics_lambda>0.267</Statistics_lambda>
      <Statistics_entropy>0.14</Statistics_entropy>
    </Statistics>
  </Iteration_stat>
</Iteration>
<Iteration>
  <Iteration_iter-num>11</Iteration_iter-num>
  <Iteration_query-ID>Query_11</Iteration_query-ID>
  <Iteration_query-def>lcl|MZ375233.1_prot_QZB83353.1_11 [locus_tag=T710L_14] [protein=hypothetical protein] [protein_id=QZB83353.1] [location=8167..8757] [gbkey=CDS]</Iteration_query-def>
  <Iteration_query-len>196</Iteration_query-len>
<Iteration_hits>
<Hit>
  <Hit_num>1</Hit_num>
  <Hit_id>gnl|BL_ORD_ID|20</Hit_id>
  <Hit_def>YP_008532047.1 putative tail fiber protein [Taipeivirus 0507KN21]</Hit_def>
  <Hit_accession>20</Hit_accession>
  <Hit_len>1245</Hit_len>
  <Hit_hsps>
    <Hsp>
      <Hsp_num>1</Hsp_num>
      <Hsp_bit-score>22.7126</Hsp_bit-score>
      <Hsp_score>47</Hsp_score>
      <Hsp_evalue>0.300531</Hsp_evalue>
      <Hsp_query-from>2</Hsp_query-from>
      <Hsp_query-to>34</Hsp_query-to>
      <Hsp_hit-from>1174</Hsp_hit-from>
      <Hsp_hit-to>1206</Hsp_hit-to>
      <Hsp_query-frame>0</Hsp_query-frame>
      <Hsp_hit-frame>0</Hsp_hit-frame>
      <Hsp_identity>9</Hsp_identity>
      <Hsp_positive>17</Hsp_positive>
      <Hsp_gaps>0</Hsp_gaps>
      <Hsp_align-len>33</Hsp_align-len>
      <Hsp_qseq>GLLDGEAWEKENPPVQATGCIACLEKDDRYPHT</Hsp_qseq>
      <Hsp_hseq>GIITYESWEASDAVVETVGAVYDEEGNELVPET</Hsp_hseq>
      <Hsp_midline>G++  E+WE  +  V+  G +   E ++  P T</Hsp_midline>
    </Hsp>
  </Hit_hsps>
</Hit>
<Hit>
  <Hit_num>2</Hit_num>
  <Hit_id>gnl|BL_ORD_ID|8</Hit_id>
  <Hit_def>NP_112090.1 tailspike protein [Enterobacteria phage HK620]</Hit_def>
  <Hit_accession>8</Hit_accession>
  <Hit_len>710</Hit_len>
  <Hit_hsps>
    <Hsp>
      <Hsp_num>1</Hsp_num>
      <Hsp_bit-score>20.0162</Hsp_bit-score>
      <Hsp_score>40</Hsp_score>
      <Hsp_evalue>1.94127</Hsp_evalue>
      <Hsp_query-from>63</Hsp_query-from>
      <Hsp_query-to>76</Hsp_query-to>
      <Hsp_hit-from>508</Hsp_hit-from>
      <Hsp_hit-to>521</Hsp_hit-to>
      <Hsp_query-frame>0</Hsp_query-frame>
      <Hsp_hit-frame>0</Hsp_hit-frame>
      <Hsp_identity>6</Hsp_identity>
      <Hsp_positive>9</Hsp_positive>
      <Hsp_gaps>0</Hsp_gaps>
      <Hsp_align-len>14</Hsp_align-len>
      <Hsp_qseq>DLNGCGILCSNVPC</Hsp_qseq>
      <Hsp_hseq>NLNGCTFIANNFDC</Hsp_hseq>
      <Hsp_midline>+LNGC  + +N  C</Hsp_midline>
    </Hsp>
  </Hit_hsps>
</Hit>
<Hit>
  <Hit_num>3</Hit_num>
  <Hit_id>gnl|BL_ORD_ID|0</Hit_id>
  <Hit_def>ASN73504.1 tailspike protein [Acinetobacter phage vB_ApiP_P1]</Hit_def>
  <Hit_accession>0</Hit_accession>
  <Hit_len>749</Hit_len>
  <Hit_hsps>
    <Hsp>
      <Hsp_num>1</Hsp_num>
      <Hsp_bit-score>18.0902</Hsp_bit-score>
      <Hsp_score>35</Hsp_score>
      <Hsp_evalue>9.01306</Hsp_evalue>
      <Hsp_query-from>182</Hsp_query-from>
      <Hsp_query-to>194</Hsp_query-to>
      <Hsp_hit-from>448</Hsp_hit-from>
      <Hsp_hit-to>460</Hsp_hit-to>
      <Hsp_query-frame>0</Hsp_query-frame>
      <Hsp_hit-frame>0</Hsp_hit-frame>
      <Hsp_identity>6</Hsp_identity>
      <Hsp_positive>7</Hsp_positive>
      <Hsp_gaps>0</Hsp_gaps>
      <Hsp_align-len>13</Hsp_align-len>
      <Hsp_qseq>FYKELFEKHKDKC</Hsp_qseq>
      <Hsp_hseq>FYNCIFRKGTDDC</Hsp_hseq>
      <Hsp_midline>FY  +F K  D C</Hsp_midline>
    </Hsp>
  </Hit_hsps>
</Hit>
</Iteration_hits>
  <Iteration_stat>
    <Statistics>
      <Statistics_db-num>21</Statistics_db-num>
      <Statistics_db-len>15367</Statistics_db-len>
      <Statistics_hsp-len>50</Statistics_hsp-len>
      <Statistics_eff-space>2090282</Statistics_eff-space>
      <Statistics_kappa>0.041</Statistics_kappa>
      <Statistics_lambda>0.267</Statistics_lambda>
      <Statistics_entropy>0.14</Statistics_entropy>
    </Statistics>
  </Iteration_stat>
</Iteration>
<Iteration>
  <Iteration_iter-num>12</Iteration_iter-num>
  <Iteration_query-ID>Query_12</Iteration_query-ID>
  <Iteration_query-def>lcl|MZ375233.1_prot_QZB83354.1_12 [locus_tag=T710L_16] [protein=inhibitor of host bacterial RNA polymerase] [protein_id=QZB83354.1] [location=8893..9093] [gbkey=CDS]</Iteration_query-def>
  <Iteration_query-len>66</Iteration_query-len>
<Iteration_hits>
<Hit>
  <Hit_num>1</Hit_num>
  <Hit_id>gnl|BL_ORD_ID|8</Hit_id>
  <Hit_def>NP_112090.1 tailspike protein [Enterobacteria phage HK620]</Hit_def>
  <Hit_accession>8</Hit_accession>
  <Hit_len>710</Hit_len>
  <Hit_hsps>
    <Hsp>
      <Hsp_num>1</Hsp_num>
      <Hsp_bit-score>18.4754</Hsp_bit-score>
      <Hsp_score>36</Hsp_score>
      <Hsp_evalue>0.930852</Hsp_evalue>
      <Hsp_query-from>11</Hsp_query-from>
      <Hsp_query-to>53</Hsp_query-to>
      <Hsp_hit-from>108</Hsp_hit-from>
      <Hsp_hit-to>162</Hsp_hit-to>
      <Hsp_query-frame>0</Hsp_query-frame>
      <Hsp_hit-frame>0</Hsp_hit-frame>
      <Hsp_identity>14</Hsp_identity>
      <Hsp_positive>24</Hsp_positive>
      <Hsp_gaps>12</Hsp_gaps>
      <Hsp_align-len>55</Hsp_align-len>
      <Hsp_qseq>LSVDNKKFWATVESSEHSFEVP------------IYAETLDEALELAEWQYVPAG</Hsp_qseq>
      <Hsp_hseq>LKYDPDQFRAIIESPEGAGHVGYQYRRNTGSTMRMVSDVLDERVSLWDFHCDPSG</Hsp_hseq>
      <Hsp_midline>L  D  +F A +ES E +  V             + ++ LDE + L ++   P+G</Hsp_midline>
    </Hsp>
  </Hit_hsps>
</Hit>
<Hit>
  <Hit_num>2</Hit_num>
  <Hit_id>gnl|BL_ORD_ID|7</Hit_id>
  <Hit_def>NP_059644.1 tailspike protein [Salmonella phage P22]</Hit_def>
  <Hit_accession>7</Hit_accession>
  <Hit_len>667</Hit_len>
  <Hit_hsps>
    <Hsp>
      <Hsp_num>1</Hsp_num>
      <Hsp_bit-score>16.1642</Hsp_bit-score>
      <Hsp_score>30</Hsp_score>
      <Hsp_evalue>7.56949</Hsp_evalue>
      <Hsp_query-from>30</Hsp_query-from>
      <Hsp_query-to>39</Hsp_query-to>
      <Hsp_hit-from>46</Hsp_hit-from>
      <Hsp_hit-to>55</Hsp_hit-to>
      <Hsp_query-frame>0</Hsp_query-frame>
      <Hsp_hit-frame>0</Hsp_hit-frame>
      <Hsp_identity>4</Hsp_identity>
      <Hsp_positive>7</Hsp_positive>
      <Hsp_gaps>0</Hsp_gaps>
      <Hsp_align-len>10</Hsp_align-len>
      <Hsp_qseq>EVPIYAETLD</Hsp_qseq>
      <Hsp_hseq>QIPVYIENED</Hsp_hseq>
      <Hsp_midline>++P+Y E  D</Hsp_midline>
    </Hsp>
  </Hit_hsps>
</Hit>
</Iteration_hits>
  <Iteration_stat>
    <Statistics>
      <Statistics_db-num>21</Statistics_db-num>
      <Statistics_db-len>15367</Statistics_db-len>
      <Statistics_hsp-len>38</Statistics_hsp-len>
      <Statistics_eff-space>407932</Statistics_eff-space>
      <Statistics_kappa>0.041</Statistics_kappa>
      <Statistics_lambda>0.267</Statistics_lambda>
      <Statistics_entropy>0.14</Statistics_entropy>
    </Statistics>
  </Iteration_stat>
</Iteration>
<Iteration>
  <Iteration_iter-num>13</Iteration_iter-num>
  <Iteration_query-ID>Query_13</Iteration_query-ID>
  <Iteration_query-def>lcl|MZ375233.1_prot_QZB83355.1_13 [locus_tag=T710L_17] [protein=single-stranded DNA-binding protein] [protein_id=QZB83355.1] [location=9159..9857] [gbkey=CDS]</Iteration_query-def>
  <Iteration_query-len>232</Iteration_query-len>
<Iteration_hits>
<Hit>
  <Hit_num>1</Hit_num>
  <Hit_id>gnl|BL_ORD_ID|13</Hit_id>
  <Hit_def>ASN73353.1 tailspike protein [Acinetobacter phage vB_AbaP_B1]</Hit_def>
  <Hit_accession>13</Hit_accession>
  <Hit_len>760</Hit_len>
  <Hit_hsps>
    <Hsp>
      <Hsp_num>1</Hsp_num>
      <Hsp_bit-score>19.631</Hsp_bit-score>
      <Hsp_score>39</Hsp_score>
      <Hsp_evalue>3.23592</Hsp_evalue>
      <Hsp_query-from>157</Hsp_query-from>
      <Hsp_query-to>165</Hsp_query-to>
      <Hsp_hit-from>277</Hsp_hit-from>
      <Hsp_hit-to>285</Hsp_hit-to>
      <Hsp_query-frame>0</Hsp_query-frame>
      <Hsp_hit-frame>0</Hsp_hit-frame>
      <Hsp_identity>7</Hsp_identity>
      <Hsp_positive>7</Hsp_positive>
      <Hsp_gaps>0</Hsp_gaps>
      <Hsp_align-len>9</Hsp_align-len>
      <Hsp_qseq>PYKWNTAVG</Hsp_qseq>
      <Hsp_hseq>PYKLNTVVG</Hsp_hseq>
      <Hsp_midline>PYK NT VG</Hsp_midline>
    </Hsp>
  </Hit_hsps>
</Hit>
<Hit>
  <Hit_num>2</Hit_num>
  <Hit_id>gnl|BL_ORD_ID|8</Hit_id>
  <Hit_def>NP_112090.1 tailspike protein [Enterobacteria phage HK620]</Hit_def>
  <Hit_accession>8</Hit_accession>
  <Hit_len>710</Hit_len>
  <Hit_hsps>
    <Hsp>
      <Hsp_num>1</Hsp_num>
      <Hsp_bit-score>19.631</Hsp_bit-score>
      <Hsp_score>39</Hsp_score>
      <Hsp_evalue>3.7383</Hsp_evalue>
      <Hsp_query-from>182</Hsp_query-from>
      <Hsp_query-to>199</Hsp_query-to>
      <Hsp_hit-from>301</Hsp_hit-from>
      <Hsp_hit-to>318</Hsp_hit-to>
      <Hsp_query-frame>0</Hsp_query-frame>
      <Hsp_hit-frame>0</Hsp_hit-frame>
      <Hsp_identity>8</Hsp_identity>
      <Hsp_positive>10</Hsp_positive>
      <Hsp_gaps>0</Hsp_gaps>
      <Hsp_align-len>18</Hsp_align-len>
      <Hsp_qseq>TFGGGEDDWADEVEENGY</Hsp_qseq>
      <Hsp_hseq>TFQNGDVTWAITLGWNGY</Hsp_hseq>
      <Hsp_midline>TF  G+  WA  +  NGY</Hsp_midline>
    </Hsp>
  </Hit_hsps>
</Hit>
<Hit>
  <Hit_num>3</Hit_num>
  <Hit_id>gnl|BL_ORD_ID|12</Hit_id>
  <Hit_def>ASN73558.1 tailspike protein [Acinetobacter phage vB_ApiP_P2]</Hit_def>
  <Hit_accession>12</Hit_accession>
  <Hit_len>799</Hit_len>
  <Hit_hsps>
    <Hsp>
      <Hsp_num>1</Hsp_num>
      <Hsp_bit-score>19.2458</Hsp_bit-score>
      <Hsp_score>38</Hsp_score>
      <Hsp_evalue>4.0372</Hsp_evalue>
      <Hsp_query-from>119</Hsp_query-from>
      <Hsp_query-to>155</Hsp_query-to>
      <Hsp_hit-from>676</Hsp_hit-from>
      <Hsp_hit-to>716</Hsp_hit-to>
      <Hsp_query-frame>0</Hsp_query-frame>
      <Hsp_hit-frame>0</Hsp_hit-frame>
      <Hsp_identity>12</Hsp_identity>
      <Hsp_positive>18</Hsp_positive>
      <Hsp_gaps>4</Hsp_gaps>
      <Hsp_align-len>41</Hsp_align-len>
      <Hsp_qseq>TKETKHINLVVVDSKGKKM----EDVPIIGGGSKLKVKYSL</Hsp_qseq>
      <Hsp_hseq>TNNPIHVNQVIRGQTSIKWFNVENPVPITSGGTKWIVNFNV</Hsp_hseq>
      <Hsp_midline>T    H+N V+      K       VPI  GG+K  V +++</Hsp_midline>
    </Hsp>
  </Hit_hsps>
</Hit>
</Iteration_hits>
  <Iteration_stat>
    <Statistics>
      <Statistics_db-num>21</Statistics_db-num>
      <Statistics_db-len>15367</Statistics_db-len>
      <Statistics_hsp-len>52</Statistics_hsp-len>
      <Statistics_eff-space>2569500</Statistics_eff-space>
      <Statistics_kappa>0.041</Statistics_kappa>
      <Statistics_lambda>0.267</Statistics_lambda>
      <Statistics_entropy>0.14</Statistics_entropy>
    </Statistics>
  </Iteration_stat>
</Iteration>
<Iteration>
  <Iteration_iter-num>14</Iteration_iter-num>
  <Iteration_query-ID>Query_14</Iteration_query-ID>
  <Iteration_query-def>lcl|MZ375233.1_prot_QZB83356.1_14 [locus_tag=T710L_19] [protein=endonuclease I] [protein_id=QZB83356.1] [location=10210..10707] [gbkey=CDS]</Iteration_query-def>
  <Iteration_query-len>165</Iteration_query-len>
<Iteration_hits>
<Hit>
  <Hit_num>1</Hit_num>
  <Hit_id>gnl|BL_ORD_ID|6</Hit_id>
  <Hit_def>YP_001522890.1 putative tail fiber protein [Pseudomonas phage LKA1]</Hit_def>
  <Hit_accession>6</Hit_accession>
  <Hit_len>769</Hit_len>
  <Hit_hsps>
    <Hsp>
      <Hsp_num>1</Hsp_num>
      <Hsp_bit-score>22.3274</Hsp_bit-score>
      <Hsp_score>46</Hsp_score>
      <Hsp_evalue>0.305461</Hsp_evalue>
      <Hsp_query-from>105</Hsp_query-from>
      <Hsp_query-to>134</Hsp_query-to>
      <Hsp_hit-from>313</Hsp_hit-from>
      <Hsp_hit-to>343</Hsp_hit-to>
      <Hsp_query-frame>0</Hsp_query-frame>
      <Hsp_hit-frame>0</Hsp_hit-frame>
      <Hsp_identity>11</Hsp_identity>
      <Hsp_positive>19</Hsp_positive>
      <Hsp_gaps>3</Hsp_gaps>
      <Hsp_align-len>32</Hsp_align-len>
      <Hsp_qseq>DIRIVFSSSRTKLYKGSPTSY--GEFCEKHGI</Hsp_qseq>
      <Hsp_hseq>DVFIIYNPTDSS-FSGFRTSYRAGEFCEVRAV</Hsp_hseq>
      <Hsp_midline>D+ I+++ + +  + G  TSY  GEFCE   +</Hsp_midline>
    </Hsp>
  </Hit_hsps>
</Hit>
<Hit>
  <Hit_num>2</Hit_num>
  <Hit_id>gnl|BL_ORD_ID|11</Hit_id>
  <Hit_def>ALJ97635.1 tail fiber protein [Acinetobacter phage IME-200]</Hit_def>
  <Hit_accession>11</Hit_accession>
  <Hit_len>693</Hit_len>
  <Hit_hsps>
    <Hsp>
      <Hsp_num>1</Hsp_num>
      <Hsp_bit-score>20.4014</Hsp_bit-score>
      <Hsp_score>41</Hsp_score>
      <Hsp_evalue>1.1203</Hsp_evalue>
      <Hsp_query-from>31</Hsp_query-from>
      <Hsp_query-to>108</Hsp_query-to>
      <Hsp_hit-from>4</Hsp_hit-from>
      <Hsp_hit-to>69</Hsp_hit-to>
      <Hsp_query-frame>0</Hsp_query-frame>
      <Hsp_hit-frame>0</Hsp_hit-frame>
      <Hsp_identity>21</Hsp_identity>
      <Hsp_positive>28</Hsp_positive>
      <Hsp_gaps>12</Hsp_gaps>
      <Hsp_align-len>78</Hsp_align-len>
      <Hsp_qseq>FRSGLEDKVSKQLESKGIKFEYEEWKVPYVIPASNHTYTPDFLLPNGIFVETKGLWESDDRKKHLLIREQHPELDIRI</Hsp_qseq>
      <Hsp_hseq>LRSFTETVVTTPTDTFSISFEYDE------------KYDAVHVFLNDVAVEDLGYTVSQVNAVTLKIEPAIPEGTVRI</Hsp_hseq>
      <Hsp_midline> RS  E  V+   ++  I FEY+E             Y    +  N + VE  G   S      L I    PE  +RI</Hsp_midline>
    </Hsp>
  </Hit_hsps>
</Hit>
<Hit>
  <Hit_num>3</Hit_num>
  <Hit_id>gnl|BL_ORD_ID|10</Hit_id>
  <Hit_def>YP_009203055.1 tail spike protein [Acinetobacter phage Fri1]</Hit_def>
  <Hit_accession>10</Hit_accession>
  <Hit_len>783</Hit_len>
  <Hit_hsps>
    <Hsp>
      <Hsp_num>1</Hsp_num>
      <Hsp_bit-score>19.631</Hsp_bit-score>
      <Hsp_score>39</Hsp_score>
      <Hsp_evalue>2.01583</Hsp_evalue>
      <Hsp_query-from>31</Hsp_query-from>
      <Hsp_query-to>108</Hsp_query-to>
      <Hsp_hit-from>4</Hsp_hit-from>
      <Hsp_hit-to>69</Hsp_hit-to>
      <Hsp_query-frame>0</Hsp_query-frame>
      <Hsp_hit-frame>0</Hsp_hit-frame>
      <Hsp_identity>21</Hsp_identity>
      <Hsp_positive>28</Hsp_positive>
      <Hsp_gaps>12</Hsp_gaps>
      <Hsp_align-len>78</Hsp_align-len>
      <Hsp_qseq>FRSGLEDKVSKQLESKGIKFEYEEWKVPYVIPASNHTYTPDFLLPNGIFVETKGLWESDDRKKHLLIREQHPELDIRI</Hsp_qseq>
      <Hsp_hseq>LRSFTETVVTTPTDTFPISFEYDE------------KYDAVHVFLNDVAVEDLGYTVSQVNAVTLKIEPAIPEGTVRI</Hsp_hseq>
      <Hsp_midline> RS  E  V+   ++  I FEY+E             Y    +  N + VE  G   S      L I    PE  +RI</Hsp_midline>
    </Hsp>
  </Hit_hsps>
</Hit>
<Hit>
  <Hit_num>4</Hit_num>
  <Hit_id>gnl|BL_ORD_ID|2</Hit_id>
  <Hit_def>ASN73401.1 tail fiber protein [Acinetobacter phage vB_AbaP_B3]</Hit_def>
  <Hit_accession>2</Hit_accession>
  <Hit_len>699</Hit_len>
  <Hit_hsps>
    <Hsp>
      <Hsp_num>1</Hsp_num>
      <Hsp_bit-score>19.2458</Hsp_bit-score>
      <Hsp_score>38</Hsp_score>
      <Hsp_evalue>3.15456</Hsp_evalue>
      <Hsp_query-from>31</Hsp_query-from>
      <Hsp_query-to>54</Hsp_query-to>
      <Hsp_hit-from>4</Hsp_hit-from>
      <Hsp_hit-to>27</Hsp_hit-to>
      <Hsp_query-frame>0</Hsp_query-frame>
      <Hsp_hit-frame>0</Hsp_hit-frame>
      <Hsp_identity>9</Hsp_identity>
      <Hsp_positive>13</Hsp_positive>
      <Hsp_gaps>0</Hsp_gaps>
      <Hsp_align-len>24</Hsp_align-len>
      <Hsp_qseq>FRSGLEDKVSKQLESKGIKFEYEE</Hsp_qseq>
      <Hsp_hseq>LRSFTETVVTTPTDTFPISFEYDE</Hsp_hseq>
      <Hsp_midline> RS  E  V+   ++  I FEY+E</Hsp_midline>
    </Hsp>
  </Hit_hsps>
</Hit>
<Hit>
  <Hit_num>5</Hit_num>
  <Hit_id>gnl|BL_ORD_ID|13</Hit_id>
  <Hit_def>ASN73353.1 tailspike protein [Acinetobacter phage vB_AbaP_B1]</Hit_def>
  <Hit_accession>13</Hit_accession>
  <Hit_len>760</Hit_len>
  <Hit_hsps>
    <Hsp>
      <Hsp_num>1</Hsp_num>
      <Hsp_bit-score>19.2458</Hsp_bit-score>
      <Hsp_score>38</Hsp_score>
      <Hsp_evalue>3.16946</Hsp_evalue>
      <Hsp_query-from>31</Hsp_query-from>
      <Hsp_query-to>54</Hsp_query-to>
      <Hsp_hit-from>4</Hsp_hit-from>
      <Hsp_hit-to>27</Hsp_hit-to>
      <Hsp_query-frame>0</Hsp_query-frame>
      <Hsp_hit-frame>0</Hsp_hit-frame>
      <Hsp_identity>9</Hsp_identity>
      <Hsp_positive>13</Hsp_positive>
      <Hsp_gaps>0</Hsp_gaps>
      <Hsp_align-len>24</Hsp_align-len>
      <Hsp_qseq>FRSGLEDKVSKQLESKGIKFEYEE</Hsp_qseq>
      <Hsp_hseq>LRSFTETVVTTPTDTFPISFEYDE</Hsp_hseq>
      <Hsp_midline> RS  E  V+   ++  I FEY+E</Hsp_midline>
    </Hsp>
    <Hsp>
      <Hsp_num>2</Hsp_num>
      <Hsp_bit-score>17.705</Hsp_bit-score>
      <Hsp_score>34</Hsp_score>
      <Hsp_evalue>9.37212</Hsp_evalue>
      <Hsp_query-from>31</Hsp_query-from>
      <Hsp_query-to>90</Hsp_query-to>
      <Hsp_hit-from>376</Hsp_hit-from>
      <Hsp_hit-to>440</Hsp_hit-to>
      <Hsp_query-frame>0</Hsp_query-frame>
      <Hsp_hit-frame>0</Hsp_hit-frame>
      <Hsp_identity>12</Hsp_identity>
      <Hsp_positive>29</Hsp_positive>
      <Hsp_gaps>7</Hsp_gaps>
      <Hsp_align-len>66</Hsp_align-len>
      <Hsp_qseq>FRSGLEDKVSKQLESKGIKFEYEEWKVPYVIPASNHTYTPDFLLP------NGIFVETKGLWESDD</Hsp_qseq>
      <Hsp_hseq>FKAYVKREVGRQY-TQSVSINHNHLTGVYRVIESDKSYNLDFSYNMCEACIGGIYVGVDAPWDPNN</Hsp_hseq>
      <Hsp_midline>F++ ++ +V +Q  ++ +   +      Y +  S+ +Y  DF          GI+V     W+ ++</Hsp_midline>
    </Hsp>
  </Hit_hsps>
</Hit>
<Hit>
  <Hit_num>6</Hit_num>
  <Hit_id>gnl|BL_ORD_ID|12</Hit_id>
  <Hit_def>ASN73558.1 tailspike protein [Acinetobacter phage vB_ApiP_P2]</Hit_def>
  <Hit_accession>12</Hit_accession>
  <Hit_len>799</Hit_len>
  <Hit_hsps>
    <Hsp>
      <Hsp_num>1</Hsp_num>
      <Hsp_bit-score>19.2458</Hsp_bit-score>
      <Hsp_score>38</Hsp_score>
      <Hsp_evalue>3.17779</Hsp_evalue>
      <Hsp_query-from>31</Hsp_query-from>
      <Hsp_query-to>54</Hsp_query-to>
      <Hsp_hit-from>4</Hsp_hit-from>
      <Hsp_hit-to>27</Hsp_hit-to>
      <Hsp_query-frame>0</Hsp_query-frame>
      <Hsp_hit-frame>0</Hsp_hit-frame>
      <Hsp_identity>9</Hsp_identity>
      <Hsp_positive>13</Hsp_positive>
      <Hsp_gaps>0</Hsp_gaps>
      <Hsp_align-len>24</Hsp_align-len>
      <Hsp_qseq>FRSGLEDKVSKQLESKGIKFEYEE</Hsp_qseq>
      <Hsp_hseq>LRSFTETVVTTPTDTFPISFEYDE</Hsp_hseq>
      <Hsp_midline> RS  E  V+   ++  I FEY+E</Hsp_midline>
    </Hsp>
  </Hit_hsps>
</Hit>
<Hit>
  <Hit_num>7</Hit_num>
  <Hit_id>gnl|BL_ORD_ID|15</Hit_id>
  <Hit_def>BBF66844.1 tail spike protein [Klebsiella phage KN1-1]</Hit_def>
  <Hit_accession>15</Hit_accession>
  <Hit_len>820</Hit_len>
  <Hit_hsps>
    <Hsp>
      <Hsp_num>1</Hsp_num>
      <Hsp_bit-score>18.0902</Hsp_bit-score>
      <Hsp_score>35</Hsp_score>
      <Hsp_evalue>6.19669</Hsp_evalue>
      <Hsp_query-from>20</Hsp_query-from>
      <Hsp_query-to>31</Hsp_query-to>
      <Hsp_hit-from>369</Hsp_hit-from>
      <Hsp_hit-to>380</Hsp_hit-to>
      <Hsp_query-frame>0</Hsp_query-frame>
      <Hsp_hit-frame>0</Hsp_hit-frame>
      <Hsp_identity>6</Hsp_identity>
      <Hsp_positive>9</Hsp_positive>
      <Hsp_gaps>0</Hsp_gaps>
      <Hsp_align-len>12</Hsp_align-len>
      <Hsp_qseq>YGAKGIRKVGAF</Hsp_qseq>
      <Hsp_hseq>YVLKGIKTIGAY</Hsp_hseq>
      <Hsp_midline>Y  KGI+ +GA+</Hsp_midline>
    </Hsp>
  </Hit_hsps>
</Hit>
</Iteration_hits>
  <Iteration_stat>
    <Statistics>
      <Statistics_db-num>21</Statistics_db-num>
      <Statistics_db-len>15367</Statistics_db-len>
      <Statistics_hsp-len>49</Statistics_hsp-len>
      <Statistics_eff-space>1663208</Statistics_eff-space>
      <Statistics_kappa>0.041</Statistics_kappa>
      <Statistics_lambda>0.267</Statistics_lambda>
      <Statistics_entropy>0.14</Statistics_entropy>
    </Statistics>
  </Iteration_stat>
</Iteration>
<Iteration>
  <Iteration_iter-num>15</Iteration_iter-num>
  <Iteration_query-ID>Query_15</Iteration_query-ID>
  <Iteration_query-def>lcl|MZ375233.1_prot_QZB83357.1_15 [locus_tag=T710L_20] [protein=lysozyme] [protein_id=QZB83357.1] [location=10707..11162] [gbkey=CDS]</Iteration_query-def>
  <Iteration_query-len>151</Iteration_query-len>
<Iteration_hits>
<Hit>
  <Hit_num>1</Hit_num>
  <Hit_id>gnl|BL_ORD_ID|5</Hit_id>
  <Hit_def>ARV77571.1 tail fiber protein [Pasteurella phage vB_PmuP_PHB02]</Hit_def>
  <Hit_accession>5</Hit_accession>
  <Hit_len>968</Hit_len>
  <Hit_hsps>
    <Hsp>
      <Hsp_num>1</Hsp_num>
      <Hsp_bit-score>21.557</Hsp_bit-score>
      <Hsp_score>44</Hsp_score>
      <Hsp_evalue>0.462133</Hsp_evalue>
      <Hsp_query-from>59</Hsp_query-from>
      <Hsp_query-to>99</Hsp_query-to>
      <Hsp_hit-from>395</Hsp_hit-from>
      <Hsp_hit-to>436</Hsp_hit-to>
      <Hsp_query-frame>0</Hsp_query-frame>
      <Hsp_hit-frame>0</Hsp_hit-frame>
      <Hsp_identity>15</Hsp_identity>
      <Hsp_positive>20</Hsp_positive>
      <Hsp_gaps>1</Hsp_gaps>
      <Hsp_align-len>42</Hsp_align-len>
      <Hsp_qseq>AGRDEMAVGSHAKGYNHNS-IGVCLVGGIDDKGKFDANFTPA</Hsp_qseq>
      <Hsp_hseq>AGEHKKIITSEASTYFINKPLFLSGVGGIELNGKLYAKTAPA</Hsp_hseq>
      <Hsp_midline>AG  +  + S A  Y  N  + +  VGGI+  GK  A   PA</Hsp_midline>
    </Hsp>
    <Hsp>
      <Hsp_num>2</Hsp_num>
      <Hsp_bit-score>19.2458</Hsp_bit-score>
      <Hsp_score>38</Hsp_score>
      <Hsp_evalue>2.6393</Hsp_evalue>
      <Hsp_query-from>16</Hsp_query-from>
      <Hsp_query-to>91</Hsp_query-to>
      <Hsp_hit-from>33</Hsp_hit-from>
      <Hsp_hit-to>117</Hsp_hit-to>
      <Hsp_query-frame>0</Hsp_query-frame>
      <Hsp_hit-frame>0</Hsp_hit-frame>
      <Hsp_identity>17</Hsp_identity>
      <Hsp_positive>41</Hsp_positive>
      <Hsp_gaps>21</Hsp_gaps>
      <Hsp_align-len>91</Hsp_align-len>
      <Hsp_qseq>FVHCSATKPSQNVGVREIRQWHKEQGW--LDVGYH------FIIKRDGTVEAGRD-------EMAVGSHAKGYNHNSIGVCLVGGIDDKGK</Hsp_qseq>
      <Hsp_hseq>YRYVSATQ------IRTTKTWQVSEGYEFIELRRHTSATERIVDFKDGSILRAQDLNISTIQALHIAEEARGLAADTLGVNDDGHLDARGR</Hsp_hseq>
      <Hsp_midline>+ + SAT+      +R  + W   +G+  +++  H       +  +DG++   +D        + +   A+G   +++GV   G +D +G+</Hsp_midline>
    </Hsp>
  </Hit_hsps>
</Hit>
<Hit>
  <Hit_num>2</Hit_num>
  <Hit_id>gnl|BL_ORD_ID|3</Hit_id>
  <Hit_def>YP_009006536.1 tail fiber protein [Acinetobacter phage Petty]</Hit_def>
  <Hit_accession>3</Hit_accession>
  <Hit_len>918</Hit_len>
  <Hit_hsps>
    <Hsp>
      <Hsp_num>1</Hsp_num>
      <Hsp_bit-score>19.631</Hsp_bit-score>
      <Hsp_score>39</Hsp_score>
      <Hsp_evalue>1.72825</Hsp_evalue>
      <Hsp_query-from>16</Hsp_query-from>
      <Hsp_query-to>58</Hsp_query-to>
      <Hsp_hit-from>14</Hsp_hit-from>
      <Hsp_hit-to>64</Hsp_hit-to>
      <Hsp_query-frame>0</Hsp_query-frame>
      <Hsp_hit-frame>0</Hsp_hit-frame>
      <Hsp_identity>12</Hsp_identity>
      <Hsp_positive>22</Hsp_positive>
      <Hsp_gaps>8</Hsp_gaps>
      <Hsp_align-len>51</Hsp_align-len>
      <Hsp_qseq>FVHCSATKPSQNVGV--------REIRQWHKEQGWLDVGYHFIIKRDGTVE</Hsp_qseq>
      <Hsp_hseq>FVEYKVTQPTTNFALPFEFVEAEQNLRVRLNGIDIEDLGYSFLVTNNITVQ</Hsp_hseq>
      <Hsp_midline>FV    T+P+ N  +        + +R         D+GY F++  + TV+</Hsp_midline>
    </Hsp>
  </Hit_hsps>
</Hit>
<Hit>
  <Hit_num>3</Hit_num>
  <Hit_id>gnl|BL_ORD_ID|4</Hit_id>
  <Hit_def>ASD51051.1 tail fibers protein [Pasteurella phage PHB01]</Hit_def>
  <Hit_accession>4</Hit_accession>
  <Hit_len>854</Hit_len>
  <Hit_hsps>
    <Hsp>
      <Hsp_num>1</Hsp_num>
      <Hsp_bit-score>19.2458</Hsp_bit-score>
      <Hsp_score>38</Hsp_score>
      <Hsp_evalue>2.2338</Hsp_evalue>
      <Hsp_query-from>30</Hsp_query-from>
      <Hsp_query-to>91</Hsp_query-to>
      <Hsp_hit-from>59</Hsp_hit-from>
      <Hsp_hit-to>135</Hsp_hit-to>
      <Hsp_query-frame>0</Hsp_query-frame>
      <Hsp_hit-frame>0</Hsp_hit-frame>
      <Hsp_identity>14</Hsp_identity>
      <Hsp_positive>35</Hsp_positive>
      <Hsp_gaps>15</Hsp_gaps>
      <Hsp_align-len>77</Hsp_align-len>
      <Hsp_qseq>VREIRQWHKEQGW--LDVGYH------FIIKRDGTVEAGRD-------EMAVGSHAKGYNHNSIGVCLVGGIDDKGK</Hsp_qseq>
      <Hsp_hseq>IRTTKTWQVSEGYEFIELRRHTSATERIVDFKDGSILRAQDLNISTIQALHIAEEARGLAADTLGVNDDGNLDARGR</Hsp_hseq>
      <Hsp_midline>+R  + W   +G+  +++  H       +  +DG++   +D        + +   A+G   +++GV   G +D +G+</Hsp_midline>
    </Hsp>
    <Hsp>
      <Hsp_num>2</Hsp_num>
      <Hsp_bit-score>18.8606</Hsp_bit-score>
      <Hsp_score>37</Hsp_score>
      <Hsp_evalue>3.75485</Hsp_evalue>
      <Hsp_query-from>44</Hsp_query-from>
      <Hsp_query-to>108</Hsp_query-to>
      <Hsp_hit-from>367</Hsp_hit-from>
      <Hsp_hit-to>424</Hsp_hit-to>
      <Hsp_query-frame>0</Hsp_query-frame>
      <Hsp_hit-frame>0</Hsp_hit-frame>
      <Hsp_identity>15</Hsp_identity>
      <Hsp_positive>30</Hsp_positive>
      <Hsp_gaps>7</Hsp_gaps>
      <Hsp_align-len>65</Hsp_align-len>
      <Hsp_qseq>DVGYHFIIKRDGTVEAGRDEMAVGSHAKGYNHNSIGVCLVGGIDDKGKFDANFTPAQMQSLRSLL</Hsp_qseq>
      <Hsp_hseq>DGGSCFVVEENG----GRWKRILGSEISAFDFGVIG---DGVVDDSQSLNAFVKALSVYNIKGVL</Hsp_hseq>
      <Hsp_midline>D G  F+++ +G    GR +  +GS    ++   IG    G +DD    +A      + +++ +L</Hsp_midline>
    </Hsp>
  </Hit_hsps>
</Hit>
<Hit>
  <Hit_num>4</Hit_num>
  <Hit_id>gnl|BL_ORD_ID|19</Hit_id>
  <Hit_def>sp|P10930|FIB12_BPT4 Short tail fiber protein gp12 OS=Enterobacteria phage T4 OX=10665 GN=12 PE=1 SV=3</Hit_def>
  <Hit_accession>19</Hit_accession>
  <Hit_len>527</Hit_len>
  <Hit_hsps>
    <Hsp>
      <Hsp_num>1</Hsp_num>
      <Hsp_bit-score>18.0902</Hsp_bit-score>
      <Hsp_score>35</Hsp_score>
      <Hsp_evalue>6.31012</Hsp_evalue>
      <Hsp_query-from>22</Hsp_query-from>
      <Hsp_query-to>74</Hsp_query-to>
      <Hsp_hit-from>463</Hsp_hit-from>
      <Hsp_hit-to>516</Hsp_hit-to>
      <Hsp_query-frame>0</Hsp_query-frame>
      <Hsp_hit-frame>0</Hsp_hit-frame>
      <Hsp_identity>13</Hsp_identity>
      <Hsp_positive>24</Hsp_positive>
      <Hsp_gaps>3</Hsp_gaps>
      <Hsp_align-len>55</Hsp_align-len>
      <Hsp_qseq>TKPSQNVGVREIRQWHKEQGWLDVGYHFI--IKRDGTVEAGRDEMAVGSHAKGYN</Hsp_qseq>
      <Hsp_hseq>TRRSNFVGTRKGLDWDNRSYFTNDGYEIDPESQRNSKYTLNRPEL-IGNETRPWN</Hsp_hseq>
      <Hsp_midline>T+ S  VG R+   W     + + GY      +R+      R E+ +G+  + +N</Hsp_midline>
    </Hsp>
    <Hsp>
      <Hsp_num>2</Hsp_num>
      <Hsp_bit-score>17.705</Hsp_bit-score>
      <Hsp_score>34</Hsp_score>
      <Hsp_evalue>6.6588</Hsp_evalue>
      <Hsp_query-from>20</Hsp_query-from>
      <Hsp_query-to>85</Hsp_query-to>
      <Hsp_hit-from>182</Hsp_hit-from>
      <Hsp_hit-to>248</Hsp_hit-to>
      <Hsp_query-frame>0</Hsp_query-frame>
      <Hsp_hit-frame>0</Hsp_hit-frame>
      <Hsp_identity>16</Hsp_identity>
      <Hsp_positive>32</Hsp_positive>
      <Hsp_gaps>7</Hsp_gaps>
      <Hsp_align-len>70</Hsp_align-len>
      <Hsp_qseq>SATKPSQNV----GVREIRQWHKEQGWLDVGYHFIIKRDGTVEAGRDEMAVGSHAKGYNHNSIGVCLVGG</Hsp_qseq>
      <Hsp_hseq>TATESDQGVVQLATVAQVRQGTLREGYAISPYTFM--NSSSTEEYKGVIKLGTQSE-VNSNNASVAVTGA</Hsp_hseq>
      <Hsp_midline>+AT+  Q V     V ++RQ    +G+    Y F+     + E  +  + +G+ ++  N N+  V + G </Hsp_midline>
    </Hsp>
  </Hit_hsps>
</Hit>
<Hit>
  <Hit_num>5</Hit_num>
  <Hit_id>gnl|BL_ORD_ID|17</Hit_id>
  <Hit_def>tr|D9IEJ1|D9IEJ1_BPT4 Short tail fibers OS=Enterobacteria phage T4 OX=10665 GN=12 PE=4 SV=1</Hit_def>
  <Hit_accession>17</Hit_accession>
  <Hit_len>527</Hit_len>
  <Hit_hsps>
    <Hsp>
      <Hsp_num>1</Hsp_num>
      <Hsp_bit-score>18.0902</Hsp_bit-score>
      <Hsp_score>35</Hsp_score>
      <Hsp_evalue>6.36694</Hsp_evalue>
      <Hsp_query-from>22</Hsp_query-from>
      <Hsp_query-to>74</Hsp_query-to>
      <Hsp_hit-from>463</Hsp_hit-from>
      <Hsp_hit-to>516</Hsp_hit-to>
      <Hsp_query-frame>0</Hsp_query-frame>
      <Hsp_hit-frame>0</Hsp_hit-frame>
      <Hsp_identity>13</Hsp_identity>
      <Hsp_positive>24</Hsp_positive>
      <Hsp_gaps>3</Hsp_gaps>
      <Hsp_align-len>55</Hsp_align-len>
      <Hsp_qseq>TKPSQNVGVREIRQWHKEQGWLDVGYHFI--IKRDGTVEAGRDEMAVGSHAKGYN</Hsp_qseq>
      <Hsp_hseq>TRRSNFVGTRKGLDWDNRSYFTNDGYEIDPESQRNSKYTLNRPEL-IGNETRPWN</Hsp_hseq>
      <Hsp_midline>T+ S  VG R+   W     + + GY      +R+      R E+ +G+  + +N</Hsp_midline>
    </Hsp>
    <Hsp>
      <Hsp_num>2</Hsp_num>
      <Hsp_bit-score>17.3198</Hsp_bit-score>
      <Hsp_score>33</Hsp_score>
      <Hsp_evalue>9.11124</Hsp_evalue>
      <Hsp_query-from>58</Hsp_query-from>
      <Hsp_query-to>92</Hsp_query-to>
      <Hsp_hit-from>436</Hsp_hit-from>
      <Hsp_hit-to>460</Hsp_hit-to>
      <Hsp_query-frame>0</Hsp_query-frame>
      <Hsp_hit-frame>0</Hsp_hit-frame>
      <Hsp_identity>10</Hsp_identity>
      <Hsp_positive>14</Hsp_positive>
      <Hsp_gaps>10</Hsp_gaps>
      <Hsp_align-len>35</Hsp_align-len>
      <Hsp_qseq>EAGRDEMAVGSHAKGYNHNSIGVCLVGGIDDKGKF</Hsp_qseq>
      <Hsp_hseq>EVQKQQMSYHKHAGGF----------GEHDDSGAF</Hsp_hseq>
      <Hsp_midline>E  + +M+   HA G+          G  DD G F</Hsp_midline>
    </Hsp>
  </Hit_hsps>
</Hit>
<Hit>
  <Hit_num>6</Hit_num>
  <Hit_id>gnl|BL_ORD_ID|11</Hit_id>
  <Hit_def>ALJ97635.1 tail fiber protein [Acinetobacter phage IME-200]</Hit_def>
  <Hit_accession>11</Hit_accession>
  <Hit_len>693</Hit_len>
  <Hit_hsps>
    <Hsp>
      <Hsp_num>1</Hsp_num>
      <Hsp_bit-score>17.705</Hsp_bit-score>
      <Hsp_score>34</Hsp_score>
      <Hsp_evalue>8.92842</Hsp_evalue>
      <Hsp_query-from>121</Hsp_query-from>
      <Hsp_query-to>134</Hsp_query-to>
      <Hsp_hit-from>613</Hsp_hit-from>
      <Hsp_hit-to>626</Hsp_hit-to>
      <Hsp_query-frame>0</Hsp_query-frame>
      <Hsp_hit-frame>0</Hsp_hit-frame>
      <Hsp_identity>7</Hsp_identity>
      <Hsp_positive>8</Hsp_positive>
      <Hsp_gaps>0</Hsp_gaps>
      <Hsp_align-len>14</Hsp_align-len>
      <Hsp_qseq>RAHHEVAPKACPSF</Hsp_qseq>
      <Hsp_hseq>RTASTVAPMANPNF</Hsp_hseq>
      <Hsp_midline>R    VAP A P+F</Hsp_midline>
    </Hsp>
  </Hit_hsps>
</Hit>
</Iteration_hits>
  <Iteration_stat>
    <Statistics>
      <Statistics_db-num>21</Statistics_db-num>
      <Statistics_db-len>15367</Statistics_db-len>
      <Statistics_hsp-len>48</Statistics_hsp-len>
      <Statistics_eff-space>1478977</Statistics_eff-space>
      <Statistics_kappa>0.041</Statistics_kappa>
      <Statistics_lambda>0.267</Statistics_lambda>
      <Statistics_entropy>0.14</Statistics_entropy>
    </Statistics>
  </Iteration_stat>
</Iteration>
<Iteration>
  <Iteration_iter-num>16</Iteration_iter-num>
  <Iteration_query-ID>Query_16</Iteration_query-ID>
  <Iteration_query-def>lcl|MZ375233.1_prot_QZB83358.1_16 [locus_tag=T710L_21] [protein=putative NHN endonuclease] [protein_id=QZB83358.1] [location=11226..11591] [gbkey=CDS]</Iteration_query-def>
  <Iteration_query-len>121</Iteration_query-len>
<Iteration_hits>
<Hit>
  <Hit_num>1</Hit_num>
  <Hit_id>gnl|BL_ORD_ID|16</Hit_id>
  <Hit_def>sp|P23207|RBP5_BPT5 Receptor-binding protein pb5 OS=Escherichia phage T5 OX=2695836 GN=oad PE=1 SV=2</Hit_def>
  <Hit_accession>16</Hit_accession>
  <Hit_len>640</Hit_len>
  <Hit_hsps>
    <Hsp>
      <Hsp_num>1</Hsp_num>
      <Hsp_bit-score>19.631</Hsp_bit-score>
      <Hsp_score>39</Hsp_score>
      <Hsp_evalue>1.49138</Hsp_evalue>
      <Hsp_query-from>20</Hsp_query-from>
      <Hsp_query-to>39</Hsp_query-to>
      <Hsp_hit-from>291</Hsp_hit-from>
      <Hsp_hit-to>308</Hsp_hit-to>
      <Hsp_query-frame>0</Hsp_query-frame>
      <Hsp_hit-frame>0</Hsp_hit-frame>
      <Hsp_identity>9</Hsp_identity>
      <Hsp_positive>13</Hsp_positive>
      <Hsp_gaps>2</Hsp_gaps>
      <Hsp_align-len>20</Hsp_align-len>
      <Hsp_qseq>EAANGPIPKGYYIDHIDGNP</Hsp_qseq>
      <Hsp_hseq>DSANGPI--GIYSEHLGIYP</Hsp_hseq>
      <Hsp_midline>++ANGPI  G Y +H+   P</Hsp_midline>
    </Hsp>
  </Hit_hsps>
</Hit>
<Hit>
  <Hit_num>2</Hit_num>
  <Hit_id>gnl|BL_ORD_ID|3</Hit_id>
  <Hit_def>YP_009006536.1 tail fiber protein [Acinetobacter phage Petty]</Hit_def>
  <Hit_accession>3</Hit_accession>
  <Hit_len>918</Hit_len>
  <Hit_hsps>
    <Hsp>
      <Hsp_num>1</Hsp_num>
      <Hsp_bit-score>19.2458</Hsp_bit-score>
      <Hsp_score>38</Hsp_score>
      <Hsp_evalue>1.67996</Hsp_evalue>
      <Hsp_query-from>23</Hsp_query-from>
      <Hsp_query-to>41</Hsp_query-to>
      <Hsp_hit-from>729</Hsp_hit-from>
      <Hsp_hit-to>747</Hsp_hit-to>
      <Hsp_query-frame>0</Hsp_query-frame>
      <Hsp_hit-frame>0</Hsp_hit-frame>
      <Hsp_identity>8</Hsp_identity>
      <Hsp_positive>9</Hsp_positive>
      <Hsp_gaps>0</Hsp_gaps>
      <Hsp_align-len>19</Hsp_align-len>
      <Hsp_qseq>NGPIPKGYYIDHIDGNPLN</Hsp_qseq>
      <Hsp_hseq>NGSVANGYPFDGFGGTVLN</Hsp_hseq>
      <Hsp_midline>NG +  GY  D   G  LN</Hsp_midline>
    </Hsp>
    <Hsp>
      <Hsp_num>2</Hsp_num>
      <Hsp_bit-score>18.4754</Hsp_bit-score>
      <Hsp_score>36</Hsp_score>
      <Hsp_evalue>3.52463</Hsp_evalue>
      <Hsp_query-from>54</Hsp_query-from>
      <Hsp_query-to>63</Hsp_query-to>
      <Hsp_hit-from>847</Hsp_hit-from>
      <Hsp_hit-to>856</Hsp_hit-to>
      <Hsp_query-frame>0</Hsp_query-frame>
      <Hsp_hit-frame>0</Hsp_hit-frame>
      <Hsp_identity>5</Hsp_identity>
      <Hsp_positive>8</Hsp_positive>
      <Hsp_gaps>0</Hsp_gaps>
      <Hsp_align-len>10</Hsp_align-len>
      <Hsp_qseq>ENSWNMKTPK</Hsp_qseq>
      <Hsp_hseq>DNGWYIETPK</Hsp_hseq>
      <Hsp_midline>+N W ++TPK</Hsp_midline>
    </Hsp>
  </Hit_hsps>
</Hit>
<Hit>
  <Hit_num>3</Hit_num>
  <Hit_id>gnl|BL_ORD_ID|7</Hit_id>
  <Hit_def>NP_059644.1 tailspike protein [Salmonella phage P22]</Hit_def>
  <Hit_accession>7</Hit_accession>
  <Hit_len>667</Hit_len>
  <Hit_hsps>
    <Hsp>
      <Hsp_num>1</Hsp_num>
      <Hsp_bit-score>19.2458</Hsp_bit-score>
      <Hsp_score>38</Hsp_score>
      <Hsp_evalue>2.04278</Hsp_evalue>
      <Hsp_query-from>79</Hsp_query-from>
      <Hsp_query-to>98</Hsp_query-to>
      <Hsp_hit-from>364</Hsp_hit-from>
      <Hsp_hit-to>384</Hsp_hit-to>
      <Hsp_query-frame>0</Hsp_query-frame>
      <Hsp_hit-frame>0</Hsp_hit-frame>
      <Hsp_identity>7</Hsp_identity>
      <Hsp_positive>13</Hsp_positive>
      <Hsp_gaps>1</Hsp_gaps>
      <Hsp_align-len>21</Hsp_align-len>
      <Hsp_qseq>EMWRGTV-TAEGKQHNFRSRD</Hsp_qseq>
      <Hsp_hseq>KTWQGTVGSTTSRNYNLQFRD</Hsp_hseq>
      <Hsp_midline>+ W+GTV +   + +N + RD</Hsp_midline>
    </Hsp>
    <Hsp>
      <Hsp_num>2</Hsp_num>
      <Hsp_bit-score>17.705</Hsp_bit-score>
      <Hsp_score>34</Hsp_score>
      <Hsp_evalue>5.90066</Hsp_evalue>
      <Hsp_query-from>39</Hsp_query-from>
      <Hsp_query-to>47</Hsp_query-to>
      <Hsp_hit-from>424</Hsp_hit-from>
      <Hsp_hit-to>432</Hsp_hit-to>
      <Hsp_query-frame>0</Hsp_query-frame>
      <Hsp_hit-frame>0</Hsp_hit-frame>
      <Hsp_identity>6</Hsp_identity>
      <Hsp_positive>7</Hsp_positive>
      <Hsp_gaps>0</Hsp_gaps>
      <Hsp_align-len>9</Hsp_align-len>
      <Hsp_qseq>PLNDALDNL</Hsp_qseq>
      <Hsp_hseq>PLNHLIDNL</Hsp_hseq>
      <Hsp_midline>PLN  +DNL</Hsp_midline>
    </Hsp>
  </Hit_hsps>
</Hit>
<Hit>
  <Hit_num>4</Hit_num>
  <Hit_id>gnl|BL_ORD_ID|20</Hit_id>
  <Hit_def>YP_008532047.1 putative tail fiber protein [Taipeivirus 0507KN21]</Hit_def>
  <Hit_accession>20</Hit_accession>
  <Hit_len>1245</Hit_len>
  <Hit_hsps>
    <Hsp>
      <Hsp_num>1</Hsp_num>
      <Hsp_bit-score>18.4754</Hsp_bit-score>
      <Hsp_score>36</Hsp_score>
      <Hsp_evalue>3.02054</Hsp_evalue>
      <Hsp_query-from>66</Hsp_query-from>
      <Hsp_query-to>88</Hsp_query-to>
      <Hsp_hit-from>1005</Hsp_hit-from>
      <Hsp_hit-to>1027</Hsp_hit-to>
      <Hsp_query-frame>0</Hsp_query-frame>
      <Hsp_hit-frame>0</Hsp_hit-frame>
      <Hsp_identity>8</Hsp_identity>
      <Hsp_positive>12</Hsp_positive>
      <Hsp_gaps>0</Hsp_gaps>
      <Hsp_align-len>23</Hsp_align-len>
      <Hsp_qseq>TSGLKGLSWSKEREMWRGTVTAE</Hsp_qseq>
      <Hsp_hseq>SSTLTGVSGSFSASSWLGTASGD</Hsp_hseq>
      <Hsp_midline>+S L G+S S     W GT + +</Hsp_midline>
    </Hsp>
  </Hit_hsps>
</Hit>
<Hit>
  <Hit_num>5</Hit_num>
  <Hit_id>gnl|BL_ORD_ID|19</Hit_id>
  <Hit_def>sp|P10930|FIB12_BPT4 Short tail fiber protein gp12 OS=Enterobacteria phage T4 OX=10665 GN=12 PE=1 SV=3</Hit_def>
  <Hit_accession>19</Hit_accession>
  <Hit_len>527</Hit_len>
  <Hit_hsps>
    <Hsp>
      <Hsp_num>1</Hsp_num>
      <Hsp_bit-score>17.705</Hsp_bit-score>
      <Hsp_score>34</Hsp_score>
      <Hsp_evalue>6.26526</Hsp_evalue>
      <Hsp_query-from>37</Hsp_query-from>
      <Hsp_query-to>48</Hsp_query-to>
      <Hsp_hit-from>385</Hsp_hit-from>
      <Hsp_hit-to>396</Hsp_hit-to>
      <Hsp_query-frame>0</Hsp_query-frame>
      <Hsp_hit-frame>0</Hsp_hit-frame>
      <Hsp_identity>6</Hsp_identity>
      <Hsp_positive>8</Hsp_positive>
      <Hsp_gaps>0</Hsp_gaps>
      <Hsp_align-len>12</Hsp_align-len>
      <Hsp_qseq>GNPLNDALDNLR</Hsp_qseq>
      <Hsp_hseq>GNPSNPGLPDMR</Hsp_hseq>
      <Hsp_midline>GNP N  L ++R</Hsp_midline>
    </Hsp>
  </Hit_hsps>
</Hit>
<Hit>
  <Hit_num>6</Hit_num>
  <Hit_id>gnl|BL_ORD_ID|17</Hit_id>
  <Hit_def>tr|D9IEJ1|D9IEJ1_BPT4 Short tail fibers OS=Enterobacteria phage T4 OX=10665 GN=12 PE=4 SV=1</Hit_def>
  <Hit_accession>17</Hit_accession>
  <Hit_len>527</Hit_len>
  <Hit_hsps>
    <Hsp>
      <Hsp_num>1</Hsp_num>
      <Hsp_bit-score>17.705</Hsp_bit-score>
      <Hsp_score>34</Hsp_score>
      <Hsp_evalue>6.43924</Hsp_evalue>
      <Hsp_query-from>37</Hsp_query-from>
      <Hsp_query-to>48</Hsp_query-to>
      <Hsp_hit-from>385</Hsp_hit-from>
      <Hsp_hit-to>396</Hsp_hit-to>
      <Hsp_query-frame>0</Hsp_query-frame>
      <Hsp_hit-frame>0</Hsp_hit-frame>
      <Hsp_identity>6</Hsp_identity>
      <Hsp_positive>8</Hsp_positive>
      <Hsp_gaps>0</Hsp_gaps>
      <Hsp_align-len>12</Hsp_align-len>
      <Hsp_qseq>GNPLNDALDNLR</Hsp_qseq>
      <Hsp_hseq>GNPSNPGLPDMR</Hsp_hseq>
      <Hsp_midline>GNP N  L ++R</Hsp_midline>
    </Hsp>
  </Hit_hsps>
</Hit>
<Hit>
  <Hit_num>7</Hit_num>
  <Hit_id>gnl|BL_ORD_ID|14</Hit_id>
  <Hit_def>ASN73455.2 tailspike protein [Acinetobacter phage vB_AbaP_B5]</Hit_def>
  <Hit_accession>14</Hit_accession>
  <Hit_len>761</Hit_len>
  <Hit_hsps>
    <Hsp>
      <Hsp_num>1</Hsp_num>
      <Hsp_bit-score>17.3198</Hsp_bit-score>
      <Hsp_score>33</Hsp_score>
      <Hsp_evalue>7.45351</Hsp_evalue>
      <Hsp_query-from>73</Hsp_query-from>
      <Hsp_query-to>83</Hsp_query-to>
      <Hsp_hit-from>548</Hsp_hit-from>
      <Hsp_hit-to>558</Hsp_hit-to>
      <Hsp_query-frame>0</Hsp_query-frame>
      <Hsp_hit-frame>0</Hsp_hit-frame>
      <Hsp_identity>4</Hsp_identity>
      <Hsp_positive>6</Hsp_positive>
      <Hsp_gaps>0</Hsp_gaps>
      <Hsp_align-len>11</Hsp_align-len>
      <Hsp_qseq>SWSKEREMWRG</Hsp_qseq>
      <Hsp_hseq>NWTNAYRMWSG</Hsp_hseq>
      <Hsp_midline>+W+    MW G</Hsp_midline>
    </Hsp>
  </Hit_hsps>
</Hit>
</Iteration_hits>
  <Iteration_stat>
    <Statistics>
      <Statistics_db-num>21</Statistics_db-num>
      <Statistics_db-len>15367</Statistics_db-len>
      <Statistics_hsp-len>46</Statistics_hsp-len>
      <Statistics_eff-space>1080075</Statistics_eff-space>
      <Statistics_kappa>0.041</Statistics_kappa>
      <Statistics_lambda>0.267</Statistics_lambda>
      <Statistics_entropy>0.14</Statistics_entropy>
    </Statistics>
  </Iteration_stat>
</Iteration>
<Iteration>
  <Iteration_iter-num>17</Iteration_iter-num>
  <Iteration_query-ID>Query_17</Iteration_query-ID>
  <Iteration_query-def>lcl|MZ375233.1_prot_QZB83359.1_17 [locus_tag=T710L_24] [protein=helicase] [protein_id=QZB83359.1] [location=11755..13266] [gbkey=CDS]</Iteration_query-def>
  <Iteration_query-len>503</Iteration_query-len>
<Iteration_hits>
<Hit>
  <Hit_num>1</Hit_num>
  <Hit_id>gnl|BL_ORD_ID|10</Hit_id>
  <Hit_def>YP_009203055.1 tail spike protein [Acinetobacter phage Fri1]</Hit_def>
  <Hit_accession>10</Hit_accession>
  <Hit_len>783</Hit_len>
  <Hit_hsps>
    <Hsp>
      <Hsp_num>1</Hsp_num>
      <Hsp_bit-score>25.409</Hsp_bit-score>
      <Hsp_score>54</Hsp_score>
      <Hsp_evalue>0.133614</Hsp_evalue>
      <Hsp_query-from>435</Hsp_query-from>
      <Hsp_query-to>478</Hsp_query-to>
      <Hsp_hit-from>519</Hsp_hit-from>
      <Hsp_hit-to>555</Hsp_hit-to>
      <Hsp_query-frame>0</Hsp_query-frame>
      <Hsp_hit-frame>0</Hsp_hit-frame>
      <Hsp_identity>15</Hsp_identity>
      <Hsp_positive>19</Hsp_positive>
      <Hsp_gaps>7</Hsp_gaps>
      <Hsp_align-len>44</Hsp_align-len>
      <Hsp_qseq>TIIALERNQQGDMPNLVLVRILKCRFTGDTGIAGYMEYNKETGW</Hsp_qseq>
      <Hsp_hseq>TVLVKEQNTPTGSPN---VKFLNCRFKGKATIRN----NCANGW</Hsp_hseq>
      <Hsp_midline>T++  E+N     PN   V+ L CRF G   I      N   GW</Hsp_midline>
    </Hsp>
    <Hsp>
      <Hsp_num>2</Hsp_num>
      <Hsp_bit-score>24.6386</Hsp_bit-score>
      <Hsp_score>52</Hsp_score>
      <Hsp_evalue>0.203248</Hsp_evalue>
      <Hsp_query-from>249</Hsp_query-from>
      <Hsp_query-to>317</Hsp_query-to>
      <Hsp_hit-from>232</Hsp_hit-from>
      <Hsp_hit-to>295</Hsp_hit-to>
      <Hsp_query-frame>0</Hsp_query-frame>
      <Hsp_hit-frame>0</Hsp_hit-frame>
      <Hsp_identity>17</Hsp_identity>
      <Hsp_positive>33</Hsp_positive>
      <Hsp_gaps>7</Hsp_gaps>
      <Hsp_align-len>70</Hsp_align-len>
      <Hsp_qseq>SGSGMGKSTFVRQQALQW-GTAMGKKVGLAMLEESVEETAEDLIGLHNRVRLRQSDSLKREIIENGKFDQ</Hsp_qseq>
      <Hsp_hseq>AGTGFGGATYL------WDANNTATDDGLSVIRVTGAATGAWLLQVHNKVLHATQAGLRAELLESDLIDQ</Hsp_hseq>
      <Hsp_midline>+G+G G +T++      W         GL+++  +   T   L+ +HN+V       L+ E++E+   DQ</Hsp_midline>
    </Hsp>
  </Hit_hsps>
</Hit>
<Hit>
  <Hit_num>2</Hit_num>
  <Hit_id>gnl|BL_ORD_ID|14</Hit_id>
  <Hit_def>ASN73455.2 tailspike protein [Acinetobacter phage vB_AbaP_B5]</Hit_def>
  <Hit_accession>14</Hit_accession>
  <Hit_len>761</Hit_len>
  <Hit_hsps>
    <Hsp>
      <Hsp_num>1</Hsp_num>
      <Hsp_bit-score>20.7866</Hsp_bit-score>
      <Hsp_score>42</Hsp_score>
      <Hsp_evalue>3.98357</Hsp_evalue>
      <Hsp_query-from>439</Hsp_query-from>
      <Hsp_query-to>469</Hsp_query-to>
      <Hsp_hit-from>475</Hsp_hit-from>
      <Hsp_hit-to>500</Hsp_hit-to>
      <Hsp_query-frame>0</Hsp_query-frame>
      <Hsp_hit-frame>0</Hsp_hit-frame>
      <Hsp_identity>12</Hsp_identity>
      <Hsp_positive>13</Hsp_positive>
      <Hsp_gaps>7</Hsp_gaps>
      <Hsp_align-len>32</Hsp_align-len>
      <Hsp_qseq>LERNQQGDMPNLVLVRILKCRF-TGDTGIAGY</Hsp_qseq>
      <Hsp_hseq>FEGNSAGDMPT------MKCLIELGKVGTTGY</Hsp_hseq>
      <Hsp_midline> E N  GDMP       +KC    G  G  GY</Hsp_midline>
    </Hsp>
  </Hit_hsps>
</Hit>
<Hit>
  <Hit_num>3</Hit_num>
  <Hit_id>gnl|BL_ORD_ID|2</Hit_id>
  <Hit_def>ASN73401.1 tail fiber protein [Acinetobacter phage vB_AbaP_B3]</Hit_def>
  <Hit_accession>2</Hit_accession>
  <Hit_len>699</Hit_len>
  <Hit_hsps>
    <Hsp>
      <Hsp_num>1</Hsp_num>
      <Hsp_bit-score>19.631</Hsp_bit-score>
      <Hsp_score>39</Hsp_score>
      <Hsp_evalue>8.05608</Hsp_evalue>
      <Hsp_query-from>52</Hsp_query-from>
      <Hsp_query-to>99</Hsp_query-to>
      <Hsp_hit-from>220</Hsp_hit-from>
      <Hsp_hit-to>272</Hsp_hit-to>
      <Hsp_query-frame>0</Hsp_query-frame>
      <Hsp_hit-frame>0</Hsp_hit-frame>
      <Hsp_identity>14</Hsp_identity>
      <Hsp_positive>27</Hsp_positive>
      <Hsp_gaps>11</Hsp_gaps>
      <Hsp_align-len>56</Hsp_align-len>
      <Hsp_qseq>NGNIVS--------QKVRDKDKNFKTTGSHKSDALFGKHLWNGGKKIVVTEGEIDM</Hsp_qseq>
      <Hsp_hseq>NGNLVTVDNFGAKGDGVTDDSAAFQ---AYCDSALTGQNLYLGAKGRYIIKNQVDL</Hsp_hseq>
      <Hsp_midline>NGN+V+          V D    F+   ++   AL G++L+ G K   + + ++D+</Hsp_midline>
    </Hsp>
  </Hit_hsps>
</Hit>
<Hit>
  <Hit_num>4</Hit_num>
  <Hit_id>gnl|BL_ORD_ID|20</Hit_id>
  <Hit_def>YP_008532047.1 putative tail fiber protein [Taipeivirus 0507KN21]</Hit_def>
  <Hit_accession>20</Hit_accession>
  <Hit_len>1245</Hit_len>
  <Hit_hsps>
    <Hsp>
      <Hsp_num>1</Hsp_num>
      <Hsp_bit-score>19.631</Hsp_bit-score>
      <Hsp_score>39</Hsp_score>
      <Hsp_evalue>8.16348</Hsp_evalue>
      <Hsp_query-from>19</Hsp_query-from>
      <Hsp_query-to>47</Hsp_query-to>
      <Hsp_hit-from>564</Hsp_hit-from>
      <Hsp_hit-to>592</Hsp_hit-to>
      <Hsp_query-frame>0</Hsp_query-frame>
      <Hsp_hit-frame>0</Hsp_hit-frame>
      <Hsp_identity>10</Hsp_identity>
      <Hsp_positive>14</Hsp_positive>
      <Hsp_gaps>0</Hsp_gaps>
      <Hsp_align-len>29</Hsp_align-len>
      <Hsp_qseq>TARGISKETCQKAGYWIAKVDGVMYQVAD</Hsp_qseq>
      <Hsp_hseq>TFEGVYYENCLSAGWVIAIPEKSQYNRAN</Hsp_hseq>
      <Hsp_midline>T  G+  E C  AG+ IA  +   Y  A+</Hsp_midline>
    </Hsp>
  </Hit_hsps>
</Hit>
<Hit>
  <Hit_num>5</Hit_num>
  <Hit_id>gnl|BL_ORD_ID|12</Hit_id>
  <Hit_def>ASN73558.1 tailspike protein [Acinetobacter phage vB_ApiP_P2]</Hit_def>
  <Hit_accession>12</Hit_accession>
  <Hit_len>799</Hit_len>
  <Hit_hsps>
    <Hsp>
      <Hsp_num>1</Hsp_num>
      <Hsp_bit-score>19.631</Hsp_bit-score>
      <Hsp_score>39</Hsp_score>
      <Hsp_evalue>8.48166</Hsp_evalue>
      <Hsp_query-from>139</Hsp_query-from>
      <Hsp_query-to>164</Hsp_query-to>
      <Hsp_hit-from>408</Hsp_hit-from>
      <Hsp_hit-to>433</Hsp_hit-to>
      <Hsp_query-frame>0</Hsp_query-frame>
      <Hsp_hit-frame>0</Hsp_hit-frame>
      <Hsp_identity>10</Hsp_identity>
      <Hsp_positive>13</Hsp_positive>
      <Hsp_gaps>0</Hsp_gaps>
      <Hsp_align-len>26</Hsp_align-len>
      <Hsp_qseq>IILMFDMDEAGRKAVEEAAQVLPAGK</Hsp_qseq>
      <Hsp_hseq>IIAHNNISECGLYAIELETQVASKGK</Hsp_hseq>
      <Hsp_midline>II   ++ E G  A+E   QV   GK</Hsp_midline>
    </Hsp>
  </Hit_hsps>
</Hit>
<Hit>
  <Hit_num>6</Hit_num>
  <Hit_id>gnl|BL_ORD_ID|11</Hit_id>
  <Hit_def>ALJ97635.1 tail fiber protein [Acinetobacter phage IME-200]</Hit_def>
  <Hit_accession>11</Hit_accession>
  <Hit_len>693</Hit_len>
  <Hit_hsps>
    <Hsp>
      <Hsp_num>1</Hsp_num>
      <Hsp_bit-score>19.2458</Hsp_bit-score>
      <Hsp_score>38</Hsp_score>
      <Hsp_evalue>9.55469</Hsp_evalue>
      <Hsp_query-from>9</Hsp_query-from>
      <Hsp_query-to>57</Hsp_query-to>
      <Hsp_hit-from>634</Hsp_hit-from>
      <Hsp_hit-to>679</Hsp_hit-to>
      <Hsp_query-frame>0</Hsp_query-frame>
      <Hsp_hit-frame>0</Hsp_hit-frame>
      <Hsp_identity>13</Hsp_identity>
      <Hsp_positive>26</Hsp_positive>
      <Hsp_gaps>3</Hsp_gaps>
      <Hsp_align-len>49</Hsp_align-len>
      <Hsp_qseq>GESNGRYSALTARGISKETCQKAGYWIAKVDGVMYQVADYRDQNGNIVS</Hsp_qseq>
      <Hsp_hseq>GSATGTLAAVSYSLQAIET--YSGSWTVYKEAAGFKIA-FRDQTGALVN</Hsp_hseq>
      <Hsp_midline>G + G  +A++    + ET   +G W    +   +++A +RDQ G +V+</Hsp_midline>
    </Hsp>
  </Hit_hsps>
</Hit>
</Iteration_hits>
  <Iteration_stat>
    <Statistics>
      <Statistics_db-num>21</Statistics_db-num>
      <Statistics_db-len>15367</Statistics_db-len>
      <Statistics_hsp-len>58</Statistics_hsp-len>
      <Statistics_eff-space>6296305</Statistics_eff-space>
      <Statistics_kappa>0.041</Statistics_kappa>
      <Statistics_lambda>0.267</Statistics_lambda>
      <Statistics_entropy>0.14</Statistics_entropy>
    </Statistics>
  </Iteration_stat>
</Iteration>
<Iteration>
  <Iteration_iter-num>18</Iteration_iter-num>
  <Iteration_query-ID>Query_18</Iteration_query-ID>
  <Iteration_query-def>lcl|MZ375233.1_prot_QZB83360.1_18 [locus_tag=T710L_26] [protein=hypothetical protein] [protein_id=QZB83360.1] [location=13353..13565] [gbkey=CDS]</Iteration_query-def>
  <Iteration_query-len>70</Iteration_query-len>
<Iteration_hits>
<Hit>
  <Hit_num>1</Hit_num>
  <Hit_id>gnl|BL_ORD_ID|4</Hit_id>
  <Hit_def>ASD51051.1 tail fibers protein [Pasteurella phage PHB01]</Hit_def>
  <Hit_accession>4</Hit_accession>
  <Hit_len>854</Hit_len>
  <Hit_hsps>
    <Hsp>
      <Hsp_num>1</Hsp_num>
      <Hsp_bit-score>16.1642</Hsp_bit-score>
      <Hsp_score>30</Hsp_score>
      <Hsp_evalue>8.19235</Hsp_evalue>
      <Hsp_query-from>16</Hsp_query-from>
      <Hsp_query-to>64</Hsp_query-to>
      <Hsp_hit-from>200</Hsp_hit-from>
      <Hsp_hit-to>262</Hsp_hit-to>
      <Hsp_query-frame>0</Hsp_query-frame>
      <Hsp_hit-frame>0</Hsp_hit-frame>
      <Hsp_identity>16</Hsp_identity>
      <Hsp_positive>27</Hsp_positive>
      <Hsp_gaps>14</Hsp_gaps>
      <Hsp_align-len>63</Hsp_align-len>
      <Hsp_qseq>YNVEAKRLNDEARKEATQSRALAIRSNELADSASTK--------------VTEAARVANQAQQ</Hsp_qseq>
      <Hsp_hseq>HKVASESARDRAETAASQAEQSANIASTKANQASQSEQNASTSASQASQSATKAEQEANKAQQ</Hsp_hseq>
      <Hsp_midline>+ V ++   D A   A+Q+   A  ++  A+ AS                 T+A + AN+AQQ</Hsp_midline>
    </Hsp>
  </Hit_hsps>
</Hit>
</Iteration_hits>
  <Iteration_stat>
    <Statistics>
      <Statistics_db-num>21</Statistics_db-num>
      <Statistics_db-len>15367</Statistics_db-len>
      <Statistics_hsp-len>39</Statistics_hsp-len>
      <Statistics_eff-space>450988</Statistics_eff-space>
      <Statistics_kappa>0.041</Statistics_kappa>
      <Statistics_lambda>0.267</Statistics_lambda>
      <Statistics_entropy>0.14</Statistics_entropy>
    </Statistics>
  </Iteration_stat>
</Iteration>
<Iteration>
  <Iteration_iter-num>19</Iteration_iter-num>
  <Iteration_query-ID>Query_19</Iteration_query-ID>
  <Iteration_query-def>lcl|MZ375233.1_prot_QZB83361.1_19 [locus_tag=T710L_27] [protein=hypothetical protein] [protein_id=QZB83361.1] [location=13585..13854] [gbkey=CDS]</Iteration_query-def>
  <Iteration_query-len>89</Iteration_query-len>
<Iteration_hits>
<Hit>
  <Hit_num>1</Hit_num>
  <Hit_id>gnl|BL_ORD_ID|5</Hit_id>
  <Hit_def>ARV77571.1 tail fiber protein [Pasteurella phage vB_PmuP_PHB02]</Hit_def>
  <Hit_accession>5</Hit_accession>
  <Hit_len>968</Hit_len>
  <Hit_hsps>
    <Hsp>
      <Hsp_num>1</Hsp_num>
      <Hsp_bit-score>18.8606</Hsp_bit-score>
      <Hsp_score>37</Hsp_score>
      <Hsp_evalue>1.28853</Hsp_evalue>
      <Hsp_query-from>23</Hsp_query-from>
      <Hsp_query-to>52</Hsp_query-to>
      <Hsp_hit-from>584</Hsp_hit-from>
      <Hsp_hit-to>613</Hsp_hit-to>
      <Hsp_query-frame>0</Hsp_query-frame>
      <Hsp_hit-frame>0</Hsp_hit-frame>
      <Hsp_identity>7</Hsp_identity>
      <Hsp_positive>17</Hsp_positive>
      <Hsp_gaps>0</Hsp_gaps>
      <Hsp_align-len>30</Hsp_align-len>
      <Hsp_qseq>INVRNGKATMVYRWKDSKSSKNHTQRMTLT</Hsp_qseq>
      <Hsp_hseq>INIENGSSNTIEDARFERNPKNPDELLTIS</Hsp_hseq>
      <Hsp_midline>IN+ NG +  +   +  ++ KN  + +T++</Hsp_midline>
    </Hsp>
  </Hit_hsps>
</Hit>
<Hit>
  <Hit_num>2</Hit_num>
  <Hit_id>gnl|BL_ORD_ID|18</Hit_id>
  <Hit_def>YP_009909776.1 minor tail U family protein [Enterobacteria phage O276]</Hit_def>
  <Hit_accession>18</Hit_accession>
  <Hit_len>131</Hit_len>
  <Hit_hsps>
    <Hsp>
      <Hsp_num>1</Hsp_num>
      <Hsp_bit-score>17.705</Hsp_bit-score>
      <Hsp_score>34</Hsp_score>
      <Hsp_evalue>2.64182</Hsp_evalue>
      <Hsp_query-from>14</Hsp_query-from>
      <Hsp_query-to>25</Hsp_query-to>
      <Hsp_hit-from>55</Hsp_hit-from>
      <Hsp_hit-to>66</Hsp_hit-to>
      <Hsp_query-frame>0</Hsp_query-frame>
      <Hsp_hit-frame>0</Hsp_hit-frame>
      <Hsp_identity>5</Hsp_identity>
      <Hsp_positive>7</Hsp_positive>
      <Hsp_gaps>0</Hsp_gaps>
      <Hsp_align-len>12</Hsp_align-len>
      <Hsp_qseq>ADQWNRRVHINV</Hsp_qseq>
      <Hsp_hseq>SDTWQAELHIEV</Hsp_hseq>
      <Hsp_midline>+D W   +HI V</Hsp_midline>
    </Hsp>
  </Hit_hsps>
</Hit>
<Hit>
  <Hit_num>3</Hit_num>
  <Hit_id>gnl|BL_ORD_ID|13</Hit_id>
  <Hit_def>ASN73353.1 tailspike protein [Acinetobacter phage vB_AbaP_B1]</Hit_def>
  <Hit_accession>13</Hit_accession>
  <Hit_len>760</Hit_len>
  <Hit_hsps>
    <Hsp>
      <Hsp_num>1</Hsp_num>
      <Hsp_bit-score>17.3198</Hsp_bit-score>
      <Hsp_score>33</Hsp_score>
      <Hsp_evalue>4.57965</Hsp_evalue>
      <Hsp_query-from>17</Hsp_query-from>
      <Hsp_query-to>51</Hsp_query-to>
      <Hsp_hit-from>360</Hsp_hit-from>
      <Hsp_hit-to>394</Hsp_hit-to>
      <Hsp_query-frame>0</Hsp_query-frame>
      <Hsp_hit-frame>0</Hsp_hit-frame>
      <Hsp_identity>8</Hsp_identity>
      <Hsp_positive>17</Hsp_positive>
      <Hsp_gaps>0</Hsp_gaps>
      <Hsp_align-len>35</Hsp_align-len>
      <Hsp_qseq>WNRRVHINVRNGKATMVYRWKDSKSSKNHTQRMTL</Hsp_qseq>
      <Hsp_hseq>YNINVHHNNFKGNITIFKAYVKREVGRQYTQSVSI</Hsp_hseq>
      <Hsp_midline>+N  VH N   G  T+   +   +  + +TQ +++</Hsp_midline>
    </Hsp>
  </Hit_hsps>
</Hit>
</Iteration_hits>
  <Iteration_stat>
    <Statistics>
      <Statistics_db-num>21</Statistics_db-num>
      <Statistics_db-len>15367</Statistics_db-len>
      <Statistics_hsp-len>42</Statistics_hsp-len>
      <Statistics_eff-space>680795</Statistics_eff-space>
      <Statistics_kappa>0.041</Statistics_kappa>
      <Statistics_lambda>0.267</Statistics_lambda>
      <Statistics_entropy>0.14</Statistics_entropy>
    </Statistics>
  </Iteration_stat>
</Iteration>
<Iteration>
  <Iteration_iter-num>20</Iteration_iter-num>
  <Iteration_query-ID>Query_20</Iteration_query-ID>
  <Iteration_query-def>lcl|MZ375233.1_prot_QZB83362.1_20 [locus_tag=T710L_28] [protein=hypothetical protein] [protein_id=QZB83362.1] [location=13844..14335] [gbkey=CDS]</Iteration_query-def>
  <Iteration_query-len>163</Iteration_query-len>
<Iteration_hits>
<Hit>
  <Hit_num>1</Hit_num>
  <Hit_id>gnl|BL_ORD_ID|11</Hit_id>
  <Hit_def>ALJ97635.1 tail fiber protein [Acinetobacter phage IME-200]</Hit_def>
  <Hit_accession>11</Hit_accession>
  <Hit_len>693</Hit_len>
  <Hit_hsps>
    <Hsp>
      <Hsp_num>1</Hsp_num>
      <Hsp_bit-score>18.8606</Hsp_bit-score>
      <Hsp_score>37</Hsp_score>
      <Hsp_evalue>3.77265</Hsp_evalue>
      <Hsp_query-from>68</Hsp_query-from>
      <Hsp_query-to>150</Hsp_query-to>
      <Hsp_hit-from>398</Hsp_hit-from>
      <Hsp_hit-to>479</Hsp_hit-to>
      <Hsp_query-frame>0</Hsp_query-frame>
      <Hsp_hit-frame>0</Hsp_hit-frame>
      <Hsp_identity>21</Hsp_identity>
      <Hsp_positive>40</Hsp_positive>
      <Hsp_gaps>5</Hsp_gaps>
      <Hsp_align-len>85</Hsp_align-len>
      <Hsp_qseq>WTWTRQTGWKKPEVTKLSHK-VFD-KDTMTHIKAGDWVKVDMGVVGGYGYVRSVSGKYAQVSYITGVTPRGAIVADKTNMIHTGF</Hsp_qseq>
      <Hsp_hseq>WCESTRSGNAVDWIVNTSHQQLFNCKFGVNYIRAPWLDRTNPNDIAGSNSAGGIQAKNSAVA-VTGAT--GAKIRLNTNGLSTGF</Hsp_hseq>
      <Hsp_midline>W  + ++G     +   SH+ +F+ K  + +I+A    + +   + G      +  K + V+ +TG T  GA +   TN + TGF</Hsp_midline>
    </Hsp>
  </Hit_hsps>
</Hit>
<Hit>
  <Hit_num>2</Hit_num>
  <Hit_id>gnl|BL_ORD_ID|7</Hit_id>
  <Hit_def>NP_059644.1 tailspike protein [Salmonella phage P22]</Hit_def>
  <Hit_accession>7</Hit_accession>
  <Hit_len>667</Hit_len>
  <Hit_hsps>
    <Hsp>
      <Hsp_num>1</Hsp_num>
      <Hsp_bit-score>18.4754</Hsp_bit-score>
      <Hsp_score>36</Hsp_score>
      <Hsp_evalue>5.00583</Hsp_evalue>
      <Hsp_query-from>113</Hsp_query-from>
      <Hsp_query-to>134</Hsp_query-to>
      <Hsp_hit-from>578</Hsp_hit-from>
      <Hsp_hit-to>602</Hsp_hit-to>
      <Hsp_query-frame>0</Hsp_query-frame>
      <Hsp_hit-frame>0</Hsp_hit-frame>
      <Hsp_identity>8</Hsp_identity>
      <Hsp_positive>14</Hsp_positive>
      <Hsp_gaps>3</Hsp_gaps>
      <Hsp_align-len>25</Hsp_align-len>
      <Hsp_qseq>YGYVRSVSGK---YAQVSYITGVTP</Hsp_qseq>
      <Hsp_hseq>YSHINGGAGSGSAYTQLTAISGSTP</Hsp_hseq>
      <Hsp_midline>Y ++   +G    Y Q++ I+G TP</Hsp_midline>
    </Hsp>
    <Hsp>
      <Hsp_num>2</Hsp_num>
      <Hsp_bit-score>17.705</Hsp_bit-score>
      <Hsp_score>34</Hsp_score>
      <Hsp_evalue>7.95152</Hsp_evalue>
      <Hsp_query-from>99</Hsp_query-from>
      <Hsp_query-to>118</Hsp_query-to>
      <Hsp_hit-from>313</Hsp_hit-from>
      <Hsp_hit-to>334</Hsp_hit-to>
      <Hsp_query-frame>0</Hsp_query-frame>
      <Hsp_hit-frame>0</Hsp_hit-frame>
      <Hsp_identity>11</Hsp_identity>
      <Hsp_positive>14</Hsp_positive>
      <Hsp_gaps>4</Hsp_gaps>
      <Hsp_align-len>23</Hsp_align-len>
      <Hsp_qseq>AGDWVKVDMGVVGG---YGYVRS</Hsp_qseq>
      <Hsp_hseq>SGDWGKGNY-VIGGRTSYGSVSS</Hsp_hseq>
      <Hsp_midline>+GDW K +  V+GG   YG V S</Hsp_midline>
    </Hsp>
  </Hit_hsps>
</Hit>
<Hit>
  <Hit_num>3</Hit_num>
  <Hit_id>gnl|BL_ORD_ID|0</Hit_id>
  <Hit_def>ASN73504.1 tailspike protein [Acinetobacter phage vB_ApiP_P1]</Hit_def>
  <Hit_accession>0</Hit_accession>
  <Hit_len>749</Hit_len>
  <Hit_hsps>
    <Hsp>
      <Hsp_num>1</Hsp_num>
      <Hsp_bit-score>18.0902</Hsp_bit-score>
      <Hsp_score>35</Hsp_score>
      <Hsp_evalue>6.75548</Hsp_evalue>
      <Hsp_query-from>102</Hsp_query-from>
      <Hsp_query-to>131</Hsp_query-to>
      <Hsp_hit-from>205</Hsp_hit-from>
      <Hsp_hit-to>234</Hsp_hit-to>
      <Hsp_query-frame>0</Hsp_query-frame>
      <Hsp_hit-frame>0</Hsp_hit-frame>
      <Hsp_identity>10</Hsp_identity>
      <Hsp_positive>14</Hsp_positive>
      <Hsp_gaps>0</Hsp_gaps>
      <Hsp_align-len>30</Hsp_align-len>
      <Hsp_qseq>WVKVDMGVVGGYGYVRSVSGKYAQVSYITG</Hsp_qseq>
      <Hsp_hseq>WLMNLKGVVNSKVELEGLSGSDGQVVLMTG</Hsp_hseq>
      <Hsp_midline>W+    GVV     +  +SG   QV  +TG</Hsp_midline>
    </Hsp>
  </Hit_hsps>
</Hit>
</Iteration_hits>
  <Iteration_stat>
    <Statistics>
      <Statistics_db-num>21</Statistics_db-num>
      <Statistics_db-len>15367</Statistics_db-len>
      <Statistics_hsp-len>49</Statistics_hsp-len>
      <Statistics_eff-space>1634532</Statistics_eff-space>
      <Statistics_kappa>0.041</Statistics_kappa>
      <Statistics_lambda>0.267</Statistics_lambda>
      <Statistics_entropy>0.14</Statistics_entropy>
    </Statistics>
  </Iteration_stat>
</Iteration>
<Iteration>
  <Iteration_iter-num>21</Iteration_iter-num>
  <Iteration_query-ID>Query_21</Iteration_query-ID>
  <Iteration_query-def>lcl|MZ375233.1_prot_QZB83363.1_21 [locus_tag=T710L_29] [protein=DNA polymerase] [protein_id=QZB83363.1] [location=14354..16468] [gbkey=CDS]</Iteration_query-def>
  <Iteration_query-len>704</Iteration_query-len>
<Iteration_hits>
<Hit>
  <Hit_num>1</Hit_num>
  <Hit_id>gnl|BL_ORD_ID|15</Hit_id>
  <Hit_def>BBF66844.1 tail spike protein [Klebsiella phage KN1-1]</Hit_def>
  <Hit_accession>15</Hit_accession>
  <Hit_len>820</Hit_len>
  <Hit_hsps>
    <Hsp>
      <Hsp_num>1</Hsp_num>
      <Hsp_bit-score>30.0314</Hsp_bit-score>
      <Hsp_score>66</Hsp_score>
      <Hsp_evalue>0.00711401</Hsp_evalue>
      <Hsp_query-from>25</Hsp_query-from>
      <Hsp_query-to>133</Hsp_query-to>
      <Hsp_hit-from>460</Hsp_hit-from>
      <Hsp_hit-to>604</Hsp_hit-to>
      <Hsp_query-frame>0</Hsp_query-frame>
      <Hsp_hit-frame>0</Hsp_hit-frame>
      <Hsp_identity>34</Hsp_identity>
      <Hsp_positive>59</Hsp_positive>
      <Hsp_gaps>40</Hsp_gaps>
      <Hsp_align-len>147</Hsp_align-len>
      <Hsp_qseq>DYSTAEYVSYRPSD---------------FGAYL--DALEAEVARGGLIVFHNGHKYDVPAL------TKLAKLQLNREFHLPRENCIDTLVL-------------SRLIHSNLKDTDMGLLR--SGKLPGKRFGSHALEAWGYRLG</Hsp_qseq>
      <Hsp_hseq>DSSTYEYLSYTGYDYDGRDALVHDWISEWFDTYIFKTANSRKVSEGGRLTYQSANPYPLPTLKGITGRARYITSRYSRQNALNVINTLKTLITIRAPGYMDNSTQSCRILNAMIE--SVGLIRRTSGANAGNYFGIDVVDKWGADTG</Hsp_hseq>
      <Hsp_midline>D ST EY+SY   D               F  Y+   A   +V+ GG + + + + Y +P L       +    + +R+  L   N + TL+               R++++ ++   +GL+R  SG   G  FG   ++ WG   G</Hsp_midline>
    </Hsp>
  </Hit_hsps>
</Hit>
<Hit>
  <Hit_num>2</Hit_num>
  <Hit_id>gnl|BL_ORD_ID|16</Hit_id>
  <Hit_def>sp|P23207|RBP5_BPT5 Receptor-binding protein pb5 OS=Escherichia phage T5 OX=2695836 GN=oad PE=1 SV=2</Hit_def>
  <Hit_accession>16</Hit_accession>
  <Hit_len>640</Hit_len>
  <Hit_hsps>
    <Hsp>
      <Hsp_num>1</Hsp_num>
      <Hsp_bit-score>23.8682</Hsp_bit-score>
      <Hsp_score>50</Hsp_score>
      <Hsp_evalue>0.64975</Hsp_evalue>
      <Hsp_query-from>298</Hsp_query-from>
      <Hsp_query-to>362</Hsp_query-to>
      <Hsp_hit-from>534</Hsp_hit-from>
      <Hsp_hit-to>588</Hsp_hit-to>
      <Hsp_query-frame>0</Hsp_query-frame>
      <Hsp_hit-frame>0</Hsp_hit-frame>
      <Hsp_identity>18</Hsp_identity>
      <Hsp_positive>26</Hsp_positive>
      <Hsp_gaps>10</Hsp_gaps>
      <Hsp_align-len>65</Hsp_align-len>
      <Hsp_qseq>FKKPKNKAQREGREPCELDTREYVAGAPYTPVEHVVFNPSSRDHIQKKLQEAGWVPTKYTDKGAP</Hsp_qseq>
      <Hsp_hseq>FRIGGNTINKKLHQILSLPAGEYV---PFFTIKGTVVNAC-------KLQAAAYNPTPYWVSGLP</Hsp_hseq>
      <Hsp_midline>F+   N   ++  +   L   EYV   P+  ++  V N         KLQ A + PT Y   G P</Hsp_midline>
    </Hsp>
  </Hit_hsps>
</Hit>
<Hit>
  <Hit_num>3</Hit_num>
  <Hit_id>gnl|BL_ORD_ID|5</Hit_id>
  <Hit_def>ARV77571.1 tail fiber protein [Pasteurella phage vB_PmuP_PHB02]</Hit_def>
  <Hit_accession>5</Hit_accession>
  <Hit_len>968</Hit_len>
  <Hit_hsps>
    <Hsp>
      <Hsp_num>1</Hsp_num>
      <Hsp_bit-score>21.557</Hsp_bit-score>
      <Hsp_score>44</Hsp_score>
      <Hsp_evalue>2.83815</Hsp_evalue>
      <Hsp_query-from>657</Hsp_query-from>
      <Hsp_query-to>674</Hsp_query-to>
      <Hsp_hit-from>164</Hsp_hit-from>
      <Hsp_hit-to>181</Hsp_hit-to>
      <Hsp_query-frame>0</Hsp_query-frame>
      <Hsp_hit-frame>0</Hsp_hit-frame>
      <Hsp_identity>9</Hsp_identity>
      <Hsp_positive>12</Hsp_positive>
      <Hsp_gaps>0</Hsp_gaps>
      <Hsp_align-len>18</Hsp_align-len>
      <Hsp_qseq>QVGCRTEEIAQVVIETAQ</Hsp_qseq>
      <Hsp_hseq>QVGKDTNEVRQVVVTVSQ</Hsp_hseq>
      <Hsp_midline>QVG  T E+ QVV+  +Q</Hsp_midline>
    </Hsp>
  </Hit_hsps>
</Hit>
<Hit>
  <Hit_num>4</Hit_num>
  <Hit_id>gnl|BL_ORD_ID|11</Hit_id>
  <Hit_def>ALJ97635.1 tail fiber protein [Acinetobacter phage IME-200]</Hit_def>
  <Hit_accession>11</Hit_accession>
  <Hit_len>693</Hit_len>
  <Hit_hsps>
    <Hsp>
      <Hsp_num>1</Hsp_num>
      <Hsp_bit-score>20.7866</Hsp_bit-score>
      <Hsp_score>42</Hsp_score>
      <Hsp_evalue>5.5708</Hsp_evalue>
      <Hsp_query-from>343</Hsp_query-from>
      <Hsp_query-to>402</Hsp_query-to>
      <Hsp_hit-from>167</Hsp_hit-from>
      <Hsp_hit-to>228</Hsp_hit-to>
      <Hsp_query-frame>0</Hsp_query-frame>
      <Hsp_hit-frame>0</Hsp_hit-frame>
      <Hsp_identity>15</Hsp_identity>
      <Hsp_positive>26</Hsp_positive>
      <Hsp_gaps>2</Hsp_gaps>
      <Hsp_align-len>62</Hsp_align-len>
      <Hsp_qseq>QKKLQEAGWVPTKYTDKGAPVVDDEVLEGVRVDDPEKQAAIDLI--KEYLMIQKRIGQSAEG</Hsp_qseq>
      <Hsp_hseq>QQQINDAWLTVENFGAKGDGVTDDSAAFQAYCDSPFTGANIRLANRRAVYIIKKQVDCKGKG</Hsp_hseq>
      <Hsp_midline>Q+++ +A      +  KG  V DD        D P   A I L   +   +I+K++    +G</Hsp_midline>
    </Hsp>
  </Hit_hsps>
</Hit>
</Iteration_hits>
  <Iteration_stat>
    <Statistics>
      <Statistics_db-num>21</Statistics_db-num>
      <Statistics_db-len>15367</Statistics_db-len>
      <Statistics_hsp-len>61</Statistics_hsp-len>
      <Statistics_eff-space>9057298</Statistics_eff-space>
      <Statistics_kappa>0.041</Statistics_kappa>
      <Statistics_lambda>0.267</Statistics_lambda>
      <Statistics_entropy>0.14</Statistics_entropy>
    </Statistics>
  </Iteration_stat>
</Iteration>
<Iteration>
  <Iteration_iter-num>22</Iteration_iter-num>
  <Iteration_query-ID>Query_22</Iteration_query-ID>
  <Iteration_query-def>lcl|MZ375233.1_prot_QZB83364.1_22 [locus_tag=T710L_30] [protein=hypothetical protein] [protein_id=QZB83364.1] [location=16484..16840] [gbkey=CDS]</Iteration_query-def>
  <Iteration_query-len>118</Iteration_query-len>
<Iteration_hits>
<Hit>
  <Hit_num>1</Hit_num>
  <Hit_id>gnl|BL_ORD_ID|12</Hit_id>
  <Hit_def>ASN73558.1 tailspike protein [Acinetobacter phage vB_ApiP_P2]</Hit_def>
  <Hit_accession>12</Hit_accession>
  <Hit_len>799</Hit_len>
  <Hit_hsps>
    <Hsp>
      <Hsp_num>1</Hsp_num>
      <Hsp_bit-score>19.2458</Hsp_bit-score>
      <Hsp_score>38</Hsp_score>
      <Hsp_evalue>1.75855</Hsp_evalue>
      <Hsp_query-from>82</Hsp_query-from>
      <Hsp_query-to>117</Hsp_query-to>
      <Hsp_hit-from>203</Hsp_hit-from>
      <Hsp_hit-to>237</Hsp_hit-to>
      <Hsp_query-frame>0</Hsp_query-frame>
      <Hsp_hit-frame>0</Hsp_hit-frame>
      <Hsp_identity>12</Hsp_identity>
      <Hsp_positive>19</Hsp_positive>
      <Hsp_gaps>3</Hsp_gaps>
      <Hsp_align-len>37</Hsp_align-len>
      <Hsp_qseq>FDILAVVVDEDVLIFT-WDEVKGKTSMCVGKRNKGIK</Hsp_qseq>
      <Hsp_hseq>YDPTKVSVNNGVTVFNGW--VRDLTSRCLSTYDAGLK</Hsp_hseq>
      <Hsp_midline>+D   V V+  V +F  W  V+  TS C+   + G+K</Hsp_midline>
    </Hsp>
  </Hit_hsps>
</Hit>
<Hit>
  <Hit_num>2</Hit_num>
  <Hit_id>gnl|BL_ORD_ID|4</Hit_id>
  <Hit_def>ASD51051.1 tail fibers protein [Pasteurella phage PHB01]</Hit_def>
  <Hit_accession>4</Hit_accession>
  <Hit_len>854</Hit_len>
  <Hit_hsps>
    <Hsp>
      <Hsp_num>1</Hsp_num>
      <Hsp_bit-score>18.8606</Hsp_bit-score>
      <Hsp_score>37</Hsp_score>
      <Hsp_evalue>2.45512</Hsp_evalue>
      <Hsp_query-from>32</Hsp_query-from>
      <Hsp_query-to>58</Hsp_query-to>
      <Hsp_hit-from>80</Hsp_hit-from>
      <Hsp_hit-to>106</Hsp_hit-to>
      <Hsp_query-frame>0</Hsp_query-frame>
      <Hsp_hit-frame>0</Hsp_hit-frame>
      <Hsp_identity>9</Hsp_identity>
      <Hsp_positive>14</Hsp_positive>
      <Hsp_gaps>0</Hsp_gaps>
      <Hsp_align-len>27</Hsp_align-len>
      <Hsp_qseq>TQSKEDLVVCKDGKFSKVQVKTATTVQ</Hsp_qseq>
      <Hsp_hseq>TSATERIVDFKDGSILRAQDLNISTIQ</Hsp_hseq>
      <Hsp_midline>T + E +V  KDG   + Q    +T+Q</Hsp_midline>
    </Hsp>
  </Hit_hsps>
</Hit>
<Hit>
  <Hit_num>3</Hit_num>
  <Hit_id>gnl|BL_ORD_ID|5</Hit_id>
  <Hit_def>ARV77571.1 tail fiber protein [Pasteurella phage vB_PmuP_PHB02]</Hit_def>
  <Hit_accession>5</Hit_accession>
  <Hit_len>968</Hit_len>
  <Hit_hsps>
    <Hsp>
      <Hsp_num>1</Hsp_num>
      <Hsp_bit-score>18.8606</Hsp_bit-score>
      <Hsp_score>37</Hsp_score>
      <Hsp_evalue>2.4672</Hsp_evalue>
      <Hsp_query-from>32</Hsp_query-from>
      <Hsp_query-to>58</Hsp_query-to>
      <Hsp_hit-from>62</Hsp_hit-from>
      <Hsp_hit-to>88</Hsp_hit-to>
      <Hsp_query-frame>0</Hsp_query-frame>
      <Hsp_hit-frame>0</Hsp_hit-frame>
      <Hsp_identity>9</Hsp_identity>
      <Hsp_positive>14</Hsp_positive>
      <Hsp_gaps>0</Hsp_gaps>
      <Hsp_align-len>27</Hsp_align-len>
      <Hsp_qseq>TQSKEDLVVCKDGKFSKVQVKTATTVQ</Hsp_qseq>
      <Hsp_hseq>TSATERIVDFKDGSILRAQDLNISTIQ</Hsp_hseq>
      <Hsp_midline>T + E +V  KDG   + Q    +T+Q</Hsp_midline>
    </Hsp>
    <Hsp>
      <Hsp_num>2</Hsp_num>
      <Hsp_bit-score>16.9346</Hsp_bit-score>
      <Hsp_score>32</Hsp_score>
      <Hsp_evalue>9.27647</Hsp_evalue>
      <Hsp_query-from>18</Hsp_query-from>
      <Hsp_query-to>31</Hsp_query-to>
      <Hsp_hit-from>632</Hsp_hit-from>
      <Hsp_hit-to>645</Hsp_hit-to>
      <Hsp_query-frame>0</Hsp_query-frame>
      <Hsp_hit-frame>0</Hsp_hit-frame>
      <Hsp_identity>6</Hsp_identity>
      <Hsp_positive>9</Hsp_positive>
      <Hsp_gaps>0</Hsp_gaps>
      <Hsp_align-len>14</Hsp_align-len>
      <Hsp_qseq>KFTKAGYTVYYPML</Hsp_qseq>
      <Hsp_hseq>EFTNTPYGVHYDMV</Hsp_hseq>
      <Hsp_midline>+FT   Y V+Y M+</Hsp_midline>
    </Hsp>
  </Hit_hsps>
</Hit>
<Hit>
  <Hit_num>4</Hit_num>
  <Hit_id>gnl|BL_ORD_ID|1</Hit_id>
  <Hit_def>YP_009103257.1 putative tail fiber [Acinetobacter phage vB_AbaP_Acibel007]</Hit_def>
  <Hit_accession>1</Hit_accession>
  <Hit_len>724</Hit_len>
  <Hit_hsps>
    <Hsp>
      <Hsp_num>1</Hsp_num>
      <Hsp_bit-score>18.0902</Hsp_bit-score>
      <Hsp_score>35</Hsp_score>
      <Hsp_evalue>4.34158</Hsp_evalue>
      <Hsp_query-from>20</Hsp_query-from>
      <Hsp_query-to>27</Hsp_query-to>
      <Hsp_hit-from>45</Hsp_hit-from>
      <Hsp_hit-to>52</Hsp_hit-to>
      <Hsp_query-frame>0</Hsp_query-frame>
      <Hsp_hit-frame>0</Hsp_hit-frame>
      <Hsp_identity>6</Hsp_identity>
      <Hsp_positive>8</Hsp_positive>
      <Hsp_gaps>0</Hsp_gaps>
      <Hsp_align-len>8</Hsp_align-len>
      <Hsp_qseq>TKAGYTVY</Hsp_qseq>
      <Hsp_hseq>TEAGYTVF</Hsp_hseq>
      <Hsp_midline>T+AGYTV+</Hsp_midline>
    </Hsp>
  </Hit_hsps>
</Hit>
<Hit>
  <Hit_num>5</Hit_num>
  <Hit_id>gnl|BL_ORD_ID|2</Hit_id>
  <Hit_def>ASN73401.1 tail fiber protein [Acinetobacter phage vB_AbaP_B3]</Hit_def>
  <Hit_accession>2</Hit_accession>
  <Hit_len>699</Hit_len>
  <Hit_hsps>
    <Hsp>
      <Hsp_num>1</Hsp_num>
      <Hsp_bit-score>17.3198</Hsp_bit-score>
      <Hsp_score>33</Hsp_score>
      <Hsp_evalue>7.63833</Hsp_evalue>
      <Hsp_query-from>41</Hsp_query-from>
      <Hsp_query-to>56</Hsp_query-to>
      <Hsp_hit-from>439</Hsp_hit-from>
      <Hsp_hit-to>454</Hsp_hit-to>
      <Hsp_query-frame>0</Hsp_query-frame>
      <Hsp_hit-frame>0</Hsp_hit-frame>
      <Hsp_identity>8</Hsp_identity>
      <Hsp_positive>10</Hsp_positive>
      <Hsp_gaps>0</Hsp_gaps>
      <Hsp_align-len>16</Hsp_align-len>
      <Hsp_qseq>CKDGKFSKVQVKTATT</Hsp_qseq>
      <Hsp_hseq>CGFGKFWCENLKTATS</Hsp_hseq>
      <Hsp_midline>C  GKF    +KTAT+</Hsp_midline>
    </Hsp>
  </Hit_hsps>
</Hit>
<Hit>
  <Hit_num>6</Hit_num>
  <Hit_id>gnl|BL_ORD_ID|3</Hit_id>
  <Hit_def>YP_009006536.1 tail fiber protein [Acinetobacter phage Petty]</Hit_def>
  <Hit_accession>3</Hit_accession>
  <Hit_len>918</Hit_len>
  <Hit_hsps>
    <Hsp>
      <Hsp_num>1</Hsp_num>
      <Hsp_bit-score>16.9346</Hsp_bit-score>
      <Hsp_score>32</Hsp_score>
      <Hsp_evalue>8.68928</Hsp_evalue>
      <Hsp_query-from>6</Hsp_query-from>
      <Hsp_query-to>25</Hsp_query-to>
      <Hsp_hit-from>561</Hsp_hit-from>
      <Hsp_hit-to>580</Hsp_hit-to>
      <Hsp_query-frame>0</Hsp_query-frame>
      <Hsp_hit-frame>0</Hsp_hit-frame>
      <Hsp_identity>6</Hsp_identity>
      <Hsp_positive>10</Hsp_positive>
      <Hsp_gaps>0</Hsp_gaps>
      <Hsp_align-len>20</Hsp_align-len>
      <Hsp_qseq>LTGAASEMLVAYKFTKAGYT</Hsp_qseq>
      <Hsp_hseq>MIGCGIENIHAYNLIRIGYS</Hsp_hseq>
      <Hsp_midline>+ G   E + AY   + GY+</Hsp_midline>
    </Hsp>
  </Hit_hsps>
</Hit>
<Hit>
  <Hit_num>7</Hit_num>
  <Hit_id>gnl|BL_ORD_ID|6</Hit_id>
  <Hit_def>YP_001522890.1 putative tail fiber protein [Pseudomonas phage LKA1]</Hit_def>
  <Hit_accession>6</Hit_accession>
  <Hit_len>769</Hit_len>
  <Hit_hsps>
    <Hsp>
      <Hsp_num>1</Hsp_num>
      <Hsp_bit-score>16.9346</Hsp_bit-score>
      <Hsp_score>32</Hsp_score>
      <Hsp_evalue>8.87324</Hsp_evalue>
      <Hsp_query-from>48</Hsp_query-from>
      <Hsp_query-to>62</Hsp_query-to>
      <Hsp_hit-from>685</Hsp_hit-from>
      <Hsp_hit-to>699</Hsp_hit-to>
      <Hsp_query-frame>0</Hsp_query-frame>
      <Hsp_hit-frame>0</Hsp_hit-frame>
      <Hsp_identity>7</Hsp_identity>
      <Hsp_positive>9</Hsp_positive>
      <Hsp_gaps>0</Hsp_gaps>
      <Hsp_align-len>15</Hsp_align-len>
      <Hsp_qseq>KVQVKTATTVQTNTG</Hsp_qseq>
      <Hsp_hseq>RVQVTTATNASSVTA</Hsp_hseq>
      <Hsp_midline>+VQV TAT   + T </Hsp_midline>
    </Hsp>
  </Hit_hsps>
</Hit>
</Iteration_hits>
  <Iteration_stat>
    <Statistics>
      <Statistics_db-num>21</Statistics_db-num>
      <Statistics_db-len>15367</Statistics_db-len>
      <Statistics_hsp-len>45</Statistics_hsp-len>
      <Statistics_eff-space>1052806</Statistics_eff-space>
      <Statistics_kappa>0.041</Statistics_kappa>
      <Statistics_lambda>0.267</Statistics_lambda>
      <Statistics_entropy>0.14</Statistics_entropy>
    </Statistics>
  </Iteration_stat>
</Iteration>
<Iteration>
  <Iteration_iter-num>23</Iteration_iter-num>
  <Iteration_query-ID>Query_23</Iteration_query-ID>
  <Iteration_query-def>lcl|MZ375233.1_prot_QZB83365.1_23 [locus_tag=T710L_32] [protein=host protein H-NS-interacting protein] [protein_id=QZB83365.1] [location=16852..17151] [gbkey=CDS]</Iteration_query-def>
  <Iteration_query-len>99</Iteration_query-len>
<Iteration_hits>
<Hit>
  <Hit_num>1</Hit_num>
  <Hit_id>gnl|BL_ORD_ID|20</Hit_id>
  <Hit_def>YP_008532047.1 putative tail fiber protein [Taipeivirus 0507KN21]</Hit_def>
  <Hit_accession>20</Hit_accession>
  <Hit_len>1245</Hit_len>
  <Hit_hsps>
    <Hsp>
      <Hsp_num>1</Hsp_num>
      <Hsp_bit-score>17.705</Hsp_bit-score>
      <Hsp_score>34</Hsp_score>
      <Hsp_evalue>4.53435</Hsp_evalue>
      <Hsp_query-from>19</Hsp_query-from>
      <Hsp_query-to>45</Hsp_query-to>
      <Hsp_hit-from>1049</Hsp_hit-from>
      <Hsp_hit-to>1075</Hsp_hit-to>
      <Hsp_query-frame>0</Hsp_query-frame>
      <Hsp_hit-frame>0</Hsp_hit-frame>
      <Hsp_identity>8</Hsp_identity>
      <Hsp_positive>13</Hsp_positive>
      <Hsp_gaps>0</Hsp_gaps>
      <Hsp_align-len>27</Hsp_align-len>
      <Hsp_qseq>SDVQAILEKDMLHLCKQVGSGAIVPNG</Hsp_qseq>
      <Hsp_hseq>ADVSAVVGSSGANALHLTGTGGITLNG</Hsp_hseq>
      <Hsp_midline>+DV A++     +     G+G I  NG</Hsp_midline>
    </Hsp>
  </Hit_hsps>
</Hit>
</Iteration_hits>
  <Iteration_stat>
    <Statistics>
      <Statistics_db-num>21</Statistics_db-num>
      <Statistics_db-len>15367</Statistics_db-len>
      <Statistics_hsp-len>43</Statistics_hsp-len>
      <Statistics_eff-space>809984</Statistics_eff-space>
      <Statistics_kappa>0.041</Statistics_kappa>
      <Statistics_lambda>0.267</Statistics_lambda>
      <Statistics_entropy>0.14</Statistics_entropy>
    </Statistics>
  </Iteration_stat>
</Iteration>
<Iteration>
  <Iteration_iter-num>24</Iteration_iter-num>
  <Iteration_query-ID>Query_24</Iteration_query-ID>
  <Iteration_query-def>lcl|MZ375233.1_prot_QZB83366.1_24 [locus_tag=T710L_31] [protein=hypothetical protein] [protein_id=QZB83366.1] [location=17151..17360] [gbkey=CDS]</Iteration_query-def>
  <Iteration_query-len>69</Iteration_query-len>
<Iteration_hits>
<Hit>
  <Hit_num>1</Hit_num>
  <Hit_id>gnl|BL_ORD_ID|20</Hit_id>
  <Hit_def>YP_008532047.1 putative tail fiber protein [Taipeivirus 0507KN21]</Hit_def>
  <Hit_accession>20</Hit_accession>
  <Hit_len>1245</Hit_len>
  <Hit_hsps>
    <Hsp>
      <Hsp_num>1</Hsp_num>
      <Hsp_bit-score>19.2458</Hsp_bit-score>
      <Hsp_score>38</Hsp_score>
      <Hsp_evalue>0.605195</Hsp_evalue>
      <Hsp_query-from>28</Hsp_query-from>
      <Hsp_query-to>62</Hsp_query-to>
      <Hsp_hit-from>464</Hsp_hit-from>
      <Hsp_hit-to>493</Hsp_hit-to>
      <Hsp_query-frame>0</Hsp_query-frame>
      <Hsp_hit-frame>0</Hsp_hit-frame>
      <Hsp_identity>13</Hsp_identity>
      <Hsp_positive>16</Hsp_positive>
      <Hsp_gaps>5</Hsp_gaps>
      <Hsp_align-len>35</Hsp_align-len>
      <Hsp_qseq>SLVAEAASRGHISCLTTSGRNGGAWEITASGTRFL</Hsp_qseq>
      <Hsp_hseq>TLVPEVTSSG-----TGSYEGVKEWSVTAYGCRYL</Hsp_hseq>
      <Hsp_midline>+LV E  S G     T S      W +TA G R+L</Hsp_midline>
    </Hsp>
    <Hsp>
      <Hsp_num>2</Hsp_num>
      <Hsp_bit-score>18.4754</Hsp_bit-score>
      <Hsp_score>36</Hsp_score>
      <Hsp_evalue>1.05465</Hsp_evalue>
      <Hsp_query-from>8</Hsp_query-from>
      <Hsp_query-to>42</Hsp_query-to>
      <Hsp_hit-from>1121</Hsp_hit-from>
      <Hsp_hit-to>1155</Hsp_hit-to>
      <Hsp_query-frame>0</Hsp_query-frame>
      <Hsp_hit-frame>0</Hsp_hit-frame>
      <Hsp_identity>6</Hsp_identity>
      <Hsp_positive>18</Hsp_positive>
      <Hsp_gaps>0</Hsp_gaps>
      <Hsp_align-len>35</Hsp_align-len>
      <Hsp_qseq>LQAIKSCPKTFQSNYVRNNASLVAEAASRGHISCL</Hsp_qseq>
      <Hsp_hseq>IECAKACAKLYRRYKLKTAVAIKGEDGARYHVGTI</Hsp_hseq>
      <Hsp_midline>++  K+C K ++   ++   ++  E  +R H+  +</Hsp_midline>
    </Hsp>
  </Hit_hsps>
</Hit>
<Hit>
  <Hit_num>2</Hit_num>
  <Hit_id>gnl|BL_ORD_ID|11</Hit_id>
  <Hit_def>ALJ97635.1 tail fiber protein [Acinetobacter phage IME-200]</Hit_def>
  <Hit_accession>11</Hit_accession>
  <Hit_len>693</Hit_len>
  <Hit_hsps>
    <Hsp>
      <Hsp_num>1</Hsp_num>
      <Hsp_bit-score>16.9346</Hsp_bit-score>
      <Hsp_score>32</Hsp_score>
      <Hsp_evalue>4.23384</Hsp_evalue>
      <Hsp_query-from>43</Hsp_query-from>
      <Hsp_query-to>69</Hsp_query-to>
      <Hsp_hit-from>345</Hsp_hit-from>
      <Hsp_hit-to>371</Hsp_hit-to>
      <Hsp_query-frame>0</Hsp_query-frame>
      <Hsp_hit-frame>0</Hsp_hit-frame>
      <Hsp_identity>9</Hsp_identity>
      <Hsp_positive>12</Hsp_positive>
      <Hsp_gaps>0</Hsp_gaps>
      <Hsp_align-len>27</Hsp_align-len>
      <Hsp_qseq>TTSGRNGGAWEITASGTRFLKRMGGCV</Hsp_qseq>
      <Hsp_hseq>TTAYFNQCSWQWGNKAVVFAKEAYGCV</Hsp_hseq>
      <Hsp_midline>TT+  N  +W+       F K   GCV</Hsp_midline>
    </Hsp>
  </Hit_hsps>
</Hit>
<Hit>
  <Hit_num>3</Hit_num>
  <Hit_id>gnl|BL_ORD_ID|15</Hit_id>
  <Hit_def>BBF66844.1 tail spike protein [Klebsiella phage KN1-1]</Hit_def>
  <Hit_accession>15</Hit_accession>
  <Hit_len>820</Hit_len>
  <Hit_hsps>
    <Hsp>
      <Hsp_num>1</Hsp_num>
      <Hsp_bit-score>16.9346</Hsp_bit-score>
      <Hsp_score>32</Hsp_score>
      <Hsp_evalue>4.78905</Hsp_evalue>
      <Hsp_query-from>5</Hsp_query-from>
      <Hsp_query-to>27</Hsp_query-to>
      <Hsp_hit-from>518</Hsp_hit-from>
      <Hsp_hit-to>540</Hsp_hit-to>
      <Hsp_query-frame>0</Hsp_query-frame>
      <Hsp_hit-frame>0</Hsp_hit-frame>
      <Hsp_identity>8</Hsp_identity>
      <Hsp_positive>10</Hsp_positive>
      <Hsp_gaps>0</Hsp_gaps>
      <Hsp_align-len>23</Hsp_align-len>
      <Hsp_qseq>LKVLQAIKSCPKTFQSNYVRNNA</Hsp_qseq>
      <Hsp_hseq>LPTLKGITGRARYITSRYSRQNA</Hsp_hseq>
      <Hsp_midline>L  L+ I    +   S Y R NA</Hsp_midline>
    </Hsp>
    <Hsp>
      <Hsp_num>2</Hsp_num>
      <Hsp_bit-score>16.5494</Hsp_bit-score>
      <Hsp_score>31</Hsp_score>
      <Hsp_evalue>5.66148</Hsp_evalue>
      <Hsp_query-from>22</Hsp_query-from>
      <Hsp_query-to>48</Hsp_query-to>
      <Hsp_hit-from>150</Hsp_hit-from>
      <Hsp_hit-to>176</Hsp_hit-to>
      <Hsp_query-frame>0</Hsp_query-frame>
      <Hsp_hit-frame>0</Hsp_hit-frame>
      <Hsp_identity>9</Hsp_identity>
      <Hsp_positive>12</Hsp_positive>
      <Hsp_gaps>0</Hsp_gaps>
      <Hsp_align-len>27</Hsp_align-len>
      <Hsp_qseq>YVRNNASLVAEAASRGHISCLTTSGRN</Hsp_qseq>
      <Hsp_hseq>YVDTAVSPLATTIEANFMRTLRTSGRS</Hsp_hseq>
      <Hsp_midline>YV    S +A       +  L TSGR+</Hsp_midline>
    </Hsp>
  </Hit_hsps>
</Hit>
<Hit>
  <Hit_num>4</Hit_num>
  <Hit_id>gnl|BL_ORD_ID|14</Hit_id>
  <Hit_def>ASN73455.2 tailspike protein [Acinetobacter phage vB_AbaP_B5]</Hit_def>
  <Hit_accession>14</Hit_accession>
  <Hit_len>761</Hit_len>
  <Hit_hsps>
    <Hsp>
      <Hsp_num>1</Hsp_num>
      <Hsp_bit-score>16.5494</Hsp_bit-score>
      <Hsp_score>31</Hsp_score>
      <Hsp_evalue>6.54776</Hsp_evalue>
      <Hsp_query-from>43</Hsp_query-from>
      <Hsp_query-to>64</Hsp_query-to>
      <Hsp_hit-from>217</Hsp_hit-from>
      <Hsp_hit-to>238</Hsp_hit-to>
      <Hsp_query-frame>0</Hsp_query-frame>
      <Hsp_hit-frame>0</Hsp_hit-frame>
      <Hsp_identity>8</Hsp_identity>
      <Hsp_positive>12</Hsp_positive>
      <Hsp_gaps>0</Hsp_gaps>
      <Hsp_align-len>22</Hsp_align-len>
      <Hsp_qseq>TTSGRNGGAWEITASGTRFLKR</Hsp_qseq>
      <Hsp_hseq>TTSVDNDGTILVGTDGTRWKRQ</Hsp_hseq>
      <Hsp_midline>TTS  N G   +   GTR+ ++</Hsp_midline>
    </Hsp>
  </Hit_hsps>
</Hit>
<Hit>
  <Hit_num>5</Hit_num>
  <Hit_id>gnl|BL_ORD_ID|13</Hit_id>
  <Hit_def>ASN73353.1 tailspike protein [Acinetobacter phage vB_AbaP_B1]</Hit_def>
  <Hit_accession>13</Hit_accession>
  <Hit_len>760</Hit_len>
  <Hit_hsps>
    <Hsp>
      <Hsp_num>1</Hsp_num>
      <Hsp_bit-score>16.1642</Hsp_bit-score>
      <Hsp_score>30</Hsp_score>
      <Hsp_evalue>8.12616</Hsp_evalue>
      <Hsp_query-from>17</Hsp_query-from>
      <Hsp_query-to>49</Hsp_query-to>
      <Hsp_hit-from>467</Hsp_hit-from>
      <Hsp_hit-to>494</Hsp_hit-to>
      <Hsp_query-frame>0</Hsp_query-frame>
      <Hsp_hit-frame>0</Hsp_hit-frame>
      <Hsp_identity>11</Hsp_identity>
      <Hsp_positive>13</Hsp_positive>
      <Hsp_gaps>5</Hsp_gaps>
      <Hsp_align-len>33</Hsp_align-len>
      <Hsp_qseq>TFQSNYVRNNASLVAEAASRGHISCLTTSGRNG</Hsp_qseq>
      <Hsp_hseq>TISANYFENNTFNDA-----GIEKCLISINRTG</Hsp_hseq>
      <Hsp_midline>T  +NY  NN    A     G   CL +  R G</Hsp_midline>
    </Hsp>
  </Hit_hsps>
</Hit>
<Hit>
  <Hit_num>6</Hit_num>
  <Hit_id>gnl|BL_ORD_ID|4</Hit_id>
  <Hit_def>ASD51051.1 tail fibers protein [Pasteurella phage PHB01]</Hit_def>
  <Hit_accession>4</Hit_accession>
  <Hit_len>854</Hit_len>
  <Hit_hsps>
    <Hsp>
      <Hsp_num>1</Hsp_num>
      <Hsp_bit-score>16.1642</Hsp_bit-score>
      <Hsp_score>30</Hsp_score>
      <Hsp_evalue>9.07919</Hsp_evalue>
      <Hsp_query-from>26</Hsp_query-from>
      <Hsp_query-to>48</Hsp_query-to>
      <Hsp_hit-from>671</Hsp_hit-from>
      <Hsp_hit-to>693</Hsp_hit-to>
      <Hsp_query-frame>0</Hsp_query-frame>
      <Hsp_hit-frame>0</Hsp_hit-frame>
      <Hsp_identity>7</Hsp_identity>
      <Hsp_positive>10</Hsp_positive>
      <Hsp_gaps>0</Hsp_gaps>
      <Hsp_align-len>23</Hsp_align-len>
      <Hsp_qseq>NASLVAEAASRGHISCLTTSGRN</Hsp_qseq>
      <Hsp_hseq>NASIFNVAKHRAAVRCVGQPSDN</Hsp_hseq>
      <Hsp_midline>NAS+   A  R  + C+     N</Hsp_midline>
    </Hsp>
  </Hit_hsps>
</Hit>
</Iteration_hits>
  <Iteration_stat>
    <Statistics>
      <Statistics_db-num>21</Statistics_db-num>
      <Statistics_db-len>15367</Statistics_db-len>
      <Statistics_hsp-len>39</Statistics_hsp-len>
      <Statistics_eff-space>436440</Statistics_eff-space>
      <Statistics_kappa>0.041</Statistics_kappa>
      <Statistics_lambda>0.267</Statistics_lambda>
      <Statistics_entropy>0.14</Statistics_entropy>
    </Statistics>
  </Iteration_stat>
</Iteration>
<Iteration>
  <Iteration_iter-num>25</Iteration_iter-num>
  <Iteration_query-ID>Query_25</Iteration_query-ID>
  <Iteration_query-def>lcl|MZ375233.1_prot_QZB83367.1_25 [locus_tag=T710L_34] [protein=host recBCD nuclease inhibitor] [protein_id=QZB83367.1] [location=17360..17518] [gbkey=CDS]</Iteration_query-def>
  <Iteration_query-len>52</Iteration_query-len>
<Iteration_hits>
<Hit>
  <Hit_num>1</Hit_num>
  <Hit_id>gnl|BL_ORD_ID|19</Hit_id>
  <Hit_def>sp|P10930|FIB12_BPT4 Short tail fiber protein gp12 OS=Enterobacteria phage T4 OX=10665 GN=12 PE=1 SV=3</Hit_def>
  <Hit_accession>19</Hit_accession>
  <Hit_len>527</Hit_len>
  <Hit_hsps>
    <Hsp>
      <Hsp_num>1</Hsp_num>
      <Hsp_bit-score>15.3938</Hsp_bit-score>
      <Hsp_score>28</Hsp_score>
      <Hsp_evalue>8.83668</Hsp_evalue>
      <Hsp_query-from>7</Hsp_query-from>
      <Hsp_query-to>18</Hsp_query-to>
      <Hsp_hit-from>353</Hsp_hit-from>
      <Hsp_hit-to>364</Hsp_hit-to>
      <Hsp_query-frame>0</Hsp_query-frame>
      <Hsp_hit-frame>0</Hsp_hit-frame>
      <Hsp_identity>4</Hsp_identity>
      <Hsp_positive>6</Hsp_positive>
      <Hsp_gaps>0</Hsp_gaps>
      <Hsp_align-len>12</Hsp_align-len>
      <Hsp_qseq>TIPRDVWNDIQG</Hsp_qseq>
      <Hsp_hseq>SLPSDAWRFCHG</Hsp_hseq>
      <Hsp_midline>++P D W    G</Hsp_midline>
    </Hsp>
  </Hit_hsps>
</Hit>
<Hit>
  <Hit_num>2</Hit_num>
  <Hit_id>gnl|BL_ORD_ID|17</Hit_id>
  <Hit_def>tr|D9IEJ1|D9IEJ1_BPT4 Short tail fibers OS=Enterobacteria phage T4 OX=10665 GN=12 PE=4 SV=1</Hit_def>
  <Hit_accession>17</Hit_accession>
  <Hit_len>527</Hit_len>
  <Hit_hsps>
    <Hsp>
      <Hsp_num>1</Hsp_num>
      <Hsp_bit-score>15.3938</Hsp_bit-score>
      <Hsp_score>28</Hsp_score>
      <Hsp_evalue>8.83668</Hsp_evalue>
      <Hsp_query-from>7</Hsp_query-from>
      <Hsp_query-to>18</Hsp_query-to>
      <Hsp_hit-from>353</Hsp_hit-from>
      <Hsp_hit-to>364</Hsp_hit-to>
      <Hsp_query-frame>0</Hsp_query-frame>
      <Hsp_hit-frame>0</Hsp_hit-frame>
      <Hsp_identity>4</Hsp_identity>
      <Hsp_positive>6</Hsp_positive>
      <Hsp_gaps>0</Hsp_gaps>
      <Hsp_align-len>12</Hsp_align-len>
      <Hsp_qseq>TIPRDVWNDIQG</Hsp_qseq>
      <Hsp_hseq>SLPSDAWRFCHG</Hsp_hseq>
      <Hsp_midline>++P D W    G</Hsp_midline>
    </Hsp>
  </Hit_hsps>
</Hit>
</Iteration_hits>
  <Iteration_stat>
    <Statistics>
      <Statistics_db-num>21</Statistics_db-num>
      <Statistics_db-len>15367</Statistics_db-len>
      <Statistics_hsp-len>26</Statistics_hsp-len>
      <Statistics_eff-space>385346</Statistics_eff-space>
      <Statistics_kappa>0.041</Statistics_kappa>
      <Statistics_lambda>0.267</Statistics_lambda>
      <Statistics_entropy>0.14</Statistics_entropy>
    </Statistics>
  </Iteration_stat>
</Iteration>
<Iteration>
  <Iteration_iter-num>26</Iteration_iter-num>
  <Iteration_query-ID>Query_26</Iteration_query-ID>
  <Iteration_query-def>lcl|MZ375233.1_prot_QZB83368.1_26 [locus_tag=T710L_35] [protein=exonuclease] [protein_id=QZB83368.1] [location=17505..18407] [gbkey=CDS]</Iteration_query-def>
  <Iteration_query-len>300</Iteration_query-len>
<Iteration_hits>
<Hit>
  <Hit_num>1</Hit_num>
  <Hit_id>gnl|BL_ORD_ID|1</Hit_id>
  <Hit_def>YP_009103257.1 putative tail fiber [Acinetobacter phage vB_AbaP_Acibel007]</Hit_def>
  <Hit_accession>1</Hit_accession>
  <Hit_len>724</Hit_len>
  <Hit_hsps>
    <Hsp>
      <Hsp_num>1</Hsp_num>
      <Hsp_bit-score>21.557</Hsp_bit-score>
      <Hsp_score>44</Hsp_score>
      <Hsp_evalue>1.01982</Hsp_evalue>
      <Hsp_query-from>79</Hsp_query-from>
      <Hsp_query-to>115</Hsp_query-to>
      <Hsp_hit-from>235</Hsp_hit-from>
      <Hsp_hit-to>268</Hsp_hit-to>
      <Hsp_query-frame>0</Hsp_query-frame>
      <Hsp_hit-frame>0</Hsp_hit-frame>
      <Hsp_identity>13</Hsp_identity>
      <Hsp_positive>17</Hsp_positive>
      <Hsp_gaps>3</Hsp_gaps>
      <Hsp_align-len>37</Hsp_align-len>
      <Hsp_qseq>PIVLAFTDSVNWRKELVDPNYKANRKAVKKPVGYFEF</Hsp_qseq>
      <Hsp_hseq>PNATALTDSIDW---LVTDYCLGLRKCIYAPRGTYVF</Hsp_hseq>
      <Hsp_midline>P   A TDS++W   LV       RK +  P G + F</Hsp_midline>
    </Hsp>
  </Hit_hsps>
</Hit>
<Hit>
  <Hit_num>2</Hit_num>
  <Hit_id>gnl|BL_ORD_ID|6</Hit_id>
  <Hit_def>YP_001522890.1 putative tail fiber protein [Pseudomonas phage LKA1]</Hit_def>
  <Hit_accession>6</Hit_accession>
  <Hit_len>769</Hit_len>
  <Hit_hsps>
    <Hsp>
      <Hsp_num>1</Hsp_num>
      <Hsp_bit-score>20.4014</Hsp_bit-score>
      <Hsp_score>41</Hsp_score>
      <Hsp_evalue>2.58784</Hsp_evalue>
      <Hsp_query-from>134</Hsp_query-from>
      <Hsp_query-to>189</Hsp_query-to>
      <Hsp_hit-from>433</Hsp_hit-from>
      <Hsp_hit-to>498</Hsp_hit-to>
      <Hsp_query-frame>0</Hsp_query-frame>
      <Hsp_hit-frame>0</Hsp_hit-frame>
      <Hsp_identity>17</Hsp_identity>
      <Hsp_positive>25</Hsp_positive>
      <Hsp_gaps>10</Hsp_gaps>
      <Hsp_align-len>66</Hsp_align-len>
      <Hsp_qseq>EGDDVMGVI--------ASNPSAFGARKAVIISCDKDFKTIP--NCDFLWCTTGNILTQTEESADW</Hsp_qseq>
      <Hsp_hseq>DGGDDYGIIFGNCHDGGADNCKVYARRHAIATGGDAEVGCVPVRNVRMRNCTLRNDITSGTHCADF</Hsp_hseq>
      <Hsp_midline>+G D  G+I        A N   +  R A+    D +   +P  N     CT  N +T     AD+</Hsp_midline>
    </Hsp>
    <Hsp>
      <Hsp_num>2</Hsp_num>
      <Hsp_bit-score>18.8606</Hsp_bit-score>
      <Hsp_score>37</Hsp_score>
      <Hsp_evalue>7.56654</Hsp_evalue>
      <Hsp_query-from>68</Hsp_query-from>
      <Hsp_query-to>168</Hsp_query-to>
      <Hsp_hit-from>202</Hsp_hit-from>
      <Hsp_hit-to>290</Hsp_hit-to>
      <Hsp_query-frame>0</Hsp_query-frame>
      <Hsp_hit-frame>0</Hsp_hit-frame>
      <Hsp_identity>20</Hsp_identity>
      <Hsp_positive>36</Hsp_positive>
      <Hsp_gaps>16</Hsp_gaps>
      <Hsp_align-len>103</Hsp_align-len>
      <Hsp_qseq>YETRKKAWAGAPIVLAFTDSVNWR--KELVDPNYKANRKAVKKPVGYFEFLDALFEREEFYCIREPMLEGDDVMGVIASNPSAFGARKAVIISCDKDFKTIPN</Hsp_qseq>
      <Hsp_hseq>YATLAEAQTVYPHAVALSDEIDWAALQAAVD-----SGAPVHIPSGDYQINRGISSTGSL------QIAGDGATSIIRPTAAFTGTS---VLSCVGSLVALPN</Hsp_hseq>
      <Hsp_midline>Y T  +A    P  +A +D ++W   +  VD     +   V  P G ++    +             + GD    +I    +  G     ++SC      +PN</Hsp_midline>
    </Hsp>
  </Hit_hsps>
</Hit>
<Hit>
  <Hit_num>3</Hit_num>
  <Hit_id>gnl|BL_ORD_ID|15</Hit_id>
  <Hit_def>BBF66844.1 tail spike protein [Klebsiella phage KN1-1]</Hit_def>
  <Hit_accession>15</Hit_accession>
  <Hit_len>820</Hit_len>
  <Hit_hsps>
    <Hsp>
      <Hsp_num>1</Hsp_num>
      <Hsp_bit-score>20.0162</Hsp_bit-score>
      <Hsp_score>40</Hsp_score>
      <Hsp_evalue>3.86838</Hsp_evalue>
      <Hsp_query-from>6</Hsp_query-from>
      <Hsp_query-to>93</Hsp_query-to>
      <Hsp_hit-from>271</Hsp_hit-from>
      <Hsp_hit-to>358</Hsp_hit-to>
      <Hsp_query-frame>0</Hsp_query-frame>
      <Hsp_hit-frame>0</Hsp_hit-frame>
      <Hsp_identity>15</Hsp_identity>
      <Hsp_positive>31</Hsp_positive>
      <Hsp_gaps>0</Hsp_gaps>
      <Hsp_align-len>88</Hsp_align-len>
      <Hsp_qseq>LKQFYELREGCDDKGILVMDGDWLVFQAMSAAEFDASWEEEIWHRCCDHAKARQILEDSIKSYETRKKAWAGAPIVLAFTDSVNWRKE</Hsp_qseq>
      <Hsp_hseq>LSGGYEVYETLHDAPLPRDDGTAYPEWVANGGDSNIRPEEQLYQKAHLRLYNNSVILGAGSQIATIRSTWARSTSAVGLTSPIMWYIE</Hsp_hseq>
      <Hsp_midline>L   YE+ E   D  +   DG        +  + +   EE+++ +         ++  +     T +  WA +   +  T  + W  E</Hsp_midline>
    </Hsp>
  </Hit_hsps>
</Hit>
<Hit>
  <Hit_num>4</Hit_num>
  <Hit_id>gnl|BL_ORD_ID|12</Hit_id>
  <Hit_def>ASN73558.1 tailspike protein [Acinetobacter phage vB_ApiP_P2]</Hit_def>
  <Hit_accession>12</Hit_accession>
  <Hit_len>799</Hit_len>
  <Hit_hsps>
    <Hsp>
      <Hsp_num>1</Hsp_num>
      <Hsp_bit-score>19.631</Hsp_bit-score>
      <Hsp_score>39</Hsp_score>
      <Hsp_evalue>4.55235</Hsp_evalue>
      <Hsp_query-from>217</Hsp_query-from>
      <Hsp_query-to>251</Hsp_query-to>
      <Hsp_hit-from>667</Hsp_hit-from>
      <Hsp_hit-to>702</Hsp_hit-to>
      <Hsp_query-frame>0</Hsp_query-frame>
      <Hsp_hit-frame>0</Hsp_hit-frame>
      <Hsp_identity>10</Hsp_identity>
      <Hsp_positive>16</Hsp_positive>
      <Hsp_gaps>1</Hsp_gaps>
      <Hsp_align-len>36</Hsp_align-len>
      <Hsp_qseq>FLNNPFITEPKTSVLKSGKNKGQEVTKWVK-RDPEP</Hsp_qseq>
      <Hsp_hseq>FLNNEYVRCTNNPIHVNQVIRGQTSIKWFNVENPVP</Hsp_hseq>
      <Hsp_midline>FLNN ++      +  +   +GQ   KW    +P P</Hsp_midline>
    </Hsp>
  </Hit_hsps>
</Hit>
<Hit>
  <Hit_num>5</Hit_num>
  <Hit_id>gnl|BL_ORD_ID|17</Hit_id>
  <Hit_def>tr|D9IEJ1|D9IEJ1_BPT4 Short tail fibers OS=Enterobacteria phage T4 OX=10665 GN=12 PE=4 SV=1</Hit_def>
  <Hit_accession>17</Hit_accession>
  <Hit_len>527</Hit_len>
  <Hit_hsps>
    <Hsp>
      <Hsp_num>1</Hsp_num>
      <Hsp_bit-score>18.8606</Hsp_bit-score>
      <Hsp_score>37</Hsp_score>
      <Hsp_evalue>6.75657</Hsp_evalue>
      <Hsp_query-from>29</Hsp_query-from>
      <Hsp_query-to>81</Hsp_query-to>
      <Hsp_hit-from>265</Hsp_hit-from>
      <Hsp_hit-to>316</Hsp_hit-to>
      <Hsp_query-frame>0</Hsp_query-frame>
      <Hsp_hit-frame>0</Hsp_hit-frame>
      <Hsp_identity>15</Hsp_identity>
      <Hsp_positive>23</Hsp_positive>
      <Hsp_gaps>1</Hsp_gaps>
      <Hsp_align-len>53</Hsp_align-len>
      <Hsp_qseq>LVFQAMSAAEFDASWEEEIWHRCCDHAKARQILEDSIKSYETRKKAWAGAPIV</Hsp_qseq>
      <Hsp_hseq>LTTTAGSQSGGDAS-SALAWNADVIHQRGGQIIYGTLRIEDTFTIANGGANIT</Hsp_hseq>
      <Hsp_midline>L   A S +  DAS     W+    H +  QI+  +++  +T   A  GA I </Hsp_midline>
    </Hsp>
  </Hit_hsps>
</Hit>
</Iteration_hits>
  <Iteration_stat>
    <Statistics>
      <Statistics_db-num>21</Statistics_db-num>
      <Statistics_db-len>15367</Statistics_db-len>
      <Statistics_hsp-len>54</Statistics_hsp-len>
      <Statistics_eff-space>3501318</Statistics_eff-space>
      <Statistics_kappa>0.041</Statistics_kappa>
      <Statistics_lambda>0.267</Statistics_lambda>
      <Statistics_entropy>0.14</Statistics_entropy>
    </Statistics>
  </Iteration_stat>
</Iteration>
<Iteration>
  <Iteration_iter-num>27</Iteration_iter-num>
  <Iteration_query-ID>Query_27</Iteration_query-ID>
  <Iteration_query-def>lcl|MZ375233.1_prot_QZB83369.1_27 [locus_tag=T710L_37] [protein=hypothetical protein] [protein_id=QZB83369.1] [location=18606..18860] [gbkey=CDS]</Iteration_query-def>
  <Iteration_query-len>84</Iteration_query-len>
<Iteration_hits>
<Hit>
  <Hit_num>1</Hit_num>
  <Hit_id>gnl|BL_ORD_ID|1</Hit_id>
  <Hit_def>YP_009103257.1 putative tail fiber [Acinetobacter phage vB_AbaP_Acibel007]</Hit_def>
  <Hit_accession>1</Hit_accession>
  <Hit_len>724</Hit_len>
  <Hit_hsps>
    <Hsp>
      <Hsp_num>1</Hsp_num>
      <Hsp_bit-score>20.0162</Hsp_bit-score>
      <Hsp_score>40</Hsp_score>
      <Hsp_evalue>0.532308</Hsp_evalue>
      <Hsp_query-from>64</Hsp_query-from>
      <Hsp_query-to>80</Hsp_query-to>
      <Hsp_hit-from>159</Hsp_hit-from>
      <Hsp_hit-to>175</Hsp_hit-to>
      <Hsp_query-frame>0</Hsp_query-frame>
      <Hsp_hit-frame>0</Hsp_hit-frame>
      <Hsp_identity>8</Hsp_identity>
      <Hsp_positive>11</Hsp_positive>
      <Hsp_gaps>0</Hsp_gaps>
      <Hsp_align-len>17</Hsp_align-len>
      <Hsp_qseq>ASNVIDEIELRKEQLRD</Hsp_qseq>
      <Hsp_hseq>ASNVIDRTGLTQQDIND</Hsp_hseq>
      <Hsp_midline>ASNVID   L ++ + D</Hsp_midline>
    </Hsp>
  </Hit_hsps>
</Hit>
<Hit>
  <Hit_num>2</Hit_num>
  <Hit_id>gnl|BL_ORD_ID|12</Hit_id>
  <Hit_def>ASN73558.1 tailspike protein [Acinetobacter phage vB_ApiP_P2]</Hit_def>
  <Hit_accession>12</Hit_accession>
  <Hit_len>799</Hit_len>
  <Hit_hsps>
    <Hsp>
      <Hsp_num>1</Hsp_num>
      <Hsp_bit-score>17.705</Hsp_bit-score>
      <Hsp_score>34</Hsp_score>
      <Hsp_evalue>3.18389</Hsp_evalue>
      <Hsp_query-from>9</Hsp_query-from>
      <Hsp_query-to>31</Hsp_query-to>
      <Hsp_hit-from>656</Hsp_hit-from>
      <Hsp_hit-to>678</Hsp_hit-to>
      <Hsp_query-frame>0</Hsp_query-frame>
      <Hsp_hit-frame>0</Hsp_hit-frame>
      <Hsp_identity>6</Hsp_identity>
      <Hsp_positive>12</Hsp_positive>
      <Hsp_gaps>0</Hsp_gaps>
      <Hsp_align-len>23</Hsp_align-len>
      <Hsp_qseq>LKNPNDIPDVPRATAEYLQVRFN</Hsp_qseq>
      <Hsp_hseq>IESPTDTPGISFLNNEYVRCTNN</Hsp_hseq>
      <Hsp_midline>+++P D P +     EY++   N</Hsp_midline>
    </Hsp>
  </Hit_hsps>
</Hit>
<Hit>
  <Hit_num>3</Hit_num>
  <Hit_id>gnl|BL_ORD_ID|11</Hit_id>
  <Hit_def>ALJ97635.1 tail fiber protein [Acinetobacter phage IME-200]</Hit_def>
  <Hit_accession>11</Hit_accession>
  <Hit_len>693</Hit_len>
  <Hit_hsps>
    <Hsp>
      <Hsp_num>1</Hsp_num>
      <Hsp_bit-score>16.5494</Hsp_bit-score>
      <Hsp_score>31</Hsp_score>
      <Hsp_evalue>7.92512</Hsp_evalue>
      <Hsp_query-from>11</Hsp_query-from>
      <Hsp_query-to>15</Hsp_query-to>
      <Hsp_hit-from>438</Hsp_hit-from>
      <Hsp_hit-to>442</Hsp_hit-to>
      <Hsp_query-frame>0</Hsp_query-frame>
      <Hsp_hit-frame>0</Hsp_hit-frame>
      <Hsp_identity>5</Hsp_identity>
      <Hsp_positive>5</Hsp_positive>
      <Hsp_gaps>0</Hsp_gaps>
      <Hsp_align-len>5</Hsp_align-len>
      <Hsp_qseq>NPNDI</Hsp_qseq>
      <Hsp_hseq>NPNDI</Hsp_hseq>
      <Hsp_midline>NPNDI</Hsp_midline>
    </Hsp>
  </Hit_hsps>
</Hit>
</Iteration_hits>
  <Iteration_stat>
    <Statistics>
      <Statistics_db-num>21</Statistics_db-num>
      <Statistics_db-len>15367</Statistics_db-len>
      <Statistics_hsp-len>42</Statistics_hsp-len>
      <Statistics_eff-space>608370</Statistics_eff-space>
      <Statistics_kappa>0.041</Statistics_kappa>
      <Statistics_lambda>0.267</Statistics_lambda>
      <Statistics_entropy>0.14</Statistics_entropy>
    </Statistics>
  </Iteration_stat>
</Iteration>
<Iteration>
  <Iteration_iter-num>28</Iteration_iter-num>
  <Iteration_query-ID>Query_28</Iteration_query-ID>
  <Iteration_query-def>lcl|MZ375233.1_prot_QZB83370.1_28 [locus_tag=T710L_38] [protein=hypothetical protein] [protein_id=QZB83370.1] [location=18844..19131] [gbkey=CDS]</Iteration_query-def>
  <Iteration_query-len>95</Iteration_query-len>
<Iteration_hits>
<Hit>
  <Hit_num>1</Hit_num>
  <Hit_id>gnl|BL_ORD_ID|3</Hit_id>
  <Hit_def>YP_009006536.1 tail fiber protein [Acinetobacter phage Petty]</Hit_def>
  <Hit_accession>3</Hit_accession>
  <Hit_len>918</Hit_len>
  <Hit_hsps>
    <Hsp>
      <Hsp_num>1</Hsp_num>
      <Hsp_bit-score>17.705</Hsp_bit-score>
      <Hsp_score>34</Hsp_score>
      <Hsp_evalue>4.49336</Hsp_evalue>
      <Hsp_query-from>57</Hsp_query-from>
      <Hsp_query-to>94</Hsp_query-to>
      <Hsp_hit-from>369</Hsp_hit-from>
      <Hsp_hit-to>406</Hsp_hit-to>
      <Hsp_query-frame>0</Hsp_query-frame>
      <Hsp_hit-frame>0</Hsp_hit-frame>
      <Hsp_identity>10</Hsp_identity>
      <Hsp_positive>16</Hsp_positive>
      <Hsp_gaps>0</Hsp_gaps>
      <Hsp_align-len>38</Hsp_align-len>
      <Hsp_qseq>GRKGLKVERDDSVAKSKASGNGSARMKSSIRKSAFGGK</Hsp_qseq>
      <Hsp_hseq>GRKYRSSKPIEMFTGQKIKGNGAKITKYTASKTGITGR</Hsp_hseq>
      <Hsp_midline>GRK    +  +     K  GNG+   K +  K+   G+</Hsp_midline>
    </Hsp>
  </Hit_hsps>
</Hit>
</Iteration_hits>
  <Iteration_stat>
    <Statistics>
      <Statistics_db-num>21</Statistics_db-num>
      <Statistics_db-len>15367</Statistics_db-len>
      <Statistics_hsp-len>43</Statistics_hsp-len>
      <Statistics_eff-space>752128</Statistics_eff-space>
      <Statistics_kappa>0.041</Statistics_kappa>
      <Statistics_lambda>0.267</Statistics_lambda>
      <Statistics_entropy>0.14</Statistics_entropy>
    </Statistics>
  </Iteration_stat>
</Iteration>
<Iteration>
  <Iteration_iter-num>29</Iteration_iter-num>
  <Iteration_query-ID>Query_29</Iteration_query-ID>
  <Iteration_query-def>lcl|MZ375233.1_prot_QZB83371.1_29 [locus_tag=T710L_39] [protein=hypothetical protein] [protein_id=QZB83371.1] [location=19131..19532] [gbkey=CDS]</Iteration_query-def>
  <Iteration_query-len>133</Iteration_query-len>
<Iteration_hits>
<Hit>
  <Hit_num>1</Hit_num>
  <Hit_id>gnl|BL_ORD_ID|20</Hit_id>
  <Hit_def>YP_008532047.1 putative tail fiber protein [Taipeivirus 0507KN21]</Hit_def>
  <Hit_accession>20</Hit_accession>
  <Hit_len>1245</Hit_len>
  <Hit_hsps>
    <Hsp>
      <Hsp_num>1</Hsp_num>
      <Hsp_bit-score>19.2458</Hsp_bit-score>
      <Hsp_score>38</Hsp_score>
      <Hsp_evalue>2.03972</Hsp_evalue>
      <Hsp_query-from>66</Hsp_query-from>
      <Hsp_query-to>102</Hsp_query-to>
      <Hsp_hit-from>1100</Hsp_hit-from>
      <Hsp_hit-to>1137</Hsp_hit-to>
      <Hsp_query-frame>0</Hsp_query-frame>
      <Hsp_hit-frame>0</Hsp_hit-frame>
      <Hsp_identity>12</Hsp_identity>
      <Hsp_positive>21</Hsp_positive>
      <Hsp_gaps>1</Hsp_gaps>
      <Hsp_align-len>38</Hsp_align-len>
      <Hsp_qseq>AWCVSCDIHHKGDILDVTSVVIN-PEADSKGLQRFLAK</Hsp_qseq>
      <Hsp_hseq>AVTVVSDVHYKMDIVELNDAEIECAKACAKLYRRYKLK</Hsp_hseq>
      <Hsp_midline>A  V  D+H+K DI+++    I   +A +K  +R+  K</Hsp_midline>
    </Hsp>
  </Hit_hsps>
</Hit>
<Hit>
  <Hit_num>2</Hit_num>
  <Hit_id>gnl|BL_ORD_ID|11</Hit_id>
  <Hit_def>ALJ97635.1 tail fiber protein [Acinetobacter phage IME-200]</Hit_def>
  <Hit_accession>11</Hit_accession>
  <Hit_len>693</Hit_len>
  <Hit_hsps>
    <Hsp>
      <Hsp_num>1</Hsp_num>
      <Hsp_bit-score>18.0902</Hsp_bit-score>
      <Hsp_score>35</Hsp_score>
      <Hsp_evalue>5.43841</Hsp_evalue>
      <Hsp_query-from>41</Hsp_query-from>
      <Hsp_query-to>93</Hsp_query-to>
      <Hsp_hit-from>157</Hsp_hit-from>
      <Hsp_hit-to>200</Hsp_hit-to>
      <Hsp_query-frame>0</Hsp_query-frame>
      <Hsp_hit-frame>0</Hsp_hit-frame>
      <Hsp_identity>14</Hsp_identity>
      <Hsp_positive>21</Hsp_positive>
      <Hsp_gaps>9</Hsp_gaps>
      <Hsp_align-len>53</Hsp_align-len>
      <Hsp_qseq>DEVMDMSGCREEYILDSTGKHVAYFAWCVSCDIHHKGDILDVTSVVINPEADS</Hsp_qseq>
      <Hsp_hseq>EKVIDKSGLTQQQIND---------AWLTVENFGAKGDGVTDDSAAFQAYCDS</Hsp_hseq>
      <Hsp_midline>++V+D SG  ++ I D         AW    +   KGD +   S       DS</Hsp_midline>
    </Hsp>
  </Hit_hsps>
</Hit>
</Iteration_hits>
  <Iteration_stat>
    <Statistics>
      <Statistics_db-num>21</Statistics_db-num>
      <Statistics_db-len>15367</Statistics_db-len>
      <Statistics_hsp-len>47</Statistics_hsp-len>
      <Statistics_eff-space>1236680</Statistics_eff-space>
      <Statistics_kappa>0.041</Statistics_kappa>
      <Statistics_lambda>0.267</Statistics_lambda>
      <Statistics_entropy>0.14</Statistics_entropy>
    </Statistics>
  </Iteration_stat>
</Iteration>
<Iteration>
  <Iteration_iter-num>30</Iteration_iter-num>
  <Iteration_query-ID>Query_30</Iteration_query-ID>
  <Iteration_query-def>lcl|MZ375233.1_prot_QZB83372.1_30 [locus_tag=T710L_40] [protein=tail assembly protein] [protein_id=QZB83372.1] [location=19536..19835] [gbkey=CDS]</Iteration_query-def>
  <Iteration_query-len>99</Iteration_query-len>
<Iteration_hits>
</Iteration_hits>
  <Iteration_stat>
    <Statistics>
      <Statistics_db-num>21</Statistics_db-num>
      <Statistics_db-len>15367</Statistics_db-len>
      <Statistics_hsp-len>43</Statistics_hsp-len>
      <Statistics_eff-space>809984</Statistics_eff-space>
      <Statistics_kappa>0.041</Statistics_kappa>
      <Statistics_lambda>0.267</Statistics_lambda>
      <Statistics_entropy>0.14</Statistics_entropy>
    </Statistics>
  </Iteration_stat>
  <Iteration_message>No hits found</Iteration_message>
</Iteration>
<Iteration>
  <Iteration_iter-num>31</Iteration_iter-num>
  <Iteration_query-ID>Query_31</Iteration_query-ID>
  <Iteration_query-def>lcl|MZ375233.1_prot_QZB83373.1_31 [locus_tag=T710L_41] [protein=hypothetical protein] [protein_id=QZB83373.1] [location=19816..20241] [gbkey=CDS]</Iteration_query-def>
  <Iteration_query-len>141</Iteration_query-len>
<Iteration_hits>
<Hit>
  <Hit_num>1</Hit_num>
  <Hit_id>gnl|BL_ORD_ID|20</Hit_id>
  <Hit_def>YP_008532047.1 putative tail fiber protein [Taipeivirus 0507KN21]</Hit_def>
  <Hit_accession>20</Hit_accession>
  <Hit_len>1245</Hit_len>
  <Hit_hsps>
    <Hsp>
      <Hsp_num>1</Hsp_num>
      <Hsp_bit-score>19.631</Hsp_bit-score>
      <Hsp_score>39</Hsp_score>
      <Hsp_evalue>1.85868</Hsp_evalue>
      <Hsp_query-from>17</Hsp_query-from>
      <Hsp_query-to>58</Hsp_query-to>
      <Hsp_hit-from>112</Hsp_hit-from>
      <Hsp_hit-to>160</Hsp_hit-to>
      <Hsp_query-frame>0</Hsp_query-frame>
      <Hsp_hit-frame>0</Hsp_hit-frame>
      <Hsp_identity>15</Hsp_identity>
      <Hsp_positive>24</Hsp_positive>
      <Hsp_gaps>7</Hsp_gaps>
      <Hsp_align-len>49</Hsp_align-len>
      <Hsp_qseq>EWTGGVNSKGYGRKWVNGKLVTP-HRHIYEETYGPV------PTGIVVM</Hsp_qseq>
      <Hsp_hseq>EFTPDFTAYGVQSLYIDGKYKTPGEDYNYFKTSGKVVLDTALPTGVWVV</Hsp_hseq>
      <Hsp_midline>E+T    + G    +++GK  TP   + Y +T G V      PTG+ V+</Hsp_midline>
    </Hsp>
  </Hit_hsps>
</Hit>
<Hit>
  <Hit_num>2</Hit_num>
  <Hit_id>gnl|BL_ORD_ID|9</Hit_id>
  <Hit_def>NP_958190.1 tailspike protein [Shigella phage Sf6]</Hit_def>
  <Hit_accession>9</Hit_accession>
  <Hit_len>623</Hit_len>
  <Hit_hsps>
    <Hsp>
      <Hsp_num>1</Hsp_num>
      <Hsp_bit-score>18.4754</Hsp_bit-score>
      <Hsp_score>36</Hsp_score>
      <Hsp_evalue>3.60542</Hsp_evalue>
      <Hsp_query-from>7</Hsp_query-from>
      <Hsp_query-to>29</Hsp_query-to>
      <Hsp_hit-from>202</Hsp_hit-from>
      <Hsp_hit-to>226</Hsp_hit-to>
      <Hsp_query-frame>0</Hsp_query-frame>
      <Hsp_hit-frame>0</Hsp_hit-frame>
      <Hsp_identity>11</Hsp_identity>
      <Hsp_positive>14</Hsp_positive>
      <Hsp_gaps>2</Hsp_gaps>
      <Hsp_align-len>25</Hsp_align-len>
      <Hsp_qseq>NQEV--IVEDCIEWTGGVNSKGYGR</Hsp_qseq>
      <Hsp_hseq>NQAVGYIVGSTLLIPGGVNIRGVGK</Hsp_hseq>
      <Hsp_midline>NQ V  IV   +   GGVN +G G+</Hsp_midline>
    </Hsp>
  </Hit_hsps>
</Hit>
<Hit>
  <Hit_num>3</Hit_num>
  <Hit_id>gnl|BL_ORD_ID|3</Hit_id>
  <Hit_def>YP_009006536.1 tail fiber protein [Acinetobacter phage Petty]</Hit_def>
  <Hit_accession>3</Hit_accession>
  <Hit_len>918</Hit_len>
  <Hit_hsps>
    <Hsp>
      <Hsp_num>1</Hsp_num>
      <Hsp_bit-score>18.4754</Hsp_bit-score>
      <Hsp_score>36</Hsp_score>
      <Hsp_evalue>4.20662</Hsp_evalue>
      <Hsp_query-from>13</Hsp_query-from>
      <Hsp_query-to>33</Hsp_query-to>
      <Hsp_hit-from>189</Hsp_hit-from>
      <Hsp_hit-to>209</Hsp_hit-to>
      <Hsp_query-frame>0</Hsp_query-frame>
      <Hsp_hit-frame>0</Hsp_hit-frame>
      <Hsp_identity>8</Hsp_identity>
      <Hsp_positive>11</Hsp_positive>
      <Hsp_gaps>0</Hsp_gaps>
      <Hsp_align-len>21</Hsp_align-len>
      <Hsp_qseq>EDCIEWTGGVNSKGYGRKWVN</Hsp_qseq>
      <Hsp_hseq>ENAVVVKGGVLQQWKGGAWVN</Hsp_hseq>
      <Hsp_midline>E+ +   GGV  +  G  WVN</Hsp_midline>
    </Hsp>
  </Hit_hsps>
</Hit>
<Hit>
  <Hit_num>4</Hit_num>
  <Hit_id>gnl|BL_ORD_ID|14</Hit_id>
  <Hit_def>ASN73455.2 tailspike protein [Acinetobacter phage vB_AbaP_B5]</Hit_def>
  <Hit_accession>14</Hit_accession>
  <Hit_len>761</Hit_len>
  <Hit_hsps>
    <Hsp>
      <Hsp_num>1</Hsp_num>
      <Hsp_bit-score>17.705</Hsp_bit-score>
      <Hsp_score>34</Hsp_score>
      <Hsp_evalue>6.84029</Hsp_evalue>
      <Hsp_query-from>27</Hsp_query-from>
      <Hsp_query-to>39</Hsp_query-to>
      <Hsp_hit-from>270</Hsp_hit-from>
      <Hsp_hit-to>287</Hsp_hit-to>
      <Hsp_query-frame>0</Hsp_query-frame>
      <Hsp_hit-frame>0</Hsp_hit-frame>
      <Hsp_identity>8</Hsp_identity>
      <Hsp_positive>10</Hsp_positive>
      <Hsp_gaps>5</Hsp_gaps>
      <Hsp_align-len>18</Hsp_align-len>
      <Hsp_qseq>YGRKWV-----NGKLVTP</Hsp_qseq>
      <Hsp_hseq>YGRVWFGNADRNFKMMTP</Hsp_hseq>
      <Hsp_midline>YGR W      N K++TP</Hsp_midline>
    </Hsp>
  </Hit_hsps>
</Hit>
<Hit>
  <Hit_num>5</Hit_num>
  <Hit_id>gnl|BL_ORD_ID|0</Hit_id>
  <Hit_def>ASN73504.1 tailspike protein [Acinetobacter phage vB_ApiP_P1]</Hit_def>
  <Hit_accession>0</Hit_accession>
  <Hit_len>749</Hit_len>
  <Hit_hsps>
    <Hsp>
      <Hsp_num>1</Hsp_num>
      <Hsp_bit-score>17.3198</Hsp_bit-score>
      <Hsp_score>33</Hsp_score>
      <Hsp_evalue>9.5278</Hsp_evalue>
      <Hsp_query-from>13</Hsp_query-from>
      <Hsp_query-to>31</Hsp_query-to>
      <Hsp_hit-from>458</Hsp_hit-from>
      <Hsp_hit-to>471</Hsp_hit-to>
      <Hsp_query-frame>0</Hsp_query-frame>
      <Hsp_hit-frame>0</Hsp_hit-frame>
      <Hsp_identity>8</Hsp_identity>
      <Hsp_positive>10</Hsp_positive>
      <Hsp_gaps>7</Hsp_gaps>
      <Hsp_align-len>20</Hsp_align-len>
      <Hsp_qseq>EDC-IEWTGGVNSKGYGRKW</Hsp_qseq>
      <Hsp_hseq>DDCMIEW------DSYGTQW</Hsp_hseq>
      <Hsp_midline>+DC IEW        YG +W</Hsp_midline>
    </Hsp>
  </Hit_hsps>
</Hit>
</Iteration_hits>
  <Iteration_stat>
    <Statistics>
      <Statistics_db-num>21</Statistics_db-num>
      <Statistics_db-len>15367</Statistics_db-len>
      <Statistics_hsp-len>47</Statistics_hsp-len>
      <Statistics_eff-space>1351720</Statistics_eff-space>
      <Statistics_kappa>0.041</Statistics_kappa>
      <Statistics_lambda>0.267</Statistics_lambda>
      <Statistics_entropy>0.14</Statistics_entropy>
    </Statistics>
  </Iteration_stat>
</Iteration>
<Iteration>
  <Iteration_iter-num>32</Iteration_iter-num>
  <Iteration_query-ID>Query_32</Iteration_query-ID>
  <Iteration_query-def>lcl|MZ375233.1_prot_QZB83374.1_32 [locus_tag=T710L_42] [protein=head-tail connector protein] [protein_id=QZB83374.1] [location=20241..21851] [gbkey=CDS]</Iteration_query-def>
  <Iteration_query-len>536</Iteration_query-len>
<Iteration_hits>
<Hit>
  <Hit_num>1</Hit_num>
  <Hit_id>gnl|BL_ORD_ID|13</Hit_id>
  <Hit_def>ASN73353.1 tailspike protein [Acinetobacter phage vB_AbaP_B1]</Hit_def>
  <Hit_accession>13</Hit_accession>
  <Hit_len>760</Hit_len>
  <Hit_hsps>
    <Hsp>
      <Hsp_num>1</Hsp_num>
      <Hsp_bit-score>23.8682</Hsp_bit-score>
      <Hsp_score>50</Hsp_score>
      <Hsp_evalue>0.466959</Hsp_evalue>
      <Hsp_query-from>422</Hsp_query-from>
      <Hsp_query-to>461</Hsp_query-to>
      <Hsp_hit-from>58</Hsp_hit-from>
      <Hsp_hit-to>97</Hsp_hit-to>
      <Hsp_query-frame>0</Hsp_query-frame>
      <Hsp_hit-frame>0</Hsp_hit-frame>
      <Hsp_identity>14</Hsp_identity>
      <Hsp_positive>17</Hsp_positive>
      <Hsp_gaps>0</Hsp_gaps>
      <Hsp_align-len>40</Hsp_align-len>
      <Hsp_qseq>VEPTISTGLEAIGRGQDLDKLERCVTAWAALAPMRDDPDI</Hsp_qseq>
      <Hsp_hseq>VEPAIPEGTVRIERETDIDKMKYIFDAGALFIDQNVDADF</Hsp_hseq>
      <Hsp_midline>VEP I  G   I R  D+DK++    A A       D D </Hsp_midline>
    </Hsp>
  </Hit_hsps>
</Hit>
<Hit>
  <Hit_num>2</Hit_num>
  <Hit_id>gnl|BL_ORD_ID|0</Hit_id>
  <Hit_def>ASN73504.1 tailspike protein [Acinetobacter phage vB_ApiP_P1]</Hit_def>
  <Hit_accession>0</Hit_accession>
  <Hit_len>749</Hit_len>
  <Hit_hsps>
    <Hsp>
      <Hsp_num>1</Hsp_num>
      <Hsp_bit-score>23.483</Hsp_bit-score>
      <Hsp_score>49</Hsp_score>
      <Hsp_evalue>0.582439</Hsp_evalue>
      <Hsp_query-from>422</Hsp_query-from>
      <Hsp_query-to>461</Hsp_query-to>
      <Hsp_hit-from>58</Hsp_hit-from>
      <Hsp_hit-to>97</Hsp_hit-to>
      <Hsp_query-frame>0</Hsp_query-frame>
      <Hsp_hit-frame>0</Hsp_hit-frame>
      <Hsp_identity>14</Hsp_identity>
      <Hsp_positive>17</Hsp_positive>
      <Hsp_gaps>0</Hsp_gaps>
      <Hsp_align-len>40</Hsp_align-len>
      <Hsp_qseq>VEPTISTGLEAIGRGQDLDKLERCVTAWAALAPMRDDPDI</Hsp_qseq>
      <Hsp_hseq>VEPAIPEGTVRIERETDIDKMKYIFDAGALFIDQNVDADF</Hsp_hseq>
      <Hsp_midline>VEP I  G   I R  D+DK++    A A       D D </Hsp_midline>
    </Hsp>
  </Hit_hsps>
</Hit>
<Hit>
  <Hit_num>3</Hit_num>
  <Hit_id>gnl|BL_ORD_ID|2</Hit_id>
  <Hit_def>ASN73401.1 tail fiber protein [Acinetobacter phage vB_AbaP_B3]</Hit_def>
  <Hit_accession>2</Hit_accession>
  <Hit_len>699</Hit_len>
  <Hit_hsps>
    <Hsp>
      <Hsp_num>1</Hsp_num>
      <Hsp_bit-score>23.483</Hsp_bit-score>
      <Hsp_score>49</Hsp_score>
      <Hsp_evalue>0.609053</Hsp_evalue>
      <Hsp_query-from>422</Hsp_query-from>
      <Hsp_query-to>461</Hsp_query-to>
      <Hsp_hit-from>58</Hsp_hit-from>
      <Hsp_hit-to>97</Hsp_hit-to>
      <Hsp_query-frame>0</Hsp_query-frame>
      <Hsp_hit-frame>0</Hsp_hit-frame>
      <Hsp_identity>14</Hsp_identity>
      <Hsp_positive>17</Hsp_positive>
      <Hsp_gaps>0</Hsp_gaps>
      <Hsp_align-len>40</Hsp_align-len>
      <Hsp_qseq>VEPTISTGLEAIGRGQDLDKLERCVTAWAALAPMRDDPDI</Hsp_qseq>
      <Hsp_hseq>VEPAIPEGTVRIERETDIDKMKYIFDAGALFIDQNVDADF</Hsp_hseq>
      <Hsp_midline>VEP I  G   I R  D+DK++    A A       D D </Hsp_midline>
    </Hsp>
  </Hit_hsps>
</Hit>
<Hit>
  <Hit_num>4</Hit_num>
  <Hit_id>gnl|BL_ORD_ID|14</Hit_id>
  <Hit_def>ASN73455.2 tailspike protein [Acinetobacter phage vB_AbaP_B5]</Hit_def>
  <Hit_accession>14</Hit_accession>
  <Hit_len>761</Hit_len>
  <Hit_hsps>
    <Hsp>
      <Hsp_num>1</Hsp_num>
      <Hsp_bit-score>23.0978</Hsp_bit-score>
      <Hsp_score>48</Hsp_score>
      <Hsp_evalue>0.741074</Hsp_evalue>
      <Hsp_query-from>422</Hsp_query-from>
      <Hsp_query-to>461</Hsp_query-to>
      <Hsp_hit-from>58</Hsp_hit-from>
      <Hsp_hit-to>97</Hsp_hit-to>
      <Hsp_query-frame>0</Hsp_query-frame>
      <Hsp_hit-frame>0</Hsp_hit-frame>
      <Hsp_identity>14</Hsp_identity>
      <Hsp_positive>17</Hsp_positive>
      <Hsp_gaps>0</Hsp_gaps>
      <Hsp_align-len>40</Hsp_align-len>
      <Hsp_qseq>VEPTISTGLEAIGRGQDLDKLERCVTAWAALAPMRDDPDI</Hsp_qseq>
      <Hsp_hseq>VEPAIPEGTVRIERETDIDKMKYIFDAGALFIDQNVDADF</Hsp_hseq>
      <Hsp_midline>VEP I  G   I R  D+DK++    A A       D D </Hsp_midline>
    </Hsp>
    <Hsp>
      <Hsp_num>2</Hsp_num>
      <Hsp_bit-score>21.9422</Hsp_bit-score>
      <Hsp_score>45</Hsp_score>
      <Hsp_evalue>1.91415</Hsp_evalue>
      <Hsp_query-from>271</Hsp_query-from>
      <Hsp_query-to>285</Hsp_query-to>
      <Hsp_hit-from>177</Hsp_hit-from>
      <Hsp_hit-to>191</Hsp_hit-to>
      <Hsp_query-frame>0</Hsp_query-frame>
      <Hsp_hit-frame>0</Hsp_hit-frame>
      <Hsp_identity>7</Hsp_identity>
      <Hsp_positive>10</Hsp_positive>
      <Hsp_gaps>0</Hsp_gaps>
      <Hsp_align-len>15</Hsp_align-len>
      <Hsp_qseq>EYLGDLRSLENLQEA</Hsp_qseq>
      <Hsp_hseq>KYFADLRVLHNVQDG</Hsp_hseq>
      <Hsp_midline>+Y  DLR L N+Q+ </Hsp_midline>
    </Hsp>
    <Hsp>
      <Hsp_num>3</Hsp_num>
      <Hsp_bit-score>19.631</Hsp_bit-score>
      <Hsp_score>39</Hsp_score>
      <Hsp_evalue>8.61377</Hsp_evalue>
      <Hsp_query-from>177</Hsp_query-from>
      <Hsp_query-to>214</Hsp_query-to>
      <Hsp_hit-from>638</Hsp_hit-from>
      <Hsp_hit-to>674</Hsp_hit-to>
      <Hsp_query-frame>0</Hsp_query-frame>
      <Hsp_hit-frame>0</Hsp_hit-frame>
      <Hsp_identity>12</Hsp_identity>
      <Hsp_positive>17</Hsp_positive>
      <Hsp_gaps>1</Hsp_gaps>
      <Hsp_align-len>38</Hsp_align-len>
      <Hsp_qseq>LQMVTRDQIAFGALPEDIRKAVEGQGGEKKADETIDVY</Hsp_qseq>
      <Hsp_hseq>MQMKTANNVVLGAAVAKVSLVVQGSEGIGTGAAT-DVY</Hsp_hseq>
      <Hsp_midline>+QM T + +  GA    +   V+G  G      T DVY</Hsp_midline>
    </Hsp>
  </Hit_hsps>
</Hit>
<Hit>
  <Hit_num>5</Hit_num>
  <Hit_id>gnl|BL_ORD_ID|10</Hit_id>
  <Hit_def>YP_009203055.1 tail spike protein [Acinetobacter phage Fri1]</Hit_def>
  <Hit_accession>10</Hit_accession>
  <Hit_len>783</Hit_len>
  <Hit_hsps>
    <Hsp>
      <Hsp_num>1</Hsp_num>
      <Hsp_bit-score>22.7126</Hsp_bit-score>
      <Hsp_score>47</Hsp_score>
      <Hsp_evalue>0.951907</Hsp_evalue>
      <Hsp_query-from>422</Hsp_query-from>
      <Hsp_query-to>461</Hsp_query-to>
      <Hsp_hit-from>58</Hsp_hit-from>
      <Hsp_hit-to>97</Hsp_hit-to>
      <Hsp_query-frame>0</Hsp_query-frame>
      <Hsp_hit-frame>0</Hsp_hit-frame>
      <Hsp_identity>13</Hsp_identity>
      <Hsp_positive>17</Hsp_positive>
      <Hsp_gaps>0</Hsp_gaps>
      <Hsp_align-len>40</Hsp_align-len>
      <Hsp_qseq>VEPTISTGLEAIGRGQDLDKLERCVTAWAALAPMRDDPDI</Hsp_qseq>
      <Hsp_hseq>IEPAIPEGTVRIERETDIDKMKYIFDAGALFIDQNVDADF</Hsp_hseq>
      <Hsp_midline>+EP I  G   I R  D+DK++    A A       D D </Hsp_midline>
    </Hsp>
    <Hsp>
      <Hsp_num>2</Hsp_num>
      <Hsp_bit-score>20.0162</Hsp_bit-score>
      <Hsp_score>40</Hsp_score>
      <Hsp_evalue>5.87534</Hsp_evalue>
      <Hsp_query-from>232</Hsp_query-from>
      <Hsp_query-to>392</Hsp_query-to>
      <Hsp_hit-from>427</Hsp_hit-from>
      <Hsp_hit-to>602</Hsp_hit-to>
      <Hsp_query-frame>0</Hsp_query-frame>
      <Hsp_hit-frame>0</Hsp_hit-frame>
      <Hsp_identity>40</Hsp_identity>
      <Hsp_positive>72</Hsp_positive>
      <Hsp_gaps>31</Hsp_gaps>
      <Hsp_align-len>184</Hsp_align-len>
      <Hsp_qseq>VEGMEVQGSDG----TYPKEACPYIPIR-----MVRLDGESYGRSYIEE--------YLGDLRSLENLQEAIVKMSMISSKVIGLVNPAGITQPRRLTKAQTGDFVTGRPEDISFLQLEKQADFTV----AKAVSDAIEARLSFAFMLNSAVQRTGERVTAEEIRYVASEL--EDTLGGVYSIL</Hsp_qseq>
      <Hsp_hseq>LEGLYIRGKDGVSCSNHYFENCNFLDARRNTAALVYCHDVTFKNCTFQQLKPELTWVYLFDIEPNPATTDTVYNVTLINC-VFNALASAG-AEPTVLVKEQNTP--TGSP-NVKFLNCRFKGKATIRNNCANGWKDCIVDNCEFD-TLAFSTTTTGYVITSG--RFTNNTLWGKDLKGFSYNTL</Hsp_hseq>
      <Hsp_midline>+EG+ ++G DG     +  E C ++  R     +V     ++     ++        YL D+       + +  +++I+  V   +  AG  +P  L K Q     TG P ++ FL    +   T+    A    D I     F   L  +   TG  +T+   R+  + L  +D  G  Y+ L</Hsp_midline>
    </Hsp>
  </Hit_hsps>
</Hit>
<Hit>
  <Hit_num>6</Hit_num>
  <Hit_id>gnl|BL_ORD_ID|11</Hit_id>
  <Hit_def>ALJ97635.1 tail fiber protein [Acinetobacter phage IME-200]</Hit_def>
  <Hit_accession>11</Hit_accession>
  <Hit_len>693</Hit_len>
  <Hit_hsps>
    <Hsp>
      <Hsp_num>1</Hsp_num>
      <Hsp_bit-score>22.7126</Hsp_bit-score>
      <Hsp_score>47</Hsp_score>
      <Hsp_evalue>1.1078</Hsp_evalue>
      <Hsp_query-from>422</Hsp_query-from>
      <Hsp_query-to>461</Hsp_query-to>
      <Hsp_hit-from>58</Hsp_hit-from>
      <Hsp_hit-to>97</Hsp_hit-to>
      <Hsp_query-frame>0</Hsp_query-frame>
      <Hsp_hit-frame>0</Hsp_hit-frame>
      <Hsp_identity>13</Hsp_identity>
      <Hsp_positive>17</Hsp_positive>
      <Hsp_gaps>0</Hsp_gaps>
      <Hsp_align-len>40</Hsp_align-len>
      <Hsp_qseq>VEPTISTGLEAIGRGQDLDKLERCVTAWAALAPMRDDPDI</Hsp_qseq>
      <Hsp_hseq>IEPAIPEGTVRIERETDIDKMKYIFDAGALFIDQNVDADF</Hsp_hseq>
      <Hsp_midline>+EP I  G   I R  D+DK++    A A       D D </Hsp_midline>
    </Hsp>
  </Hit_hsps>
</Hit>
<Hit>
  <Hit_num>7</Hit_num>
  <Hit_id>gnl|BL_ORD_ID|12</Hit_id>
  <Hit_def>ASN73558.1 tailspike protein [Acinetobacter phage vB_ApiP_P2]</Hit_def>
  <Hit_accession>12</Hit_accession>
  <Hit_len>799</Hit_len>
  <Hit_hsps>
    <Hsp>
      <Hsp_num>1</Hsp_num>
      <Hsp_bit-score>22.3274</Hsp_bit-score>
      <Hsp_score>46</Hsp_score>
      <Hsp_evalue>1.21124</Hsp_evalue>
      <Hsp_query-from>422</Hsp_query-from>
      <Hsp_query-to>461</Hsp_query-to>
      <Hsp_hit-from>58</Hsp_hit-from>
      <Hsp_hit-to>97</Hsp_hit-to>
      <Hsp_query-frame>0</Hsp_query-frame>
      <Hsp_hit-frame>0</Hsp_hit-frame>
      <Hsp_identity>13</Hsp_identity>
      <Hsp_positive>17</Hsp_positive>
      <Hsp_gaps>0</Hsp_gaps>
      <Hsp_align-len>40</Hsp_align-len>
      <Hsp_qseq>VEPTISTGLEAIGRGQDLDKLERCVTAWAALAPMRDDPDI</Hsp_qseq>
      <Hsp_hseq>IEPAIPSGTVRIERETDIDKMLYIFDAGALFIDQNVDADF</Hsp_hseq>
      <Hsp_midline>+EP I +G   I R  D+DK+     A A       D D </Hsp_midline>
    </Hsp>
  </Hit_hsps>
</Hit>
<Hit>
  <Hit_num>8</Hit_num>
  <Hit_id>gnl|BL_ORD_ID|1</Hit_id>
  <Hit_def>YP_009103257.1 putative tail fiber [Acinetobacter phage vB_AbaP_Acibel007]</Hit_def>
  <Hit_accession>1</Hit_accession>
  <Hit_len>724</Hit_len>
  <Hit_hsps>
    <Hsp>
      <Hsp_num>1</Hsp_num>
      <Hsp_bit-score>21.557</Hsp_bit-score>
      <Hsp_score>44</Hsp_score>
      <Hsp_evalue>2.02401</Hsp_evalue>
      <Hsp_query-from>397</Hsp_query-from>
      <Hsp_query-to>461</Hsp_query-to>
      <Hsp_hit-from>31</Hsp_hit-from>
      <Hsp_hit-to>100</Hsp_hit-to>
      <Hsp_query-frame>0</Hsp_query-frame>
      <Hsp_hit-frame>0</Hsp_hit-frame>
      <Hsp_identity>15</Hsp_identity>
      <Hsp_positive>32</Hsp_positive>
      <Hsp_gaps>5</Hsp_gaps>
      <Hsp_align-len>70</Hsp_align-len>
      <Hsp_qseq>QLPLVRVLLKQLQATQQIPELPKE-----AVEPTISTGLEAIGRGQDLDKLERCVTAWAALAPMRDDPDI</Hsp_qseq>
      <Hsp_hseq>QSDTINVLVNDVIATEAGYTVFRKNALVIALEPAVTSGIVRLQRETNIDKSFHIFSAGAKFVGANMDANF</Hsp_hseq>
      <Hsp_midline>Q   + VL+  + AT+    + ++     A+EP +++G+  + R  ++DK     +A A       D + </Hsp_midline>
    </Hsp>
  </Hit_hsps>
</Hit>
<Hit>
  <Hit_num>9</Hit_num>
  <Hit_id>gnl|BL_ORD_ID|19</Hit_id>
  <Hit_def>sp|P10930|FIB12_BPT4 Short tail fiber protein gp12 OS=Enterobacteria phage T4 OX=10665 GN=12 PE=1 SV=3</Hit_def>
  <Hit_accession>19</Hit_accession>
  <Hit_len>527</Hit_len>
  <Hit_hsps>
    <Hsp>
      <Hsp_num>1</Hsp_num>
      <Hsp_bit-score>21.1718</Hsp_bit-score>
      <Hsp_score>43</Hsp_score>
      <Hsp_evalue>2.47293</Hsp_evalue>
      <Hsp_query-from>251</Hsp_query-from>
      <Hsp_query-to>321</Hsp_query-to>
      <Hsp_hit-from>59</Hsp_hit-from>
      <Hsp_hit-to>131</Hsp_hit-to>
      <Hsp_query-frame>0</Hsp_query-frame>
      <Hsp_hit-frame>0</Hsp_hit-frame>
      <Hsp_identity>18</Hsp_identity>
      <Hsp_positive>31</Hsp_positive>
      <Hsp_gaps>4</Hsp_gaps>
      <Hsp_align-len>74</Hsp_align-len>
      <Hsp_qseq>YIPIRMVRLDGESYGRSYIEEYLGDLRSLENLQEAIVKMSMISSK---VIGLVNPAGITQPRRLTKAQTGDFVT</Hsp_qseq>
      <Hsp_hseq>FIPTEQEVIDGTNNTKAVTPATLATRLSYPNATETVYGLTRYSTNDEAIAGVNNESSIT-PAKFTVALNNAFET</Hsp_hseq>
      <Hsp_midline>+IP     +DG +  ++     L    S  N  E +  ++  S+    + G+ N + IT P + T A    F T</Hsp_midline>
    </Hsp>
  </Hit_hsps>
</Hit>
<Hit>
  <Hit_num>10</Hit_num>
  <Hit_id>gnl|BL_ORD_ID|7</Hit_id>
  <Hit_def>NP_059644.1 tailspike protein [Salmonella phage P22]</Hit_def>
  <Hit_accession>7</Hit_accession>
  <Hit_len>667</Hit_len>
  <Hit_hsps>
    <Hsp>
      <Hsp_num>1</Hsp_num>
      <Hsp_bit-score>21.1718</Hsp_bit-score>
      <Hsp_score>43</Hsp_score>
      <Hsp_evalue>3.16326</Hsp_evalue>
      <Hsp_query-from>434</Hsp_query-from>
      <Hsp_query-to>524</Hsp_query-to>
      <Hsp_hit-from>512</Hsp_hit-from>
      <Hsp_hit-to>606</Hsp_hit-to>
      <Hsp_query-frame>0</Hsp_query-frame>
      <Hsp_hit-frame>0</Hsp_hit-frame>
      <Hsp_identity>23</Hsp_identity>
      <Hsp_positive>48</Hsp_positive>
      <Hsp_gaps>14</Hsp_gaps>
      <Hsp_align-len>100</Hsp_align-len>
      <Hsp_qseq>GRGQDLDKLERCVTAWAALAPMRDDPDINLAMI------KLRIANAIGIDTSGILLTEEQKQQKMAQQSMQMGMDNGA---AALAQGMAAQATASPEAMA</Hsp_qseq>
      <Hsp_hseq>GQGLTIDAPNSTVSG---ITGMVDPSRINVANLAEEGLGNIR-ANSFGYDSAAIKLRIHKLSKTLDSGALYSHINGGAGSGSAYTQ-LTAISGSTPDAVS</Hsp_hseq>
      <Hsp_midline>G+G  +D     V+    +  M D   IN+A +       +R AN+ G D++ I L   +  + +   ++   ++ GA   +A  Q + A + ++P+A++</Hsp_midline>
    </Hsp>
  </Hit_hsps>
</Hit>
<Hit>
  <Hit_num>11</Hit_num>
  <Hit_id>gnl|BL_ORD_ID|16</Hit_id>
  <Hit_def>sp|P23207|RBP5_BPT5 Receptor-binding protein pb5 OS=Escherichia phage T5 OX=2695836 GN=oad PE=1 SV=2</Hit_def>
  <Hit_accession>16</Hit_accession>
  <Hit_len>640</Hit_len>
  <Hit_hsps>
    <Hsp>
      <Hsp_num>1</Hsp_num>
      <Hsp_bit-score>20.7866</Hsp_bit-score>
      <Hsp_score>42</Hsp_score>
      <Hsp_evalue>3.34655</Hsp_evalue>
      <Hsp_query-from>215</Hsp_query-from>
      <Hsp_query-to>355</Hsp_query-to>
      <Hsp_hit-from>41</Hsp_hit-from>
      <Hsp_hit-to>171</Hsp_hit-to>
      <Hsp_query-frame>0</Hsp_query-frame>
      <Hsp_hit-frame>0</Hsp_hit-frame>
      <Hsp_identity>34</Hsp_identity>
      <Hsp_positive>57</Hsp_positive>
      <Hsp_gaps>28</Hsp_gaps>
      <Hsp_align-len>150</Hsp_align-len>
      <Hsp_qseq>THIYLDEDSGEYLRYEEVEGMEVQGSDGTYPKEACPYIPIRMVRLDGESYGRSYIEEYLGDLRSLENLQEAIVKMSM-ISSKVIGLVNPAGITQPRRLTKA--------QTGDFVTGRPEDISFLQLEKQADFTVAKAVSDAIEARLSFA</Hsp_qseq>
      <Hsp_hseq>SHVIITETHSTGLRLD-------QGAGDYYWSE----MPSRVTQLHNNDPNRVVLTE----IEFSDGSRHMLSGMSMGVGAKAYGIINPQIMSQGGLKTQITASADLSLDVGYFNTGTSGTIP----QKLRDGTGCQHMFGAFSGRRGFA</Hsp_hseq>
      <Hsp_midline>+H+ + E     LR +       QG+   Y  E    +P R+ +L      R  + E    +   +  +  +  MSM + +K  G++NP  ++Q    T+           G F TG    I     +K  D T  + +  A   R  FA</Hsp_midline>
    </Hsp>
  </Hit_hsps>
</Hit>
<Hit>
  <Hit_num>12</Hit_num>
  <Hit_id>gnl|BL_ORD_ID|3</Hit_id>
  <Hit_def>YP_009006536.1 tail fiber protein [Acinetobacter phage Petty]</Hit_def>
  <Hit_accession>3</Hit_accession>
  <Hit_len>918</Hit_len>
  <Hit_hsps>
    <Hsp>
      <Hsp_num>1</Hsp_num>
      <Hsp_bit-score>20.4014</Hsp_bit-score>
      <Hsp_score>41</Hsp_score>
      <Hsp_evalue>4.51513</Hsp_evalue>
      <Hsp_query-from>394</Hsp_query-from>
      <Hsp_query-to>441</Hsp_query-to>
      <Hsp_hit-from>37</Hsp_hit-from>
      <Hsp_hit-to>84</Hsp_hit-to>
      <Hsp_query-frame>0</Hsp_query-frame>
      <Hsp_hit-frame>0</Hsp_hit-frame>
      <Hsp_identity>13</Hsp_identity>
      <Hsp_positive>22</Hsp_positive>
      <Hsp_gaps>0</Hsp_gaps>
      <Hsp_align-len>48</Hsp_align-len>
      <Hsp_qseq>QELQLPLVRVLLKQLQATQQIPELPKEAVEPTISTGLEAIGRGQDLDK</Hsp_qseq>
      <Hsp_hseq>QNLRVRLNGIDIEDLGYSFLVTNNITVQVTPAIPHGTLSISRETDIDK</Hsp_hseq>
      <Hsp_midline>Q L++ L  + ++ L  +  +       V P I  G  +I R  D+DK</Hsp_midline>
    </Hsp>
  </Hit_hsps>
</Hit>
<Hit>
  <Hit_num>13</Hit_num>
  <Hit_id>gnl|BL_ORD_ID|6</Hit_id>
  <Hit_def>YP_001522890.1 putative tail fiber protein [Pseudomonas phage LKA1]</Hit_def>
  <Hit_accession>6</Hit_accession>
  <Hit_len>769</Hit_len>
  <Hit_hsps>
    <Hsp>
      <Hsp_num>1</Hsp_num>
      <Hsp_bit-score>20.4014</Hsp_bit-score>
      <Hsp_score>41</Hsp_score>
      <Hsp_evalue>4.61964</Hsp_evalue>
      <Hsp_query-from>138</Hsp_query-from>
      <Hsp_query-to>200</Hsp_query-to>
      <Hsp_hit-from>309</Hsp_hit-from>
      <Hsp_hit-to>371</Hsp_hit-to>
      <Hsp_query-frame>0</Hsp_query-frame>
      <Hsp_hit-frame>0</Hsp_hit-frame>
      <Hsp_identity>16</Hsp_identity>
      <Hsp_positive>29</Hsp_positive>
      <Hsp_gaps>2</Hsp_gaps>
      <Hsp_align-len>64</Hsp_align-len>
      <Hsp_qseq>VVAGNVLLYLPEPEGSNYNPMKL-YRLSSYVVQRDAFGNVLQMVTRDQIAFGALPEDIRKAVEG</Hsp_qseq>
      <Hsp_hseq>LVAGDVFI-IYNPTDSSFSGFRTSYRAGEFCEVRAVSGNTVTIRSALYAAYDGATVAIYKVVSG</Hsp_hseq>
      <Hsp_midline>+VAG+V + +  P  S+++  +  YR   +   R   GN + + +    A+      I K V G</Hsp_midline>
    </Hsp>
  </Hit_hsps>
</Hit>
</Iteration_hits>
  <Iteration_stat>
    <Statistics>
      <Statistics_db-num>21</Statistics_db-num>
      <Statistics_db-len>15367</Statistics_db-len>
      <Statistics_hsp-len>59</Statistics_hsp-len>
      <Statistics_eff-space>6739056</Statistics_eff-space>
      <Statistics_kappa>0.041</Statistics_kappa>
      <Statistics_lambda>0.267</Statistics_lambda>
      <Statistics_entropy>0.14</Statistics_entropy>
    </Statistics>
  </Iteration_stat>
</Iteration>
<Iteration>
  <Iteration_iter-num>33</Iteration_iter-num>
  <Iteration_query-ID>Query_33</Iteration_query-ID>
  <Iteration_query-def>lcl|MZ375233.1_prot_QZB83375.1_33 [locus_tag=T710L_43] [protein=capsid assembly protein] [protein_id=QZB83375.1] [location=21951..22874] [gbkey=CDS]</Iteration_query-def>
  <Iteration_query-len>307</Iteration_query-len>
<Iteration_hits>
<Hit>
  <Hit_num>1</Hit_num>
  <Hit_id>gnl|BL_ORD_ID|0</Hit_id>
  <Hit_def>ASN73504.1 tailspike protein [Acinetobacter phage vB_ApiP_P1]</Hit_def>
  <Hit_accession>0</Hit_accession>
  <Hit_len>749</Hit_len>
  <Hit_hsps>
    <Hsp>
      <Hsp_num>1</Hsp_num>
      <Hsp_bit-score>20.7866</Hsp_bit-score>
      <Hsp_score>42</Hsp_score>
      <Hsp_evalue>2.31228</Hsp_evalue>
      <Hsp_query-from>183</Hsp_query-from>
      <Hsp_query-to>226</Hsp_query-to>
      <Hsp_hit-from>485</Hsp_hit-from>
      <Hsp_hit-to>521</Hsp_hit-to>
      <Hsp_query-frame>0</Hsp_query-frame>
      <Hsp_hit-frame>0</Hsp_hit-frame>
      <Hsp_identity>13</Hsp_identity>
      <Hsp_positive>20</Hsp_positive>
      <Hsp_gaps>7</Hsp_gaps>
      <Hsp_align-len>44</Hsp_align-len>
      <Hsp_qseq>EALVEQYVNSVIEYAGGRERFDALYNHLETHNPEAAQSLDNALT</Hsp_qseq>
      <Hsp_hseq>EALIKCTASSPIMFVGG-------YIEANTSTPYVIKTLGNSAT</Hsp_hseq>
      <Hsp_midline>EAL++   +S I + GG       Y    T  P   ++L N+ T</Hsp_midline>
    </Hsp>
  </Hit_hsps>
</Hit>
<Hit>
  <Hit_num>2</Hit_num>
  <Hit_id>gnl|BL_ORD_ID|15</Hit_id>
  <Hit_def>BBF66844.1 tail spike protein [Klebsiella phage KN1-1]</Hit_def>
  <Hit_accession>15</Hit_accession>
  <Hit_len>820</Hit_len>
  <Hit_hsps>
    <Hsp>
      <Hsp_num>1</Hsp_num>
      <Hsp_bit-score>20.4014</Hsp_bit-score>
      <Hsp_score>41</Hsp_score>
      <Hsp_evalue>3.06757</Hsp_evalue>
      <Hsp_query-from>185</Hsp_query-from>
      <Hsp_query-to>211</Hsp_query-to>
      <Hsp_hit-from>1</Hsp_hit-from>
      <Hsp_hit-to>27</Hsp_hit-to>
      <Hsp_query-frame>0</Hsp_query-frame>
      <Hsp_hit-frame>0</Hsp_hit-frame>
      <Hsp_identity>7</Hsp_identity>
      <Hsp_positive>16</Hsp_positive>
      <Hsp_gaps>0</Hsp_gaps>
      <Hsp_align-len>27</Hsp_align-len>
      <Hsp_qseq>LVEQYVNSVIEYAGGRERFDALYNHLE</Hsp_qseq>
      <Hsp_hseq>MMNQDIKTIIQYPVGDVEFDIPFDYLS</Hsp_hseq>
      <Hsp_midline>++ Q + ++I+Y  G   FD  +++L </Hsp_midline>
    </Hsp>
  </Hit_hsps>
</Hit>
<Hit>
  <Hit_num>3</Hit_num>
  <Hit_id>gnl|BL_ORD_ID|14</Hit_id>
  <Hit_def>ASN73455.2 tailspike protein [Acinetobacter phage vB_AbaP_B5]</Hit_def>
  <Hit_accession>14</Hit_accession>
  <Hit_len>761</Hit_len>
  <Hit_hsps>
    <Hsp>
      <Hsp_num>1</Hsp_num>
      <Hsp_bit-score>20.0162</Hsp_bit-score>
      <Hsp_score>40</Hsp_score>
      <Hsp_evalue>3.50623</Hsp_evalue>
      <Hsp_query-from>35</Hsp_query-from>
      <Hsp_query-to>68</Hsp_query-to>
      <Hsp_hit-from>216</Hsp_hit-from>
      <Hsp_hit-to>251</Hsp_hit-to>
      <Hsp_query-frame>0</Hsp_query-frame>
      <Hsp_hit-frame>0</Hsp_hit-frame>
      <Hsp_identity>10</Hsp_identity>
      <Hsp_positive>17</Hsp_positive>
      <Hsp_gaps>2</Hsp_gaps>
      <Hsp_align-len>36</Hsp_align-len>
      <Hsp_qseq>DVAARDGDDAIELASDEVETERDLYDNSDP--FGQE</Hsp_qseq>
      <Hsp_hseq>DTTSVDNDGTILVGTDGTRWKRQWNSHADPCWFGAD</Hsp_hseq>
      <Hsp_midline>D  + D D  I + +D    +R    ++DP  FG +</Hsp_midline>
    </Hsp>
  </Hit_hsps>
</Hit>
<Hit>
  <Hit_num>4</Hit_num>
  <Hit_id>gnl|BL_ORD_ID|13</Hit_id>
  <Hit_def>ASN73353.1 tailspike protein [Acinetobacter phage vB_AbaP_B1]</Hit_def>
  <Hit_accession>13</Hit_accession>
  <Hit_len>760</Hit_len>
  <Hit_hsps>
    <Hsp>
      <Hsp_num>1</Hsp_num>
      <Hsp_bit-score>19.631</Hsp_bit-score>
      <Hsp_score>39</Hsp_score>
      <Hsp_evalue>4.20416</Hsp_evalue>
      <Hsp_query-from>214</Hsp_query-from>
      <Hsp_query-to>292</Hsp_query-to>
      <Hsp_hit-from>231</Hsp_hit-from>
      <Hsp_hit-to>311</Hsp_hit-to>
      <Hsp_query-frame>0</Hsp_query-frame>
      <Hsp_hit-frame>0</Hsp_hit-frame>
      <Hsp_identity>19</Hsp_identity>
      <Hsp_positive>32</Hsp_positive>
      <Hsp_gaps>14</Hsp_gaps>
      <Hsp_align-len>87</Hsp_align-len>
      <Hsp_qseq>NPEAAQSLDNALTNRDLATVKAIINL-AGESRAKAFG-------RKPTRSVTNRAIPAKPQATKREGFADRSEMIKAMSDPRYRTDA</Hsp_qseq>
      <Hsp_hseq>NPNLIATMLNTTGSVDVARFGAVMNADVGPFIEKAFKYFRDVCLTKPYKLNTVVGIP------NQNNYSKNVYYLRGLGDPEITVDC</Hsp_hseq>
      <Hsp_midline>NP    ++ N   + D+A   A++N   G    KAF         KP +  T   IP       +  ++     ++ + DP    D </Hsp_midline>
    </Hsp>
  </Hit_hsps>
</Hit>
<Hit>
  <Hit_num>5</Hit_num>
  <Hit_id>gnl|BL_ORD_ID|3</Hit_id>
  <Hit_def>YP_009006536.1 tail fiber protein [Acinetobacter phage Petty]</Hit_def>
  <Hit_accession>3</Hit_accession>
  <Hit_len>918</Hit_len>
  <Hit_hsps>
    <Hsp>
      <Hsp_num>1</Hsp_num>
      <Hsp_bit-score>19.2458</Hsp_bit-score>
      <Hsp_score>38</Hsp_score>
      <Hsp_evalue>5.79894</Hsp_evalue>
      <Hsp_query-from>43</Hsp_query-from>
      <Hsp_query-to>80</Hsp_query-to>
      <Hsp_hit-from>632</Hsp_hit-from>
      <Hsp_hit-to>666</Hsp_hit-to>
      <Hsp_query-frame>0</Hsp_query-frame>
      <Hsp_hit-frame>0</Hsp_hit-frame>
      <Hsp_identity>10</Hsp_identity>
      <Hsp_positive>17</Hsp_positive>
      <Hsp_gaps>3</Hsp_gaps>
      <Hsp_align-len>38</Hsp_align-len>
      <Hsp_qseq>DAIELASDEVETERDLYDNSDPFGQEDDEGRIQVRIGD</Hsp_qseq>
      <Hsp_hseq>DAVRVGGGTFNYETPLWNN---VGFPDDSSGFKIRISN</Hsp_hseq>
      <Hsp_midline>DA+ +       E  L++N    G  DD    ++RI +</Hsp_midline>
    </Hsp>
  </Hit_hsps>
</Hit>
<Hit>
  <Hit_num>6</Hit_num>
  <Hit_id>gnl|BL_ORD_ID|8</Hit_id>
  <Hit_def>NP_112090.1 tailspike protein [Enterobacteria phage HK620]</Hit_def>
  <Hit_accession>8</Hit_accession>
  <Hit_len>710</Hit_len>
  <Hit_hsps>
    <Hsp>
      <Hsp_num>1</Hsp_num>
      <Hsp_bit-score>19.2458</Hsp_bit-score>
      <Hsp_score>38</Hsp_score>
      <Hsp_evalue>6.91318</Hsp_evalue>
      <Hsp_query-from>142</Hsp_query-from>
      <Hsp_query-to>177</Hsp_query-to>
      <Hsp_hit-from>571</Hsp_hit-from>
      <Hsp_hit-to>605</Hsp_hit-to>
      <Hsp_query-frame>0</Hsp_query-frame>
      <Hsp_hit-frame>0</Hsp_hit-frame>
      <Hsp_identity>10</Hsp_identity>
      <Hsp_positive>17</Hsp_positive>
      <Hsp_gaps>1</Hsp_gaps>
      <Hsp_align-len>36</Hsp_align-len>
      <Hsp_qseq>ETIEAIQREYEENEELSAESYAKLAEIGYTKAFIDS</Hsp_qseq>
      <Hsp_hseq>STIE-VQLSCEDLSMFSCILFPASCQLSYSKITVDS</Hsp_hseq>
      <Hsp_midline> TIE +Q   E+    S   +    ++ Y+K  +DS</Hsp_midline>
    </Hsp>
  </Hit_hsps>
</Hit>
<Hit>
  <Hit_num>7</Hit_num>
  <Hit_id>gnl|BL_ORD_ID|5</Hit_id>
  <Hit_def>ARV77571.1 tail fiber protein [Pasteurella phage vB_PmuP_PHB02]</Hit_def>
  <Hit_accession>5</Hit_accession>
  <Hit_len>968</Hit_len>
  <Hit_hsps>
    <Hsp>
      <Hsp_num>1</Hsp_num>
      <Hsp_bit-score>18.8606</Hsp_bit-score>
      <Hsp_score>37</Hsp_score>
      <Hsp_evalue>7.7288</Hsp_evalue>
      <Hsp_query-from>65</Hsp_query-from>
      <Hsp_query-to>94</Hsp_query-to>
      <Hsp_hit-from>932</Hsp_hit-from>
      <Hsp_hit-to>958</Hsp_hit-to>
      <Hsp_query-frame>0</Hsp_query-frame>
      <Hsp_hit-frame>0</Hsp_hit-frame>
      <Hsp_identity>9</Hsp_identity>
      <Hsp_positive>17</Hsp_positive>
      <Hsp_gaps>3</Hsp_gaps>
      <Hsp_align-len>30</Hsp_align-len>
      <Hsp_qseq>FGQEDDEGRIQVRIGDGSEPTDVDTGEEGV</Hsp_qseq>
      <Hsp_hseq>FLQSEKQTKIHIQ---GTIPSDLRMGESIV</Hsp_hseq>
      <Hsp_midline>F Q + + +I ++   G+ P+D+  GE  V</Hsp_midline>
    </Hsp>
  </Hit_hsps>
</Hit>
</Iteration_hits>
  <Iteration_stat>
    <Statistics>
      <Statistics_db-num>21</Statistics_db-num>
      <Statistics_db-len>15367</Statistics_db-len>
      <Statistics_hsp-len>54</Statistics_hsp-len>
      <Statistics_eff-space>3600949</Statistics_eff-space>
      <Statistics_kappa>0.041</Statistics_kappa>
      <Statistics_lambda>0.267</Statistics_lambda>
      <Statistics_entropy>0.14</Statistics_entropy>
    </Statistics>
  </Iteration_stat>
</Iteration>
<Iteration>
  <Iteration_iter-num>34</Iteration_iter-num>
  <Iteration_query-ID>Query_34</Iteration_query-ID>
  <Iteration_query-def>lcl|MZ375233.1_prot_QZB83376.1_34 [locus_tag=T710L_44] [protein=major capsid protein] [protein_id=QZB83376.1] [location=22968..24005] [gbkey=CDS]</Iteration_query-def>
  <Iteration_query-len>345</Iteration_query-len>
<Iteration_hits>
<Hit>
  <Hit_num>1</Hit_num>
  <Hit_id>gnl|BL_ORD_ID|14</Hit_id>
  <Hit_def>ASN73455.2 tailspike protein [Acinetobacter phage vB_AbaP_B5]</Hit_def>
  <Hit_accession>14</Hit_accession>
  <Hit_len>761</Hit_len>
  <Hit_hsps>
    <Hsp>
      <Hsp_num>1</Hsp_num>
      <Hsp_bit-score>20.0162</Hsp_bit-score>
      <Hsp_score>40</Hsp_score>
      <Hsp_evalue>4.12651</Hsp_evalue>
      <Hsp_query-from>290</Hsp_query-from>
      <Hsp_query-to>319</Hsp_query-to>
      <Hsp_hit-from>317</Hsp_hit-from>
      <Hsp_hit-to>350</Hsp_hit-to>
      <Hsp_query-frame>0</Hsp_query-frame>
      <Hsp_hit-frame>0</Hsp_hit-frame>
      <Hsp_identity>12</Hsp_identity>
      <Hsp_positive>16</Hsp_positive>
      <Hsp_gaps>4</Hsp_gaps>
      <Hsp_align-len>34</Hsp_align-len>
      <Hsp_qseq>GLFMHRSAVG----TVKLRDLALERARRANFQAD</Hsp_qseq>
      <Hsp_hseq>GIFTSKRSIGLETSTDDLYTAALEIGRGLRFQGD</Hsp_hseq>
      <Hsp_midline>G+F  + ++G    T  L   ALE  R   FQ D</Hsp_midline>
    </Hsp>
  </Hit_hsps>
</Hit>
<Hit>
  <Hit_num>2</Hit_num>
  <Hit_id>gnl|BL_ORD_ID|7</Hit_id>
  <Hit_def>NP_059644.1 tailspike protein [Salmonella phage P22]</Hit_def>
  <Hit_accession>7</Hit_accession>
  <Hit_len>667</Hit_len>
  <Hit_hsps>
    <Hsp>
      <Hsp_num>1</Hsp_num>
      <Hsp_bit-score>20.0162</Hsp_bit-score>
      <Hsp_score>40</Hsp_score>
      <Hsp_evalue>4.23232</Hsp_evalue>
      <Hsp_query-from>291</Hsp_query-from>
      <Hsp_query-to>333</Hsp_query-to>
      <Hsp_hit-from>466</Hsp_hit-from>
      <Hsp_hit-to>503</Hsp_hit-to>
      <Hsp_query-frame>0</Hsp_query-frame>
      <Hsp_hit-frame>0</Hsp_hit-frame>
      <Hsp_identity>13</Hsp_identity>
      <Hsp_positive>18</Hsp_positive>
      <Hsp_gaps>5</Hsp_gaps>
      <Hsp_align-len>43</Hsp_align-len>
      <Hsp_qseq>LFMHRSAVGTVKLRDLALERARRANFQADQIIAKYAMGHGGLR</Hsp_qseq>
      <Hsp_hseq>LLTHESV-----FTNIAIIDTNTKDFQANQIYISGACRVNGLR</Hsp_hseq>
      <Hsp_midline>L  H S        ++A+      +FQA+QI    A    GLR</Hsp_midline>
    </Hsp>
  </Hit_hsps>
</Hit>
<Hit>
  <Hit_num>3</Hit_num>
  <Hit_id>gnl|BL_ORD_ID|0</Hit_id>
  <Hit_def>ASN73504.1 tailspike protein [Acinetobacter phage vB_ApiP_P1]</Hit_def>
  <Hit_accession>0</Hit_accession>
  <Hit_len>749</Hit_len>
  <Hit_hsps>
    <Hsp>
      <Hsp_num>1</Hsp_num>
      <Hsp_bit-score>19.2458</Hsp_bit-score>
      <Hsp_score>38</Hsp_score>
      <Hsp_evalue>7.40801</Hsp_evalue>
      <Hsp_query-from>116</Hsp_query-from>
      <Hsp_query-to>136</Hsp_query-to>
      <Hsp_hit-from>310</Hsp_hit-from>
      <Hsp_hit-to>330</Hsp_hit-to>
      <Hsp_query-frame>0</Hsp_query-frame>
      <Hsp_hit-frame>0</Hsp_hit-frame>
      <Hsp_identity>7</Hsp_identity>
      <Hsp_positive>13</Hsp_positive>
      <Hsp_gaps>0</Hsp_gaps>
      <Hsp_align-len>21</Hsp_align-len>
      <Hsp_qseq>YDVRSEYTSQLGESLAMAADG</Hsp_qseq>
      <Hsp_hseq>FDLRVNTTTELDATLRIEGDG</Hsp_hseq>
      <Hsp_midline>+D+R   T++L  +L +  DG</Hsp_midline>
    </Hsp>
  </Hit_hsps>
</Hit>
<Hit>
  <Hit_num>4</Hit_num>
  <Hit_id>gnl|BL_ORD_ID|20</Hit_id>
  <Hit_def>YP_008532047.1 putative tail fiber protein [Taipeivirus 0507KN21]</Hit_def>
  <Hit_accession>20</Hit_accession>
  <Hit_len>1245</Hit_len>
  <Hit_hsps>
    <Hsp>
      <Hsp_num>1</Hsp_num>
      <Hsp_bit-score>19.2458</Hsp_bit-score>
      <Hsp_score>38</Hsp_score>
      <Hsp_evalue>7.98791</Hsp_evalue>
      <Hsp_query-from>1</Hsp_query-from>
      <Hsp_query-to>16</Hsp_query-to>
      <Hsp_hit-from>172</Hsp_hit-from>
      <Hsp_hit-to>187</Hsp_hit-to>
      <Hsp_query-frame>0</Hsp_query-frame>
      <Hsp_hit-frame>0</Hsp_hit-frame>
      <Hsp_identity>7</Hsp_identity>
      <Hsp_positive>10</Hsp_positive>
      <Hsp_gaps>0</Hsp_gaps>
      <Hsp_align-len>16</Hsp_align-len>
      <Hsp_qseq>MASMTGGQQMGTNQGK</Hsp_qseq>
      <Hsp_hseq>LAGNNGASEIGTNSGK</Hsp_hseq>
      <Hsp_midline>+A   G  ++GTN GK</Hsp_midline>
    </Hsp>
  </Hit_hsps>
</Hit>
</Iteration_hits>
  <Iteration_stat>
    <Statistics>
      <Statistics_db-num>21</Statistics_db-num>
      <Statistics_db-len>15367</Statistics_db-len>
      <Statistics_hsp-len>55</Statistics_hsp-len>
      <Statistics_eff-space>4121480</Statistics_eff-space>
      <Statistics_kappa>0.041</Statistics_kappa>
      <Statistics_lambda>0.267</Statistics_lambda>
      <Statistics_entropy>0.14</Statistics_entropy>
    </Statistics>
  </Iteration_stat>
</Iteration>
<Iteration>
  <Iteration_iter-num>35</Iteration_iter-num>
  <Iteration_query-ID>Query_35</Iteration_query-ID>
  <Iteration_query-def>lcl|MZ375233.1_prot_QZB83377.1_35 [locus_tag=T710L_46] [protein=tail tubular protein A] [protein_id=QZB83377.1] [location=24244..24819] [gbkey=CDS]</Iteration_query-def>
  <Iteration_query-len>191</Iteration_query-len>
<Iteration_hits>
<Hit>
  <Hit_num>1</Hit_num>
  <Hit_id>gnl|BL_ORD_ID|1</Hit_id>
  <Hit_def>YP_009103257.1 putative tail fiber [Acinetobacter phage vB_AbaP_Acibel007]</Hit_def>
  <Hit_accession>1</Hit_accession>
  <Hit_len>724</Hit_len>
  <Hit_hsps>
    <Hsp>
      <Hsp_num>1</Hsp_num>
      <Hsp_bit-score>23.483</Hsp_bit-score>
      <Hsp_score>49</Hsp_score>
      <Hsp_evalue>0.158621</Hsp_evalue>
      <Hsp_query-from>88</Hsp_query-from>
      <Hsp_query-to>114</Hsp_query-to>
      <Hsp_hit-from>257</Hsp_hit-from>
      <Hsp_hit-to>289</Hsp_hit-to>
      <Hsp_query-frame>0</Hsp_query-frame>
      <Hsp_hit-frame>0</Hsp_hit-frame>
      <Hsp_identity>11</Hsp_identity>
      <Hsp_positive>20</Hsp_positive>
      <Hsp_gaps>6</Hsp_gaps>
      <Hsp_align-len>33</Hsp_align-len>
      <Hsp_qseq>QSIYVNRGGYVYDRTSQS------DRFDSGITV</Hsp_qseq>
      <Hsp_hseq>KCIYAPRGTYVFNRPARTPHSGSPNRVDSGCSL</Hsp_hseq>
      <Hsp_midline>+ IY  RG YV++R +++      +R DSG ++</Hsp_midline>
    </Hsp>
  </Hit_hsps>
</Hit>
<Hit>
  <Hit_num>2</Hit_num>
  <Hit_id>gnl|BL_ORD_ID|9</Hit_id>
  <Hit_def>NP_958190.1 tailspike protein [Shigella phage Sf6]</Hit_def>
  <Hit_accession>9</Hit_accession>
  <Hit_len>623</Hit_len>
  <Hit_hsps>
    <Hsp>
      <Hsp_num>1</Hsp_num>
      <Hsp_bit-score>22.7126</Hsp_bit-score>
      <Hsp_score>47</Hsp_score>
      <Hsp_evalue>0.291479</Hsp_evalue>
      <Hsp_query-from>48</Hsp_query-from>
      <Hsp_query-to>118</Hsp_query-to>
      <Hsp_hit-from>532</Hsp_hit-from>
      <Hsp_hit-to>606</Hsp_hit-to>
      <Hsp_query-frame>0</Hsp_query-frame>
      <Hsp_hit-frame>0</Hsp_hit-frame>
      <Hsp_identity>21</Hsp_identity>
      <Hsp_positive>37</Hsp_positive>
      <Hsp_gaps>12</Hsp_gaps>
      <Hsp_align-len>79</Hsp_align-len>
      <Hsp_qseq>QIQSRGWTFNIEEGITLLPDVYSNLIVYSDDYLSLMSTSGQSIYVNRGGYVY-------DRTSQSDRFD-SGITVNIIR</Hsp_qseq>
      <Hsp_hseq>EVQKPEGRYNTYRGCSGVPSV--NGII--NVPVAVGATSGSAAIPNPGNLTYRVRSLFGDPASSGDKVSVSGVTINVTR</Hsp_hseq>
      <Hsp_midline>++Q     +N   G + +P V  N I+  +  +++ +TSG +   N G   Y       D  S  D+   SG+T+N+ R</Hsp_midline>
    </Hsp>
  </Hit_hsps>
</Hit>
<Hit>
  <Hit_num>3</Hit_num>
  <Hit_id>gnl|BL_ORD_ID|0</Hit_id>
  <Hit_def>ASN73504.1 tailspike protein [Acinetobacter phage vB_ApiP_P1]</Hit_def>
  <Hit_accession>0</Hit_accession>
  <Hit_len>749</Hit_len>
  <Hit_hsps>
    <Hsp>
      <Hsp_num>1</Hsp_num>
      <Hsp_bit-score>19.2458</Hsp_bit-score>
      <Hsp_score>38</Hsp_score>
      <Hsp_evalue>3.22417</Hsp_evalue>
      <Hsp_query-from>31</Hsp_query-from>
      <Hsp_query-to>114</Hsp_query-to>
      <Hsp_hit-from>182</Hsp_hit-from>
      <Hsp_hit-to>261</Hsp_hit-to>
      <Hsp_query-frame>0</Hsp_query-frame>
      <Hsp_hit-frame>0</Hsp_hit-frame>
      <Hsp_identity>20</Hsp_identity>
      <Hsp_positive>33</Hsp_positive>
      <Hsp_gaps>4</Hsp_gaps>
      <Hsp_align-len>84</Hsp_align-len>
      <Hsp_qseq>ANADAANARRILNKINRQIQSRGWTFNIEEGITLLPDVYSNLIVYSDDYLSLMSTSGQSIYVNRGGYVYDRTSQSDRFDSGITV</Hsp_qseq>
      <Hsp_hseq>ANGDVVQSTIANNVNNPNLDMSGWLMNLKGVVN--SKVELEGLSGSDGQVVLMTGYYAGQYMGGDHFKYDSTQA--LINNGVTV</Hsp_hseq>
      <Hsp_midline>AN D   +    N  N  +   GW  N++  +     V    +  SD  + LM+      Y+    + YD T      ++G+TV</Hsp_midline>
    </Hsp>
  </Hit_hsps>
</Hit>
<Hit>
  <Hit_num>4</Hit_num>
  <Hit_id>gnl|BL_ORD_ID|17</Hit_id>
  <Hit_def>tr|D9IEJ1|D9IEJ1_BPT4 Short tail fibers OS=Enterobacteria phage T4 OX=10665 GN=12 PE=4 SV=1</Hit_def>
  <Hit_accession>17</Hit_accession>
  <Hit_len>527</Hit_len>
  <Hit_hsps>
    <Hsp>
      <Hsp_num>1</Hsp_num>
      <Hsp_bit-score>18.8606</Hsp_bit-score>
      <Hsp_score>37</Hsp_score>
      <Hsp_evalue>3.95964</Hsp_evalue>
      <Hsp_query-from>143</Hsp_query-from>
      <Hsp_query-to>180</Hsp_query-to>
      <Hsp_hit-from>417</Hsp_hit-from>
      <Hsp_hit-to>455</Hsp_hit-to>
      <Hsp_query-frame>0</Hsp_query-frame>
      <Hsp_hit-frame>0</Hsp_hit-frame>
      <Hsp_identity>11</Hsp_identity>
      <Hsp_positive>16</Hsp_positive>
      <Hsp_gaps>1</Hsp_gaps>
      <Hsp_align-len>39</Hsp_align-len>
      <Hsp_qseq>NRFFGEPEVE-GVLQEEEDEARRLCMEYEMDYGGYNMLD</Hsp_qseq>
      <Hsp_hseq>NDQFGKPRLGVGCTGGYVGEVQKQQMSYHKHAGGFGEHD</Hsp_hseq>
      <Hsp_midline>N  FG+P +  G       E ++  M Y    GG+   D</Hsp_midline>
    </Hsp>
  </Hit_hsps>
</Hit>
</Iteration_hits>
  <Iteration_stat>
    <Statistics>
      <Statistics_db-num>21</Statistics_db-num>
      <Statistics_db-len>15367</Statistics_db-len>
      <Statistics_hsp-len>50</Statistics_hsp-len>
      <Statistics_eff-space>2018697</Statistics_eff-space>
      <Statistics_kappa>0.041</Statistics_kappa>
      <Statistics_lambda>0.267</Statistics_lambda>
      <Statistics_entropy>0.14</Statistics_entropy>
    </Statistics>
  </Iteration_stat>
</Iteration>
<Iteration>
  <Iteration_iter-num>36</Iteration_iter-num>
  <Iteration_query-ID>Query_36</Iteration_query-ID>
  <Iteration_query-def>lcl|MZ375233.1_prot_QZB83378.1_36 [locus_tag=T710L_47] [protein=tail tubular protein B] [protein_id=QZB83378.1] [location=24843..27227] [gbkey=CDS]</Iteration_query-def>
  <Iteration_query-len>794</Iteration_query-len>
<Iteration_hits>
<Hit>
  <Hit_num>1</Hit_num>
  <Hit_id>gnl|BL_ORD_ID|10</Hit_id>
  <Hit_def>YP_009203055.1 tail spike protein [Acinetobacter phage Fri1]</Hit_def>
  <Hit_accession>10</Hit_accession>
  <Hit_len>783</Hit_len>
  <Hit_hsps>
    <Hsp>
      <Hsp_num>1</Hsp_num>
      <Hsp_bit-score>23.8682</Hsp_bit-score>
      <Hsp_score>50</Hsp_score>
      <Hsp_evalue>0.713087</Hsp_evalue>
      <Hsp_query-from>578</Hsp_query-from>
      <Hsp_query-to>741</Hsp_query-to>
      <Hsp_hit-from>584</Hsp_hit-from>
      <Hsp_hit-to>763</Hsp_hit-to>
      <Hsp_query-frame>0</Hsp_query-frame>
      <Hsp_hit-frame>0</Hsp_hit-frame>
      <Hsp_identity>42</Hsp_identity>
      <Hsp_positive>66</Hsp_positive>
      <Hsp_gaps>20</Hsp_gaps>
      <Hsp_align-len>182</Hsp_align-len>
      <Hsp_qseq>FTKNAI---DLQGEPYRAFMDMKIRYTIPSGTYNDDTFTTSI-HIPTIYGANFGRGKITVLEPDGKITVFEQ----PTAGWNSDPWLRLSGNLEGRMVYIGFNINFVYEFSKFLIKQTADDGSTSTEDIGRLQLRRAWVNYENSGTFDIY----------VENQSSNWKYTMAGARLGSNTL</Hsp_qseq>
      <Hsp_hseq>FTNNTLWGKDLKGFSYNTLVTGD--FLIEGNRFQDTTFENNIVATQASFGVNTFLGTATVIQPVDRRTITQQYRNLPDISGVKSPINDAYFNTEIRNFNLDLNFKEVLTVPLRSGCKITITGADATTNAGSKAYVELFVNSDNSTTITAHNEVINDPLYGVKYSWSGRTLSLAGITLSANTF</Hsp_hseq>
      <Hsp_midline>FT N +   DL+G  Y   +     + I    + D TF  +I      +G N   G  TV++P  + T+ +Q    P       P      N E R   +  N   V         +    G+ +T + G       +VN +NS T   +          V+   S    ++AG  L +NT </Hsp_midline>
    </Hsp>
  </Hit_hsps>
</Hit>
<Hit>
  <Hit_num>2</Hit_num>
  <Hit_id>gnl|BL_ORD_ID|2</Hit_id>
  <Hit_def>ASN73401.1 tail fiber protein [Acinetobacter phage vB_AbaP_B3]</Hit_def>
  <Hit_accession>2</Hit_accession>
  <Hit_len>699</Hit_len>
  <Hit_hsps>
    <Hsp>
      <Hsp_num>1</Hsp_num>
      <Hsp_bit-score>23.483</Hsp_bit-score>
      <Hsp_score>49</Hsp_score>
      <Hsp_evalue>0.950034</Hsp_evalue>
      <Hsp_query-from>637</Hsp_query-from>
      <Hsp_query-to>776</Hsp_query-to>
      <Hsp_hit-from>404</Hsp_hit-from>
      <Hsp_hit-to>545</Hsp_hit-to>
      <Hsp_query-frame>0</Hsp_query-frame>
      <Hsp_hit-frame>0</Hsp_hit-frame>
      <Hsp_identity>35</Hsp_identity>
      <Hsp_positive>59</Hsp_positive>
      <Hsp_gaps>12</Hsp_gaps>
      <Hsp_align-len>147</Hsp_align-len>
      <Hsp_qseq>DGKITVFEQPTAGWNSDPWL--RLSGNLEGRMV-YIGFNI----NFVYEFSKFLIKQTADDGSTSTEDIGRLQLRRAWVNYENSGTFDIYVENQSSNWKYTMAGARLGSNTLRAGRLNLGTGQYRFPVVGNAKFNTVYILSDETTPL</Hsp_qseq>
      <Hsp_hseq>DGYAMIFDRDIHGCDFDNIIFESMNGGIKARTVAHCGFGKFWCENLKTATSKDWLEVTGANSCYGNSFTGYVKLLGGWTS-KTSPTLDSLSTNNYGGVSVSAEGISIVNAGNKAKMLMLPSG---FKT-GNATIDETHISSSTVTPL</Hsp_hseq>
      <Hsp_midline>DG   +F++   G + D  +   ++G ++ R V + GF      N     SK  ++ T  +        G ++L   W + + S T D    N       +  G  + +   +A  L L +G   F   GNA  +  +I S   TPL</Hsp_midline>
    </Hsp>
  </Hit_hsps>
</Hit>
<Hit>
  <Hit_num>3</Hit_num>
  <Hit_id>gnl|BL_ORD_ID|20</Hit_id>
  <Hit_def>YP_008532047.1 putative tail fiber protein [Taipeivirus 0507KN21]</Hit_def>
  <Hit_accession>20</Hit_accession>
  <Hit_len>1245</Hit_len>
  <Hit_hsps>
    <Hsp>
      <Hsp_num>1</Hsp_num>
      <Hsp_bit-score>21.9422</Hsp_bit-score>
      <Hsp_score>45</Hsp_score>
      <Hsp_evalue>2.47755</Hsp_evalue>
      <Hsp_query-from>547</Hsp_query-from>
      <Hsp_query-to>573</Hsp_query-to>
      <Hsp_hit-from>1205</Hsp_hit-from>
      <Hsp_hit-to>1231</Hsp_hit-to>
      <Hsp_query-frame>0</Hsp_query-frame>
      <Hsp_hit-frame>0</Hsp_hit-frame>
      <Hsp_identity>7</Hsp_identity>
      <Hsp_positive>17</Hsp_positive>
      <Hsp_gaps>0</Hsp_gaps>
      <Hsp_align-len>27</Hsp_align-len>
      <Hsp_qseq>ENVQVLACQSISSDMYVILRNEFNTFL</Hsp_qseq>
      <Hsp_hseq>ETIMVVTPAKEAGEIYMVRYDEFNSFV</Hsp_hseq>
      <Hsp_midline>E + V+     + ++Y++  +EFN+F+</Hsp_midline>
    </Hsp>
  </Hit_hsps>
</Hit>
<Hit>
  <Hit_num>4</Hit_num>
  <Hit_id>gnl|BL_ORD_ID|7</Hit_id>
  <Hit_def>NP_059644.1 tailspike protein [Salmonella phage P22]</Hit_def>
  <Hit_accession>7</Hit_accession>
  <Hit_len>667</Hit_len>
  <Hit_hsps>
    <Hsp>
      <Hsp_num>1</Hsp_num>
      <Hsp_bit-score>21.557</Hsp_bit-score>
      <Hsp_score>44</Hsp_score>
      <Hsp_evalue>3.79056</Hsp_evalue>
      <Hsp_query-from>133</Hsp_query-from>
      <Hsp_query-to>211</Hsp_query-to>
      <Hsp_hit-from>33</Hsp_hit-from>
      <Hsp_hit-to>131</Hsp_hit-to>
      <Hsp_query-frame>0</Hsp_query-frame>
      <Hsp_hit-frame>0</Hsp_hit-frame>
      <Hsp_identity>29</Hsp_identity>
      <Hsp_positive>45</Hsp_positive>
      <Hsp_gaps>22</Hsp_gaps>
      <Hsp_align-len>100</Hsp_align-len>
      <Hsp_qseq>VAQKNTKSVN----LPNYNPNQDG---------LINVRGG-QYGREL--IVHINGKDVAKYKIPDGSQPEHVNNT---DAQWLAEELAKQMR--TNLSDW</Hsp_qseq>
      <Hsp_hseq>IGQIDTDPVNPANQIPVYIENEDGSHVQITQPLIINAAGKIVYNGQLVKIVTVQGHSMAIYD-ANGSQVDYIANVLKYDPDQYSIEADKKFKYSVKLSDY</Hsp_hseq>
      <Hsp_midline>+ Q +T  VN    +P Y  N+DG         +IN  G   Y  +L  IV + G  +A Y   +GSQ +++ N    D    + E  K+ +    LSD+</Hsp_midline>
    </Hsp>
  </Hit_hsps>
</Hit>
<Hit>
  <Hit_num>5</Hit_num>
  <Hit_id>gnl|BL_ORD_ID|1</Hit_id>
  <Hit_def>YP_009103257.1 putative tail fiber [Acinetobacter phage vB_AbaP_Acibel007]</Hit_def>
  <Hit_accession>1</Hit_accession>
  <Hit_len>724</Hit_len>
  <Hit_hsps>
    <Hsp>
      <Hsp_num>1</Hsp_num>
      <Hsp_bit-score>20.7866</Hsp_bit-score>
      <Hsp_score>42</Hsp_score>
      <Hsp_evalue>5.50393</Hsp_evalue>
      <Hsp_query-from>156</Hsp_query-from>
      <Hsp_query-to>169</Hsp_query-to>
      <Hsp_hit-from>691</Hsp_hit-from>
      <Hsp_hit-to>704</Hsp_hit-to>
      <Hsp_query-frame>0</Hsp_query-frame>
      <Hsp_hit-frame>0</Hsp_hit-frame>
      <Hsp_identity>8</Hsp_identity>
      <Hsp_positive>10</Hsp_positive>
      <Hsp_gaps>0</Hsp_gaps>
      <Hsp_align-len>14</Hsp_align-len>
      <Hsp_qseq>VRGGQYGRELIVHI</Hsp_qseq>
      <Hsp_hseq>VHGGSSGRDLILRI</Hsp_hseq>
      <Hsp_midline>V GG  GR+LI+ I</Hsp_midline>
    </Hsp>
  </Hit_hsps>
</Hit>
<Hit>
  <Hit_num>6</Hit_num>
  <Hit_id>gnl|BL_ORD_ID|11</Hit_id>
  <Hit_def>ALJ97635.1 tail fiber protein [Acinetobacter phage IME-200]</Hit_def>
  <Hit_accession>11</Hit_accession>
  <Hit_len>693</Hit_len>
  <Hit_hsps>
    <Hsp>
      <Hsp_num>1</Hsp_num>
      <Hsp_bit-score>20.4014</Hsp_bit-score>
      <Hsp_score>41</Hsp_score>
      <Hsp_evalue>8.39495</Hsp_evalue>
      <Hsp_query-from>344</Hsp_query-from>
      <Hsp_query-to>366</Hsp_query-to>
      <Hsp_hit-from>269</Hsp_hit-from>
      <Hsp_hit-to>291</Hsp_hit-to>
      <Hsp_query-frame>0</Hsp_query-frame>
      <Hsp_hit-frame>0</Hsp_hit-frame>
      <Hsp_identity>8</Hsp_identity>
      <Hsp_positive>15</Hsp_positive>
      <Hsp_gaps>0</Hsp_gaps>
      <Hsp_align-len>23</Hsp_align-len>
      <Hsp_qseq>VGSSINDVFFFRNRLGFLSGENI</Hsp_qseq>
      <Hsp_hseq>VGAEVRNLQFVSSNLGTISGINV</Hsp_hseq>
      <Hsp_midline>VG+ + ++ F  + LG +SG N+</Hsp_midline>
    </Hsp>
    <Hsp>
      <Hsp_num>2</Hsp_num>
      <Hsp_bit-score>20.0162</Hsp_bit-score>
      <Hsp_score>40</Hsp_score>
      <Hsp_evalue>9.53836</Hsp_evalue>
      <Hsp_query-from>493</Hsp_query-from>
      <Hsp_query-to>508</Hsp_query-to>
      <Hsp_hit-from>624</Hsp_hit-from>
      <Hsp_hit-to>639</Hsp_hit-to>
      <Hsp_query-frame>0</Hsp_query-frame>
      <Hsp_hit-frame>0</Hsp_hit-frame>
      <Hsp_identity>6</Hsp_identity>
      <Hsp_positive>11</Hsp_positive>
      <Hsp_gaps>0</Hsp_gaps>
      <Hsp_align-len>16</Hsp_align-len>
      <Hsp_qseq>PNYIPNGVFSICGSGT</Hsp_qseq>
      <Hsp_hseq>PNFVVGGIFTGSATGT</Hsp_hseq>
      <Hsp_midline>PN++  G+F+   +GT</Hsp_midline>
    </Hsp>
  </Hit_hsps>
</Hit>
<Hit>
  <Hit_num>7</Hit_num>
  <Hit_id>gnl|BL_ORD_ID|14</Hit_id>
  <Hit_def>ASN73455.2 tailspike protein [Acinetobacter phage vB_AbaP_B5]</Hit_def>
  <Hit_accession>14</Hit_accession>
  <Hit_len>761</Hit_len>
  <Hit_hsps>
    <Hsp>
      <Hsp_num>1</Hsp_num>
      <Hsp_bit-score>20.0162</Hsp_bit-score>
      <Hsp_score>40</Hsp_score>
      <Hsp_evalue>9.28155</Hsp_evalue>
      <Hsp_query-from>646</Hsp_query-from>
      <Hsp_query-to>735</Hsp_query-to>
      <Hsp_hit-from>291</Hsp_hit-from>
      <Hsp_hit-to>372</Hsp_hit-to>
      <Hsp_query-frame>0</Hsp_query-frame>
      <Hsp_hit-frame>0</Hsp_hit-frame>
      <Hsp_identity>20</Hsp_identity>
      <Hsp_positive>34</Hsp_positive>
      <Hsp_gaps>8</Hsp_gaps>
      <Hsp_align-len>90</Hsp_align-len>
      <Hsp_qseq>PTAGWNSDPWLRLSGNLEGRMVYIGFNINFVYEFSKFLIKQTADDGSTSTEDIGRLQLRRAWVNYENSGTFDIYVENQSSNWKYTMAGAR</Hsp_qseq>
      <Hsp_hseq>PTNSIVGDMLMEICG--DGARVWVYSNTGIFTSKRSIGLETSTDDLYTAALEIGR------GLRFQGDGTSQSVVINGDRLYNVNMKGGR</Hsp_hseq>
      <Hsp_midline>PT     D  + + G  +G  V++  N           ++ + DD  T+  +IGR       + ++  GT    V N    +   M G R</Hsp_midline>
    </Hsp>
  </Hit_hsps>
</Hit>
</Iteration_hits>
  <Iteration_stat>
    <Statistics>
      <Statistics_db-num>21</Statistics_db-num>
      <Statistics_db-len>15367</Statistics_db-len>
      <Statistics_hsp-len>62</Statistics_hsp-len>
      <Statistics_eff-space>10295580</Statistics_eff-space>
      <Statistics_kappa>0.041</Statistics_kappa>
      <Statistics_lambda>0.267</Statistics_lambda>
      <Statistics_entropy>0.14</Statistics_entropy>
    </Statistics>
  </Iteration_stat>
</Iteration>
<Iteration>
  <Iteration_iter-num>37</Iteration_iter-num>
  <Iteration_query-ID>Query_37</Iteration_query-ID>
  <Iteration_query-def>lcl|MZ375233.1_prot_QZB83379.1_37 [locus_tag=T710L_48] [protein=internal virion protein A] [protein_id=QZB83379.1] [location=27308..27724] [gbkey=CDS]</Iteration_query-def>
  <Iteration_query-len>138</Iteration_query-len>
<Iteration_hits>
<Hit>
  <Hit_num>1</Hit_num>
  <Hit_id>gnl|BL_ORD_ID|0</Hit_id>
  <Hit_def>ASN73504.1 tailspike protein [Acinetobacter phage vB_ApiP_P1]</Hit_def>
  <Hit_accession>0</Hit_accession>
  <Hit_len>749</Hit_len>
  <Hit_hsps>
    <Hsp>
      <Hsp_num>1</Hsp_num>
      <Hsp_bit-score>18.4754</Hsp_bit-score>
      <Hsp_score>36</Hsp_score>
      <Hsp_evalue>3.79691</Hsp_evalue>
      <Hsp_query-from>48</Hsp_query-from>
      <Hsp_query-to>58</Hsp_query-to>
      <Hsp_hit-from>588</Hsp_hit-from>
      <Hsp_hit-to>598</Hsp_hit-to>
      <Hsp_query-frame>0</Hsp_query-frame>
      <Hsp_hit-frame>0</Hsp_hit-frame>
      <Hsp_identity>7</Hsp_identity>
      <Hsp_positive>8</Hsp_positive>
      <Hsp_gaps>0</Hsp_gaps>
      <Hsp_align-len>11</Hsp_align-len>
      <Hsp_qseq>FPLAIGGNCGD</Hsp_qseq>
      <Hsp_hseq>FTLATGGSIGD</Hsp_hseq>
      <Hsp_midline>F LA GG+ GD</Hsp_midline>
    </Hsp>
  </Hit_hsps>
</Hit>
<Hit>
  <Hit_num>2</Hit_num>
  <Hit_id>gnl|BL_ORD_ID|20</Hit_id>
  <Hit_def>YP_008532047.1 putative tail fiber protein [Taipeivirus 0507KN21]</Hit_def>
  <Hit_accession>20</Hit_accession>
  <Hit_len>1245</Hit_len>
  <Hit_hsps>
    <Hsp>
      <Hsp_num>1</Hsp_num>
      <Hsp_bit-score>18.4754</Hsp_bit-score>
      <Hsp_score>36</Hsp_score>
      <Hsp_evalue>3.97739</Hsp_evalue>
      <Hsp_query-from>112</Hsp_query-from>
      <Hsp_query-to>122</Hsp_query-to>
      <Hsp_hit-from>1188</Hsp_hit-from>
      <Hsp_hit-to>1198</Hsp_hit-to>
      <Hsp_query-frame>0</Hsp_query-frame>
      <Hsp_hit-frame>0</Hsp_hit-frame>
      <Hsp_identity>6</Hsp_identity>
      <Hsp_positive>10</Hsp_positive>
      <Hsp_gaps>0</Hsp_gaps>
      <Hsp_align-len>11</Hsp_align-len>
      <Hsp_qseq>LKTIGAVFHEE</Hsp_qseq>
      <Hsp_hseq>VETVGAVYDEE</Hsp_hseq>
      <Hsp_midline>++T+GAV+ EE</Hsp_midline>
    </Hsp>
  </Hit_hsps>
</Hit>
<Hit>
  <Hit_num>3</Hit_num>
  <Hit_id>gnl|BL_ORD_ID|7</Hit_id>
  <Hit_def>NP_059644.1 tailspike protein [Salmonella phage P22]</Hit_def>
  <Hit_accession>7</Hit_accession>
  <Hit_len>667</Hit_len>
  <Hit_hsps>
    <Hsp>
      <Hsp_num>1</Hsp_num>
      <Hsp_bit-score>18.4754</Hsp_bit-score>
      <Hsp_score>36</Hsp_score>
      <Hsp_evalue>4.20553</Hsp_evalue>
      <Hsp_query-from>99</Hsp_query-from>
      <Hsp_query-to>138</Hsp_query-to>
      <Hsp_hit-from>320</Hsp_hit-from>
      <Hsp_hit-to>359</Hsp_hit-to>
      <Hsp_query-frame>0</Hsp_query-frame>
      <Hsp_hit-frame>0</Hsp_hit-frame>
      <Hsp_identity>15</Hsp_identity>
      <Hsp_positive>20</Hsp_positive>
      <Hsp_gaps>10</Hsp_gaps>
      <Hsp_align-len>45</Hsp_align-len>
      <Hsp_qseq>NYVWVGNTSH-----IRFLKTIGAVFHEEYTRDGQFQLFTITKGG</Hsp_qseq>
      <Hsp_hseq>NYVIGGRTSYGSVSSAQFLRNNGG-----FERDGGVIGFTSYRAG</Hsp_hseq>
      <Hsp_midline>NYV  G TS+      +FL+  G      + RDG    FT  + G</Hsp_midline>
    </Hsp>
  </Hit_hsps>
</Hit>
<Hit>
  <Hit_num>4</Hit_num>
  <Hit_id>gnl|BL_ORD_ID|11</Hit_id>
  <Hit_def>ALJ97635.1 tail fiber protein [Acinetobacter phage IME-200]</Hit_def>
  <Hit_accession>11</Hit_accession>
  <Hit_len>693</Hit_len>
  <Hit_hsps>
    <Hsp>
      <Hsp_num>1</Hsp_num>
      <Hsp_bit-score>18.4754</Hsp_bit-score>
      <Hsp_score>36</Hsp_score>
      <Hsp_evalue>4.369</Hsp_evalue>
      <Hsp_query-from>79</Hsp_query-from>
      <Hsp_query-to>108</Hsp_query-to>
      <Hsp_hit-from>372</Hsp_hit-from>
      <Hsp_hit-to>416</Hsp_hit-to>
      <Hsp_query-frame>0</Hsp_query-frame>
      <Hsp_hit-frame>0</Hsp_hit-frame>
      <Hsp_identity>15</Hsp_identity>
      <Hsp_positive>19</Hsp_positive>
      <Hsp_gaps>15</Hsp_gaps>
      <Hsp_align-len>45</Hsp_align-len>
      <Hsp_qseq>FRKLIMEYRDKMLEK-------YDTLW-------NYV-WVGNTSH</Hsp_qseq>
      <Hsp_hseq>FRDNIVEYMDGGFEASVFSNCIFEGNWCESTRSGNAVDWIVNTSH</Hsp_hseq>
      <Hsp_midline>FR  I+EY D   E        ++  W       N V W+ NTSH</Hsp_midline>
    </Hsp>
  </Hit_hsps>
</Hit>
<Hit>
  <Hit_num>5</Hit_num>
  <Hit_id>gnl|BL_ORD_ID|3</Hit_id>
  <Hit_def>YP_009006536.1 tail fiber protein [Acinetobacter phage Petty]</Hit_def>
  <Hit_accession>3</Hit_accession>
  <Hit_len>918</Hit_len>
  <Hit_hsps>
    <Hsp>
      <Hsp_num>1</Hsp_num>
      <Hsp_bit-score>18.4754</Hsp_bit-score>
      <Hsp_score>36</Hsp_score>
      <Hsp_evalue>4.38551</Hsp_evalue>
      <Hsp_query-from>34</Hsp_query-from>
      <Hsp_query-to>76</Hsp_query-to>
      <Hsp_hit-from>653</Hsp_hit-from>
      <Hsp_hit-to>697</Hsp_hit-to>
      <Hsp_query-frame>0</Hsp_query-frame>
      <Hsp_hit-frame>0</Hsp_hit-frame>
      <Hsp_identity>13</Hsp_identity>
      <Hsp_positive>20</Hsp_positive>
      <Hsp_gaps>2</Hsp_gaps>
      <Hsp_align-len>45</Hsp_align-len>
      <Hsp_qseq>FPDASEC--VTLSLYGFPLAIGGNCGDQCWFVTSDQVWRLSGKAK</Hsp_qseq>
      <Hsp_hseq>FPDDSSGFKIRISNYAAIMNLTGFDGRKYTFNGRSKKWDIHTKAK</Hsp_hseq>
      <Hsp_midline>FPD S    + +S Y   + + G  G +  F    + W +  KAK</Hsp_midline>
    </Hsp>
  </Hit_hsps>
</Hit>
<Hit>
  <Hit_num>6</Hit_num>
  <Hit_id>gnl|BL_ORD_ID|4</Hit_id>
  <Hit_def>ASD51051.1 tail fibers protein [Pasteurella phage PHB01]</Hit_def>
  <Hit_accession>4</Hit_accession>
  <Hit_len>854</Hit_len>
  <Hit_hsps>
    <Hsp>
      <Hsp_num>1</Hsp_num>
      <Hsp_bit-score>17.705</Hsp_bit-score>
      <Hsp_score>34</Hsp_score>
      <Hsp_evalue>7.9173</Hsp_evalue>
      <Hsp_query-from>68</Hsp_query-from>
      <Hsp_query-to>76</Hsp_query-to>
      <Hsp_hit-from>517</Hsp_hit-from>
      <Hsp_hit-to>525</Hsp_hit-to>
      <Hsp_query-frame>0</Hsp_query-frame>
      <Hsp_hit-frame>0</Hsp_hit-frame>
      <Hsp_identity>5</Hsp_identity>
      <Hsp_positive>8</Hsp_positive>
      <Hsp_gaps>0</Hsp_gaps>
      <Hsp_align-len>9</Hsp_align-len>
      <Hsp_qseq>VWRLSGKAK</Hsp_qseq>
      <Hsp_hseq>IWVISGKAE</Hsp_hseq>
      <Hsp_midline>+W +SGKA+</Hsp_midline>
    </Hsp>
  </Hit_hsps>
</Hit>
</Iteration_hits>
  <Iteration_stat>
    <Statistics>
      <Statistics_db-num>21</Statistics_db-num>
      <Statistics_db-len>15367</Statistics_db-len>
      <Statistics_hsp-len>47</Statistics_hsp-len>
      <Statistics_eff-space>1308580</Statistics_eff-space>
      <Statistics_kappa>0.041</Statistics_kappa>
      <Statistics_lambda>0.267</Statistics_lambda>
      <Statistics_entropy>0.14</Statistics_entropy>
    </Statistics>
  </Iteration_stat>
</Iteration>
<Iteration>
  <Iteration_iter-num>38</Iteration_iter-num>
  <Iteration_query-ID>Query_38</Iteration_query-ID>
  <Iteration_query-def>lcl|MZ375233.1_prot_QZB83380.1_38 [locus_tag=T710L_49] [protein=internal virion protein B] [protein_id=QZB83380.1] [location=27729..28319] [gbkey=CDS]</Iteration_query-def>
  <Iteration_query-len>196</Iteration_query-len>
<Iteration_hits>
<Hit>
  <Hit_num>1</Hit_num>
  <Hit_id>gnl|BL_ORD_ID|12</Hit_id>
  <Hit_def>ASN73558.1 tailspike protein [Acinetobacter phage vB_ApiP_P2]</Hit_def>
  <Hit_accession>12</Hit_accession>
  <Hit_len>799</Hit_len>
  <Hit_hsps>
    <Hsp>
      <Hsp_num>1</Hsp_num>
      <Hsp_bit-score>20.0162</Hsp_bit-score>
      <Hsp_score>40</Hsp_score>
      <Hsp_evalue>1.93838</Hsp_evalue>
      <Hsp_query-from>65</Hsp_query-from>
      <Hsp_query-to>80</Hsp_query-to>
      <Hsp_hit-from>253</Hsp_hit-from>
      <Hsp_hit-to>268</Hsp_hit-to>
      <Hsp_query-frame>0</Hsp_query-frame>
      <Hsp_hit-frame>0</Hsp_hit-frame>
      <Hsp_identity>9</Hsp_identity>
      <Hsp_positive>12</Hsp_positive>
      <Hsp_gaps>0</Hsp_gaps>
      <Hsp_align-len>16</Hsp_align-len>
      <Hsp_qseq>AELTSQNMQKVQAIGS</Hsp_qseq>
      <Hsp_hseq>AQLTSRNGFTVQIIGT</Hsp_hseq>
      <Hsp_midline>A+LTS+N   VQ IG+</Hsp_midline>
    </Hsp>
  </Hit_hsps>
</Hit>
</Iteration_hits>
  <Iteration_stat>
    <Statistics>
      <Statistics_db-num>21</Statistics_db-num>
      <Statistics_db-len>15367</Statistics_db-len>
      <Statistics_hsp-len>50</Statistics_hsp-len>
      <Statistics_eff-space>2090282</Statistics_eff-space>
      <Statistics_kappa>0.041</Statistics_kappa>
      <Statistics_lambda>0.267</Statistics_lambda>
      <Statistics_entropy>0.14</Statistics_entropy>
    </Statistics>
  </Iteration_stat>
</Iteration>
<Iteration>
  <Iteration_iter-num>39</Iteration_iter-num>
  <Iteration_query-ID>Query_39</Iteration_query-ID>
  <Iteration_query-def>lcl|MZ375233.1_prot_QZB83381.1_39 [locus_tag=T710L_50] [protein=internal virion protein C] [protein_id=QZB83381.1] [location=28326..30569] [gbkey=CDS]</Iteration_query-def>
  <Iteration_query-len>747</Iteration_query-len>
<Iteration_hits>
<Hit>
  <Hit_num>1</Hit_num>
  <Hit_id>gnl|BL_ORD_ID|9</Hit_id>
  <Hit_def>NP_958190.1 tailspike protein [Shigella phage Sf6]</Hit_def>
  <Hit_accession>9</Hit_accession>
  <Hit_len>623</Hit_len>
  <Hit_hsps>
    <Hsp>
      <Hsp_num>1</Hsp_num>
      <Hsp_bit-score>25.7942</Hsp_bit-score>
      <Hsp_score>55</Hsp_score>
      <Hsp_evalue>0.142532</Hsp_evalue>
      <Hsp_query-from>589</Hsp_query-from>
      <Hsp_query-to>612</Hsp_query-to>
      <Hsp_hit-from>466</Hsp_hit-from>
      <Hsp_hit-to>489</Hsp_hit-to>
      <Hsp_query-frame>0</Hsp_query-frame>
      <Hsp_hit-frame>0</Hsp_hit-frame>
      <Hsp_identity>11</Hsp_identity>
      <Hsp_positive>16</Hsp_positive>
      <Hsp_gaps>0</Hsp_gaps>
      <Hsp_align-len>24</Hsp_align-len>
      <Hsp_qseq>NESMAMEQMTKFLKESTYTFTGDD</Hsp_qseq>
      <Hsp_hseq>NQSIAIEQSAIFVFVSGCTLTGDE</Hsp_hseq>
      <Hsp_midline>N+S+A+EQ   F+  S  T TGD+</Hsp_midline>
    </Hsp>
  </Hit_hsps>
</Hit>
<Hit>
  <Hit_num>2</Hit_num>
  <Hit_id>gnl|BL_ORD_ID|13</Hit_id>
  <Hit_def>ASN73353.1 tailspike protein [Acinetobacter phage vB_AbaP_B1]</Hit_def>
  <Hit_accession>13</Hit_accession>
  <Hit_len>760</Hit_len>
  <Hit_hsps>
    <Hsp>
      <Hsp_num>1</Hsp_num>
      <Hsp_bit-score>22.3274</Hsp_bit-score>
      <Hsp_score>46</Hsp_score>
      <Hsp_evalue>1.77052</Hsp_evalue>
      <Hsp_query-from>377</Hsp_query-from>
      <Hsp_query-to>480</Hsp_query-to>
      <Hsp_hit-from>598</Hsp_hit-from>
      <Hsp_hit-to>706</Hsp_hit-to>
      <Hsp_query-frame>0</Hsp_query-frame>
      <Hsp_hit-frame>0</Hsp_hit-frame>
      <Hsp_identity>30</Hsp_identity>
      <Hsp_positive>49</Hsp_positive>
      <Hsp_gaps>13</Hsp_gaps>
      <Hsp_align-len>113</Hsp_align-len>
      <Hsp_qseq>SMKSMNKLDVIDKQFQKRINGEWVSTDFKD-MPVNENTGEFKHSDMVNYANKKLAEIDSMDIPDGAKD-------AMKLKYLQADSKDGAFRTAIG-TMVTDAGQEWSAAVIN</Hsp_qseq>
      <Hsp_hseq>SMLSGNLLNLITLDTRPCFTAGYINTNFKTTFDVNV---LFKTSGGINTASCSFKLDVFVYTPLGAGTPPKSNLKAVMSAFMQSDTND-IISTGVNETMKSVIGATPTMAVVN</Hsp_hseq>
      <Hsp_midline>SM S N L++I    +      +++T+FK    VN     FK S  +N A+        +  P GA         A+   ++Q+D+ D    T +  TM +  G   + AV+N</Hsp_midline>
    </Hsp>
  </Hit_hsps>
</Hit>
<Hit>
  <Hit_num>3</Hit_num>
  <Hit_id>gnl|BL_ORD_ID|15</Hit_id>
  <Hit_def>BBF66844.1 tail spike protein [Klebsiella phage KN1-1]</Hit_def>
  <Hit_accession>15</Hit_accession>
  <Hit_len>820</Hit_len>
  <Hit_hsps>
    <Hsp>
      <Hsp_num>1</Hsp_num>
      <Hsp_bit-score>22.3274</Hsp_bit-score>
      <Hsp_score>46</Hsp_score>
      <Hsp_evalue>1.98982</Hsp_evalue>
      <Hsp_query-from>56</Hsp_query-from>
      <Hsp_query-to>110</Hsp_query-to>
      <Hsp_hit-from>474</Hsp_hit-from>
      <Hsp_hit-to>527</Hsp_hit-to>
      <Hsp_query-frame>0</Hsp_query-frame>
      <Hsp_hit-frame>0</Hsp_hit-frame>
      <Hsp_identity>16</Hsp_identity>
      <Hsp_positive>23</Hsp_positive>
      <Hsp_gaps>3</Hsp_gaps>
      <Hsp_align-len>56</Hsp_align-len>
      <Hsp_qseq>YTAKEQRARDLADERSNEIIRKLTPEQRREALNNGTLLYQD-DPYAMEALRVKTGR</Hsp_qseq>
      <Hsp_hseq>YDGRDALVHDWISEWFDTYIFK--TANSRKVSEGGRLTYQSANPYPLPTLKGITGR</Hsp_hseq>
      <Hsp_midline>Y  ++    D   E  +  I K      R+    G L YQ  +PY +  L+  TGR</Hsp_midline>
    </Hsp>
  </Hit_hsps>
</Hit>
<Hit>
  <Hit_num>4</Hit_num>
  <Hit_id>gnl|BL_ORD_ID|2</Hit_id>
  <Hit_def>ASN73401.1 tail fiber protein [Acinetobacter phage vB_AbaP_B3]</Hit_def>
  <Hit_accession>2</Hit_accession>
  <Hit_len>699</Hit_len>
  <Hit_hsps>
    <Hsp>
      <Hsp_num>1</Hsp_num>
      <Hsp_bit-score>21.557</Hsp_bit-score>
      <Hsp_score>44</Hsp_score>
      <Hsp_evalue>2.88048</Hsp_evalue>
      <Hsp_query-from>641</Hsp_query-from>
      <Hsp_query-to>679</Hsp_query-to>
      <Hsp_hit-from>357</Hsp_hit-from>
      <Hsp_hit-to>389</Hsp_hit-to>
      <Hsp_query-frame>0</Hsp_query-frame>
      <Hsp_hit-frame>0</Hsp_hit-frame>
      <Hsp_identity>12</Hsp_identity>
      <Hsp_positive>17</Hsp_positive>
      <Hsp_gaps>6</Hsp_gaps>
      <Hsp_align-len>39</Hsp_align-len>
      <Hsp_qseq>ILEEARKGIIASNPWITNKQLTMYSQGDSIYLMDTTGQV</Hsp_qseq>
      <Hsp_hseq>VVKEALVGFNINNAWL------YYSQNAGIYCEDPNNHV</Hsp_hseq>
      <Hsp_midline>+++EA  G   +N W+       YSQ   IY  D    V</Hsp_midline>
    </Hsp>
  </Hit_hsps>
</Hit>
<Hit>
  <Hit_num>5</Hit_num>
  <Hit_id>gnl|BL_ORD_ID|17</Hit_id>
  <Hit_def>tr|D9IEJ1|D9IEJ1_BPT4 Short tail fibers OS=Enterobacteria phage T4 OX=10665 GN=12 PE=4 SV=1</Hit_def>
  <Hit_accession>17</Hit_accession>
  <Hit_len>527</Hit_len>
  <Hit_hsps>
    <Hsp>
      <Hsp_num>1</Hsp_num>
      <Hsp_bit-score>21.557</Hsp_bit-score>
      <Hsp_score>44</Hsp_score>
      <Hsp_evalue>3.02217</Hsp_evalue>
      <Hsp_query-from>152</Hsp_query-from>
      <Hsp_query-to>199</Hsp_query-to>
      <Hsp_hit-from>418</Hsp_hit-from>
      <Hsp_hit-to>464</Hsp_hit-to>
      <Hsp_query-frame>0</Hsp_query-frame>
      <Hsp_hit-frame>0</Hsp_hit-frame>
      <Hsp_identity>13</Hsp_identity>
      <Hsp_positive>22</Hsp_positive>
      <Hsp_gaps>1</Hsp_gaps>
      <Hsp_align-len>48</Hsp_align-len>
      <Hsp_qseq>EQFGIDPEDVDYQRGFNGDITERNISLYGAHDNFLSQQAQKGAIMNSR</Hsp_qseq>
      <Hsp_hseq>DQFGKPRLGVGCTGGYVGEVQKQQMS-YHKHAGGFGEHDDSGAFGNTR</Hsp_hseq>
      <Hsp_midline>+QFG     V    G+ G++ ++ +S Y  H     +    GA  N+R</Hsp_midline>
    </Hsp>
  </Hit_hsps>
</Hit>
<Hit>
  <Hit_num>6</Hit_num>
  <Hit_id>gnl|BL_ORD_ID|20</Hit_id>
  <Hit_def>YP_008532047.1 putative tail fiber protein [Taipeivirus 0507KN21]</Hit_def>
  <Hit_accession>20</Hit_accession>
  <Hit_len>1245</Hit_len>
  <Hit_hsps>
    <Hsp>
      <Hsp_num>1</Hsp_num>
      <Hsp_bit-score>21.557</Hsp_bit-score>
      <Hsp_score>44</Hsp_score>
      <Hsp_evalue>3.22805</Hsp_evalue>
      <Hsp_query-from>249</Hsp_query-from>
      <Hsp_query-to>321</Hsp_query-to>
      <Hsp_hit-from>1049</Hsp_hit-from>
      <Hsp_hit-to>1146</Hsp_hit-to>
      <Hsp_query-frame>0</Hsp_query-frame>
      <Hsp_hit-frame>0</Hsp_hit-frame>
      <Hsp_identity>24</Hsp_identity>
      <Hsp_positive>41</Hsp_positive>
      <Hsp_gaps>25</Hsp_gaps>
      <Hsp_align-len>98</Hsp_align-len>
      <Hsp_qseq>SDASSRAG--GADFLMRVGDKKVTLNGA---TTTYR-----------------ELIGEEQWNALMVTAQRSQFET---DAKLNEQYRLKINSALNQED</Hsp_qseq>
      <Hsp_hseq>ADVSAVVGSSGANALHLTGTGGITLNGSLLTSTSYSFGSASAYPANIYSQNAVTVVSDVHYKMDIVELNDAEIECAKACAKLYRRYKLKTAVAIKGED</Hsp_hseq>
      <Hsp_midline>+D S+  G  GA+ L   G   +TLNG+   +T+Y                   ++ +  +   +V    ++ E     AKL  +Y+LK   A+  ED</Hsp_midline>
    </Hsp>
  </Hit_hsps>
</Hit>
<Hit>
  <Hit_num>7</Hit_num>
  <Hit_id>gnl|BL_ORD_ID|11</Hit_id>
  <Hit_def>ALJ97635.1 tail fiber protein [Acinetobacter phage IME-200]</Hit_def>
  <Hit_accession>11</Hit_accession>
  <Hit_len>693</Hit_len>
  <Hit_hsps>
    <Hsp>
      <Hsp_num>1</Hsp_num>
      <Hsp_bit-score>20.4014</Hsp_bit-score>
      <Hsp_score>41</Hsp_score>
      <Hsp_evalue>7.16161</Hsp_evalue>
      <Hsp_query-from>66</Hsp_query-from>
      <Hsp_query-to>109</Hsp_query-to>
      <Hsp_hit-from>209</Hsp_hit-from>
      <Hsp_hit-to>252</Hsp_hit-to>
      <Hsp_query-frame>0</Hsp_query-frame>
      <Hsp_hit-frame>0</Hsp_hit-frame>
      <Hsp_identity>12</Hsp_identity>
      <Hsp_positive>21</Hsp_positive>
      <Hsp_gaps>0</Hsp_gaps>
      <Hsp_align-len>44</Hsp_align-len>
      <Hsp_qseq>LADERSNEIIRKLTPEQRREALNNGTLLYQDDPYAMEALRVKTG</Hsp_qseq>
      <Hsp_hseq>LANRRAVYIIKKQVDCKGKGIVGNGFGKQSQAAYDLSSIRVMEG</Hsp_hseq>
      <Hsp_midline>LA+ R+  II+K    + +  + NG        Y + ++RV  G</Hsp_midline>
    </Hsp>
  </Hit_hsps>
</Hit>
<Hit>
  <Hit_num>8</Hit_num>
  <Hit_id>gnl|BL_ORD_ID|12</Hit_id>
  <Hit_def>ASN73558.1 tailspike protein [Acinetobacter phage vB_ApiP_P2]</Hit_def>
  <Hit_accession>12</Hit_accession>
  <Hit_len>799</Hit_len>
  <Hit_hsps>
    <Hsp>
      <Hsp_num>1</Hsp_num>
      <Hsp_bit-score>20.0162</Hsp_bit-score>
      <Hsp_score>40</Hsp_score>
      <Hsp_evalue>9.33877</Hsp_evalue>
      <Hsp_query-from>502</Hsp_query-from>
      <Hsp_query-to>536</Hsp_query-to>
      <Hsp_hit-from>264</Hsp_hit-from>
      <Hsp_hit-to>296</Hsp_hit-to>
      <Hsp_query-frame>0</Hsp_query-frame>
      <Hsp_hit-frame>0</Hsp_hit-frame>
      <Hsp_identity>10</Hsp_identity>
      <Hsp_positive>18</Hsp_positive>
      <Hsp_gaps>2</Hsp_gaps>
      <Hsp_align-len>35</Hsp_align-len>
      <Hsp_qseq>QLIAALYPDQAELFLTMDMMDKQGIDPQVILDADR</Hsp_qseq>
      <Hsp_hseq>QIIGTYYPSSSIVFSNAVDLKIVGINSKI--EADR</Hsp_hseq>
      <Hsp_midline>Q+I   YP  + +F     +   GI+ ++  +ADR</Hsp_midline>
    </Hsp>
  </Hit_hsps>
</Hit>
</Iteration_hits>
  <Iteration_stat>
    <Statistics>
      <Statistics_db-num>21</Statistics_db-num>
      <Statistics_db-len>15367</Statistics_db-len>
      <Statistics_hsp-len>61</Statistics_hsp-len>
      <Statistics_eff-space>9662996</Statistics_eff-space>
      <Statistics_kappa>0.041</Statistics_kappa>
      <Statistics_lambda>0.267</Statistics_lambda>
      <Statistics_entropy>0.14</Statistics_entropy>
    </Statistics>
  </Iteration_stat>
</Iteration>
<Iteration>
  <Iteration_iter-num>40</Iteration_iter-num>
  <Iteration_query-ID>Query_40</Iteration_query-ID>
  <Iteration_query-def>lcl|MZ375233.1_prot_QZB83382.1_40 [locus_tag=T710L_51] [protein=internal virion protein D] [protein_id=QZB83382.1] [location=30596..34552] [gbkey=CDS]</Iteration_query-def>
  <Iteration_query-len>1318</Iteration_query-len>
<Iteration_hits>
<Hit>
  <Hit_num>1</Hit_num>
  <Hit_id>gnl|BL_ORD_ID|10</Hit_id>
  <Hit_def>YP_009203055.1 tail spike protein [Acinetobacter phage Fri1]</Hit_def>
  <Hit_accession>10</Hit_accession>
  <Hit_len>783</Hit_len>
  <Hit_hsps>
    <Hsp>
      <Hsp_num>1</Hsp_num>
      <Hsp_bit-score>29.6462</Hsp_bit-score>
      <Hsp_score>65</Hsp_score>
      <Hsp_evalue>0.0213488</Hsp_evalue>
      <Hsp_query-from>1130</Hsp_query-from>
      <Hsp_query-to>1192</Hsp_query-to>
      <Hsp_hit-from>246</Hsp_hit-from>
      <Hsp_hit-to>310</Hsp_hit-to>
      <Hsp_query-frame>0</Hsp_query-frame>
      <Hsp_hit-frame>0</Hsp_hit-frame>
      <Hsp_identity>22</Hsp_identity>
      <Hsp_positive>29</Hsp_positive>
      <Hsp_gaps>2</Hsp_gaps>
      <Hsp_align-len>65</Hsp_align-len>
      <Hsp_qseq>NNRAIDAALSIITSMGLAGGFYAMAAHVKA-YALPKEKRKEYLERAL-DPTMIAHAALSRSSQLG</Hsp_qseq>
      <Hsp_hseq>NNTATDDGLSVIRVTGAATGAWLLQVHNKVLHATQAGLRAELLESDLIDQTTILQKCVDYMALIG</Hsp_hseq>
      <Hsp_midline>NN A D  LS+I   G A G + +  H K  +A     R E LE  L D T I    +   + +G</Hsp_midline>
    </Hsp>
  </Hit_hsps>
</Hit>
<Hit>
  <Hit_num>2</Hit_num>
  <Hit_id>gnl|BL_ORD_ID|7</Hit_id>
  <Hit_def>NP_059644.1 tailspike protein [Salmonella phage P22]</Hit_def>
  <Hit_accession>7</Hit_accession>
  <Hit_len>667</Hit_len>
  <Hit_hsps>
    <Hsp>
      <Hsp_num>1</Hsp_num>
      <Hsp_bit-score>25.409</Hsp_bit-score>
      <Hsp_score>54</Hsp_score>
      <Hsp_evalue>0.346406</Hsp_evalue>
      <Hsp_query-from>727</Hsp_query-from>
      <Hsp_query-to>753</Hsp_query-to>
      <Hsp_hit-from>456</Hsp_hit-from>
      <Hsp_hit-to>482</Hsp_hit-to>
      <Hsp_query-frame>0</Hsp_query-frame>
      <Hsp_hit-frame>0</Hsp_hit-frame>
      <Hsp_identity>12</Hsp_identity>
      <Hsp_positive>16</Hsp_positive>
      <Hsp_gaps>0</Hsp_gaps>
      <Hsp_align-len>27</Hsp_align-len>
      <Hsp_qseq>VEKYAMDKAYGISHSDQFTNSSIIEEN</Hsp_qseq>
      <Hsp_hseq>VEDCAGSGAYLLTHESVFTNIAIIDTN</Hsp_hseq>
      <Hsp_midline>VE  A   AY ++H   FTN +II+ N</Hsp_midline>
    </Hsp>
    <Hsp>
      <Hsp_num>2</Hsp_num>
      <Hsp_bit-score>22.7126</Hsp_bit-score>
      <Hsp_score>47</Hsp_score>
      <Hsp_evalue>2.44062</Hsp_evalue>
      <Hsp_query-from>62</Hsp_query-from>
      <Hsp_query-to>123</Hsp_query-to>
      <Hsp_hit-from>503</Hsp_hit-from>
      <Hsp_hit-to>554</Hsp_hit-to>
      <Hsp_query-frame>0</Hsp_query-frame>
      <Hsp_hit-frame>0</Hsp_hit-frame>
      <Hsp_identity>17</Hsp_identity>
      <Hsp_positive>28</Hsp_positive>
      <Hsp_gaps>10</Hsp_gaps>
      <Hsp_align-len>62</Hsp_align-len>
      <Hsp_qseq>KALGLRVTDGPDDDRLNPELAINAAAKQLAGLVGKFDGDELKAALAYNQGEGRLGNPQLEAY</Hsp_qseq>
      <Hsp_hseq>RLIGIRSTDGQG-------LTIDAPNSTVSGITGMVDPSRINVA---NLAEEGLGNIRANSF</Hsp_hseq>
      <Hsp_midline>+ +G+R TDG         L I+A    ++G+ G  D   +  A   N  E  LGN +  ++</Hsp_midline>
    </Hsp>
  </Hit_hsps>
</Hit>
<Hit>
  <Hit_num>3</Hit_num>
  <Hit_id>gnl|BL_ORD_ID|8</Hit_id>
  <Hit_def>NP_112090.1 tailspike protein [Enterobacteria phage HK620]</Hit_def>
  <Hit_accession>8</Hit_accession>
  <Hit_len>710</Hit_len>
  <Hit_hsps>
    <Hsp>
      <Hsp_num>1</Hsp_num>
      <Hsp_bit-score>21.1718</Hsp_bit-score>
      <Hsp_score>43</Hsp_score>
      <Hsp_evalue>8.18779</Hsp_evalue>
      <Hsp_query-from>503</Hsp_query-from>
      <Hsp_query-to>534</Hsp_query-to>
      <Hsp_hit-from>454</Hsp_hit-from>
      <Hsp_hit-to>486</Hsp_hit-to>
      <Hsp_query-frame>0</Hsp_query-frame>
      <Hsp_hit-frame>0</Hsp_hit-frame>
      <Hsp_identity>11</Hsp_identity>
      <Hsp_positive>17</Hsp_positive>
      <Hsp_gaps>1</Hsp_gaps>
      <Hsp_align-len>33</Hsp_align-len>
      <Hsp_qseq>EKAARGIKLAGFTEIGLKTLGSDDA-DIRRVAI</Hsp_qseq>
      <Hsp_hseq>ERAAFSAPFGAFIDIGPDNSGASNVQDIQRVLV</Hsp_hseq>
      <Hsp_midline>E+AA       F +IG    G+ +  DI+RV +</Hsp_midline>
    </Hsp>
  </Hit_hsps>
</Hit>
</Iteration_hits>
  <Iteration_stat>
    <Statistics>
      <Statistics_db-num>21</Statistics_db-num>
      <Statistics_db-len>15367</Statistics_db-len>
      <Statistics_hsp-len>65</Statistics_hsp-len>
      <Statistics_eff-space>17544506</Statistics_eff-space>
      <Statistics_kappa>0.041</Statistics_kappa>
      <Statistics_lambda>0.267</Statistics_lambda>
      <Statistics_entropy>0.14</Statistics_entropy>
    </Statistics>
  </Iteration_stat>
</Iteration>
<Iteration>
  <Iteration_iter-num>41</Iteration_iter-num>
  <Iteration_query-ID>Query_41</Iteration_query-ID>
  <Iteration_query-def>lcl|MZ375233.1_prot_QZB83383.1_41 [locus_tag=T710L_52] [protein=tail fiber protein] [protein_id=QZB83383.1] [location=34625..36286] [gbkey=CDS]</Iteration_query-def>
  <Iteration_query-len>553</Iteration_query-len>
<Iteration_hits>
<Hit>
  <Hit_num>1</Hit_num>
  <Hit_id>gnl|BL_ORD_ID|4</Hit_id>
  <Hit_def>ASD51051.1 tail fibers protein [Pasteurella phage PHB01]</Hit_def>
  <Hit_accession>4</Hit_accession>
  <Hit_len>854</Hit_len>
  <Hit_hsps>
    <Hsp>
      <Hsp_num>1</Hsp_num>
      <Hsp_bit-score>216.853</Hsp_bit-score>
      <Hsp_score>551</Hsp_score>
      <Hsp_evalue>3.0205e-64</Hsp_evalue>
      <Hsp_query-from>5</Hsp_query-from>
      <Hsp_query-to>276</Hsp_query-to>
      <Hsp_hit-from>6</Hsp_hit-from>
      <Hsp_hit-to>272</Hsp_hit-to>
      <Hsp_query-frame>0</Hsp_query-frame>
      <Hsp_hit-frame>0</Hsp_hit-frame>
      <Hsp_identity>128</Hsp_identity>
      <Hsp_positive>171</Hsp_positive>
      <Hsp_gaps>5</Hsp_gaps>
      <Hsp_align-len>272</Hsp_align-len>
      <Hsp_qseq>IKTVLTYQLDGSNRDFNIPFEYLARKFVVVTLIGVDRKVLTINTDYRFATRTTISLTKAWGPADGYTTIELRRVTSTTDRLVDFTDGSILRAYDLNVAQIQTMHVAEEARDLTTDTIGVNNDGHLDARGRRIVNLANAVDDRDAVPFGQLKTMNQNSWQARNEALQFRNEAETFRNQAEGFKNESSTNATNTKQWRDETKGFRDEAKRFENTAGQYATSAGNSASAAHQSEVNAENSATASANSAHLAEQQADRAEREADKLENYNGLAGAI</Hsp_qseq>
      <Hsp_hseq>ISTVATYRIDGSTVEFLIPFEYLSRKFVRVTLIGRDRKELVVNRDYRYVSATQIRTTKTWQVSEGYEFIELRRHTSATERIVDFKDGSILRAQDLNISTIQALHIAEEARGLAADTLGVNDDGNLDARGRKIVNVANPDSDRDAVNFRFLDGTEKSVTQTLAEVRRLKQDIDAKHTQVGQDTVEVRQAVVTTGQHKVASESARDRAETAASQAEQSANIASTKANQASQSEQNASTSASQASQSATKAEQEANKAQQAANE-----AIGGAI</Hsp_hseq>
      <Hsp_midline>I TV TY++DGS  +F IPFEYL+RKFV VTLIG DRK L +N DYR+ + T I  TK W  ++GY  IELRR TS T+R+VDF DGSILRA DLN++ IQ +H+AEEAR L  DT+GVN+DG+LDARGR+IVN+AN   DRDAV F  L    ++  Q   E  + + + +    Q      E       T Q +  ++  RD A+   + A Q A  A   A+ A QSE NA  SA+ ++ SA  AEQ+A++A++ A++      + GAI</Hsp_midline>
    </Hsp>
    <Hsp>
      <Hsp_num>2</Hsp_num>
      <Hsp_bit-score>20.0162</Hsp_bit-score>
      <Hsp_score>40</Hsp_score>
      <Hsp_evalue>6.77302</Hsp_evalue>
      <Hsp_query-from>370</Hsp_query-from>
      <Hsp_query-to>392</Hsp_query-to>
      <Hsp_hit-from>799</Hsp_hit-from>
      <Hsp_hit-to>821</Hsp_hit-to>
      <Hsp_query-frame>0</Hsp_query-frame>
      <Hsp_hit-frame>0</Hsp_hit-frame>
      <Hsp_identity>7</Hsp_identity>
      <Hsp_positive>13</Hsp_positive>
      <Hsp_gaps>0</Hsp_gaps>
      <Hsp_align-len>23</Hsp_align-len>
      <Hsp_qseq>NGHVLQLESASDKAHYILSKDGN</Hsp_qseq>
      <Hsp_hseq>DGHIISLQIVNDNHDIVLVNTGN</Hsp_hseq>
      <Hsp_midline>+GH++ L+  +D    +L   GN</Hsp_midline>
    </Hsp>
  </Hit_hsps>
</Hit>
<Hit>
  <Hit_num>2</Hit_num>
  <Hit_id>gnl|BL_ORD_ID|5</Hit_id>
  <Hit_def>ARV77571.1 tail fiber protein [Pasteurella phage vB_PmuP_PHB02]</Hit_def>
  <Hit_accession>5</Hit_accession>
  <Hit_len>968</Hit_len>
  <Hit_hsps>
    <Hsp>
      <Hsp_num>1</Hsp_num>
      <Hsp_bit-score>209.534</Hsp_bit-score>
      <Hsp_score>532</Hsp_score>
      <Hsp_evalue>3.26404e-61</Hsp_evalue>
      <Hsp_query-from>19</Hsp_query-from>
      <Hsp_query-to>276</Hsp_query-to>
      <Hsp_hit-from>2</Hsp_hit-from>
      <Hsp_hit-to>254</Hsp_hit-to>
      <Hsp_query-frame>0</Hsp_query-frame>
      <Hsp_hit-frame>0</Hsp_hit-frame>
      <Hsp_identity>121</Hsp_identity>
      <Hsp_positive>162</Hsp_positive>
      <Hsp_gaps>5</Hsp_gaps>
      <Hsp_align-len>258</Hsp_align-len>
      <Hsp_qseq>DFNIPFEYLARKFVVVTLIGVDRKVLTINTDYRFATRTTISLTKAWGPADGYTTIELRRVTSTTDRLVDFTDGSILRAYDLNVAQIQTMHVAEEARDLTTDTIGVNNDGHLDARGRRIVNLANAVDDRDAVPFGQLKTMNQNSWQARNEALQFRNEAETFRNQAEGFKNESSTNATNTKQWRDETKGFRDEAKRFENTAGQYATSAGNSASAAHQSEVNAENSATASANSAHLAEQQADRAEREADKLENYNGLAGAI</Hsp_qseq>
      <Hsp_hseq>EFLIPFEYLSRKFVRVALIGRDRKELVVNRDYRYVSATQIRTTKTWQVSEGYEFIELRRHTSATERIVDFKDGSILRAQDLNISTIQALHIAEEARGLAADTLGVNDDGHLDARGRKIVNVANPDSDRDAVNFRFLNEAEKSVTQTLAEVKRLKQDIDAKHTQVGKDTNEVRQVVVTVSQHKVASESARDRAETAASQAEQSASTASTKANQASQSEQNASTSASQASQSATKAEQEANKAQQAANK-----AIGGAI</Hsp_hseq>
      <Hsp_midline>+F IPFEYL+RKFV V LIG DRK L +N DYR+ + T I  TK W  ++GY  IELRR TS T+R+VDF DGSILRA DLN++ IQ +H+AEEAR L  DT+GVN+DGHLDARGR+IVN+AN   DRDAV F  L    ++  Q   E  + + + +    Q     NE         Q +  ++  RD A+   + A Q A++A   A+ A QSE NA  SA+ ++ SA  AEQ+A++A++ A+K      + GAI</Hsp_midline>
    </Hsp>
  </Hit_hsps>
</Hit>
<Hit>
  <Hit_num>3</Hit_num>
  <Hit_id>gnl|BL_ORD_ID|15</Hit_id>
  <Hit_def>BBF66844.1 tail spike protein [Klebsiella phage KN1-1]</Hit_def>
  <Hit_accession>15</Hit_accession>
  <Hit_len>820</Hit_len>
  <Hit_hsps>
    <Hsp>
      <Hsp_num>1</Hsp_num>
      <Hsp_bit-score>127.872</Hsp_bit-score>
      <Hsp_score>320</Hsp_score>
      <Hsp_evalue>7.38775e-34</Hsp_evalue>
      <Hsp_query-from>5</Hsp_query-from>
      <Hsp_query-to>156</Hsp_query-to>
      <Hsp_hit-from>6</Hsp_hit-from>
      <Hsp_hit-to>153</Hsp_hit-to>
      <Hsp_query-frame>0</Hsp_query-frame>
      <Hsp_hit-frame>0</Hsp_hit-frame>
      <Hsp_identity>70</Hsp_identity>
      <Hsp_positive>100</Hsp_positive>
      <Hsp_gaps>6</Hsp_gaps>
      <Hsp_align-len>153</Hsp_align-len>
      <Hsp_qseq>IKTVLTYQLDGSNRDFNIPFEYLARKFVVVTLIG-VDRKVLTINTDYRFATRTTISLTKAWGPADGYTTIELRRVTSTTDRLVDFTDGSILRAYDLNVAQIQTMHVAEEARDLTTDTIGVNNDGHLDARGRRIVNLANAVDDRDAVPFGQLKT</Hsp_qseq>
      <Hsp_hseq>IKTIIQYPV--GDVEFDIPFDYLSRKFVRVYLVSPLNRRQLNNITEYRYVSRTRIKLLVE---TAGFNLIEIRRFTSASERVVDFSDGSVLRATDLNVSQLQSAHIAEEARDAAMLTISPADDGSLDASGKVIKNVGTPVQSSDAATKGYVDT</Hsp_hseq>
      <Hsp_midline>IKT++ Y +   + +F+IPF+YL+RKFV V L+  ++R+ L   T+YR+ +RT I L        G+  IE+RR TS ++R+VDF+DGS+LRA DLNV+Q+Q+ H+AEEARD    TI   +DG LDA G+ I N+   V   DA   G + T</Hsp_midline>
    </Hsp>
  </Hit_hsps>
</Hit>
<Hit>
  <Hit_num>4</Hit_num>
  <Hit_id>gnl|BL_ORD_ID|20</Hit_id>
  <Hit_def>YP_008532047.1 putative tail fiber protein [Taipeivirus 0507KN21]</Hit_def>
  <Hit_accession>20</Hit_accession>
  <Hit_len>1245</Hit_len>
  <Hit_hsps>
    <Hsp>
      <Hsp_num>1</Hsp_num>
      <Hsp_bit-score>26.1794</Hsp_bit-score>
      <Hsp_score>56</Hsp_score>
      <Hsp_evalue>0.0921231</Hsp_evalue>
      <Hsp_query-from>173</Hsp_query-from>
      <Hsp_query-to>320</Hsp_query-to>
      <Hsp_hit-from>522</Hsp_hit-from>
      <Hsp_hit-to>677</Hsp_hit-to>
      <Hsp_query-frame>0</Hsp_query-frame>
      <Hsp_hit-frame>0</Hsp_hit-frame>
      <Hsp_identity>44</Hsp_identity>
      <Hsp_positive>64</Hsp_positive>
      <Hsp_gaps>12</Hsp_gaps>
      <Hsp_align-len>158</Hsp_align-len>
      <Hsp_qseq>NEAETF-RNQAEGFKNESSTNATNTKQWRDETKGF-RDEAK--RFENTAGQYATSAGNSASAAHQSEVNAENS--ATASANSAHLAEQQADRAEREADKLENYNGLAGAIDKVDG--TNVYWKGNIH--ANGRLYMTTNGFDCGQYQQFFGGVTNRYS</Hsp_qseq>
      <Hsp_hseq>NQCEYFIENRGAGVVFSGGVIEANTAA-ANPTKGFVRDYARGCTFEGVYYENCLSAGWVIAIPEKSQYNRANGLFLTAIGSQFTLSSQGAPLVKFEEGYFGSYNPATG-LYKTGGWETNYQYAGGVNTWAVGQPELDSGAFPHGGYDFKYGTYGIHYS</Hsp_hseq>
      <Hsp_midline>N+ E F  N+  G          NT    + TKGF RD A+   FE    +   SAG   +   +S+ N  N    TA  +   L+ Q A   + E     +YN   G + K  G  TN  + G ++  A G+  + +  F  G Y   +G     YS</Hsp_midline>
    </Hsp>
    <Hsp>
      <Hsp_num>2</Hsp_num>
      <Hsp_bit-score>20.4014</Hsp_bit-score>
      <Hsp_score>41</Hsp_score>
      <Hsp_evalue>4.95093</Hsp_evalue>
      <Hsp_query-from>451</Hsp_query-from>
      <Hsp_query-to>516</Hsp_query-to>
      <Hsp_hit-from>399</Hsp_hit-from>
      <Hsp_hit-to>454</Hsp_hit-to>
      <Hsp_query-frame>0</Hsp_query-frame>
      <Hsp_hit-frame>0</Hsp_hit-frame>
      <Hsp_identity>19</Hsp_identity>
      <Hsp_positive>26</Hsp_positive>
      <Hsp_gaps>10</Hsp_gaps>
      <Hsp_align-len>66</Hsp_align-len>
      <Hsp_qseq>GGKWLDAYLRDSFVAKSKAWTQVWSGSAGGGVSVTVSQDLRFRNIWIKCANNSWNFFRTGPDGIYF</Hsp_qseq>
      <Hsp_hseq>GGKFYGDHTTDKGVADC---------STGTGLFTYNMENSSIRNTWFQGFACGRQYNRTGP-GYYF</Hsp_hseq>
      <Hsp_midline>GGK+   +  D  VA           S G G+     ++   RN W +       + RTGP G YF</Hsp_midline>
    </Hsp>
  </Hit_hsps>
</Hit>
<Hit>
  <Hit_num>5</Hit_num>
  <Hit_id>gnl|BL_ORD_ID|6</Hit_id>
  <Hit_def>YP_001522890.1 putative tail fiber protein [Pseudomonas phage LKA1]</Hit_def>
  <Hit_accession>6</Hit_accession>
  <Hit_len>769</Hit_len>
  <Hit_hsps>
    <Hsp>
      <Hsp_num>1</Hsp_num>
      <Hsp_bit-score>23.8682</Hsp_bit-score>
      <Hsp_score>50</Hsp_score>
      <Hsp_evalue>0.501226</Hsp_evalue>
      <Hsp_query-from>1</Hsp_query-from>
      <Hsp_query-to>113</Hsp_query-to>
      <Hsp_hit-from>1</Hsp_hit-from>
      <Hsp_hit-to>103</Hsp_hit-to>
      <Hsp_query-frame>0</Hsp_query-frame>
      <Hsp_hit-frame>0</Hsp_hit-frame>
      <Hsp_identity>30</Hsp_identity>
      <Hsp_positive>45</Hsp_positive>
      <Hsp_gaps>10</Hsp_gaps>
      <Hsp_align-len>113</Hsp_align-len>
      <Hsp_qseq>MANVIKTVLTYQLDGSNRDFNIPFEYLARKFVVVTLIGVDRKVLTINTDYRFATRTTISLTKAWGPADGYTTIELRRVTSTTDRLVDFTDGSILRAYDLNVAQIQTMHVAEEA</Hsp_qseq>
      <Hsp_hseq>MAQTPSTWADYVGDGVEDTFQVTFPYQKQQEVFVT-VGGDPAAFT------FISAGWIQLAAV--PVNG-AAIRVRRSTEAFEPRHEFANGVPLLPRFIDENNTQFLYTVQEA</Hsp_hseq>
      <Hsp_midline>MA    T   Y  DG    F + F Y  ++ V VT +G D    T      F +   I L     P +G   I +RR T   +   +F +G  L    ++    Q ++  +EA</Hsp_midline>
    </Hsp>
  </Hit_hsps>
</Hit>
<Hit>
  <Hit_num>6</Hit_num>
  <Hit_id>gnl|BL_ORD_ID|11</Hit_id>
  <Hit_def>ALJ97635.1 tail fiber protein [Acinetobacter phage IME-200]</Hit_def>
  <Hit_accession>11</Hit_accession>
  <Hit_len>693</Hit_len>
  <Hit_hsps>
    <Hsp>
      <Hsp_num>1</Hsp_num>
      <Hsp_bit-score>23.0978</Hsp_bit-score>
      <Hsp_score>48</Hsp_score>
      <Hsp_evalue>0.78078</Hsp_evalue>
      <Hsp_query-from>157</Hsp_query-from>
      <Hsp_query-to>204</Hsp_query-to>
      <Hsp_hit-from>349</Hsp_hit-from>
      <Hsp_hit-to>403</Hsp_hit-to>
      <Hsp_query-frame>0</Hsp_query-frame>
      <Hsp_hit-frame>0</Hsp_hit-frame>
      <Hsp_identity>19</Hsp_identity>
      <Hsp_positive>25</Hsp_positive>
      <Hsp_gaps>7</Hsp_gaps>
      <Hsp_align-len>55</Hsp_align-len>
      <Hsp_qseq>MNQNSWQARNEALQFRNEAE--TFR-NQAE----GFKNESSTNATNTKQWRDETK</Hsp_qseq>
      <Hsp_hseq>FNQCSWQWGNKAVVFAKEAYGCVFRDNIVEYMDGGFEASVFSNCIFEGNWCESTR</Hsp_hseq>
      <Hsp_midline> NQ SWQ  N+A+ F  EA    FR N  E    GF+    +N      W + T+</Hsp_midline>
    </Hsp>
    <Hsp>
      <Hsp_num>2</Hsp_num>
      <Hsp_bit-score>21.9422</Hsp_bit-score>
      <Hsp_score>45</Hsp_score>
      <Hsp_evalue>1.67164</Hsp_evalue>
      <Hsp_query-from>6</Hsp_query-from>
      <Hsp_query-to>115</Hsp_query-to>
      <Hsp_hit-from>9</Hsp_hit-from>
      <Hsp_hit-to>109</Hsp_hit-to>
      <Hsp_query-frame>0</Hsp_query-frame>
      <Hsp_hit-frame>0</Hsp_hit-frame>
      <Hsp_identity>27</Hsp_identity>
      <Hsp_positive>44</Hsp_positive>
      <Hsp_gaps>9</Hsp_gaps>
      <Hsp_align-len>110</Hsp_align-len>
      <Hsp_qseq>KTVLTYQLDGSNRDFNIPFEYLARKFVVVTLIGVDRKVLTINTDYRFATRTTISLTKAWGPADGYTTIELRRVTSTTDRLVDFTDGSILRAYDLNVAQIQTMHVAEEARD</Hsp_qseq>
      <Hsp_hseq>ETVVTTPTD----TFSISFEY-DEKYDAVHVFLNDVAV----EDLGYTVSQVNAVTLKIEPAIPEGTVRIERETDIDKMKYIFDAGALFIDQNVDADFRQIVHSQQEVRD</Hsp_hseq>
      <Hsp_midline>+TV+T   D     F+I FEY   K+  V +   D  V     D  +      ++T    PA    T+ + R T        F  G++    +++    Q +H  +E RD</Hsp_midline>
    </Hsp>
  </Hit_hsps>
</Hit>
<Hit>
  <Hit_num>7</Hit_num>
  <Hit_id>gnl|BL_ORD_ID|2</Hit_id>
  <Hit_def>ASN73401.1 tail fiber protein [Acinetobacter phage vB_AbaP_B3]</Hit_def>
  <Hit_accession>2</Hit_accession>
  <Hit_len>699</Hit_len>
  <Hit_hsps>
    <Hsp>
      <Hsp_num>1</Hsp_num>
      <Hsp_bit-score>22.7126</Hsp_bit-score>
      <Hsp_score>47</Hsp_score>
      <Hsp_evalue>1.07235</Hsp_evalue>
      <Hsp_query-from>455</Hsp_query-from>
      <Hsp_query-to>538</Hsp_query-to>
      <Hsp_hit-from>337</Hsp_hit-from>
      <Hsp_hit-to>422</Hsp_hit-to>
      <Hsp_query-frame>0</Hsp_query-frame>
      <Hsp_hit-frame>0</Hsp_hit-frame>
      <Hsp_identity>24</Hsp_identity>
      <Hsp_positive>38</Hsp_positive>
      <Hsp_gaps>2</Hsp_gaps>
      <Hsp_align-len>86</Hsp_align-len>
      <Hsp_qseq>LDAYLRD-SFVAKSKAWTQVWSGSAGGGVSVTVSQDLRFRNIWIKCANNSWNFFRTGP-DGIYFIASDGGWLRFQIHSNGLGFKNI</Hsp_qseq>
      <Hsp_hseq>IDGYLANISYVAIVNFYNQIVVKEALVGFNINNAWLYYSQNAGIYCEDPNNHVSTTGTFHNIYFQLGDGYAMIFDRDIHGCDFDNI</Hsp_hseq>
      <Hsp_midline>+D YL + S+VA    + Q+    A  G ++  +     +N  I C + + +   TG    IYF   DG  + F    +G  F NI</Hsp_midline>
    </Hsp>
    <Hsp>
      <Hsp_num>2</Hsp_num>
      <Hsp_bit-score>19.631</Hsp_bit-score>
      <Hsp_score>39</Hsp_score>
      <Hsp_evalue>8.34731</Hsp_evalue>
      <Hsp_query-from>343</Hsp_query-from>
      <Hsp_query-to>376</Hsp_query-to>
      <Hsp_hit-from>622</Hsp_hit-from>
      <Hsp_hit-to>657</Hsp_hit-to>
      <Hsp_query-frame>0</Hsp_query-frame>
      <Hsp_hit-frame>0</Hsp_hit-frame>
      <Hsp_identity>10</Hsp_identity>
      <Hsp_positive>17</Hsp_positive>
      <Hsp_gaps>2</Hsp_gaps>
      <Hsp_align-len>36</Hsp_align-len>
      <Hsp_qseq>IGGNIQLVVNGQIITQGGAMTGQLKLQNG--HVLQL</Hsp_qseq>
      <Hsp_hseq>VSGNTSVITNGHIVVGSPLMGSRLGTGAGATHGIQM</Hsp_hseq>
      <Hsp_midline>+ GN  ++ NG I+     M  +L    G  H +Q+</Hsp_midline>
    </Hsp>
  </Hit_hsps>
</Hit>
<Hit>
  <Hit_num>8</Hit_num>
  <Hit_id>gnl|BL_ORD_ID|16</Hit_id>
  <Hit_def>sp|P23207|RBP5_BPT5 Receptor-binding protein pb5 OS=Escherichia phage T5 OX=2695836 GN=oad PE=1 SV=2</Hit_def>
  <Hit_accession>16</Hit_accession>
  <Hit_len>640</Hit_len>
  <Hit_hsps>
    <Hsp>
      <Hsp_num>1</Hsp_num>
      <Hsp_bit-score>20.7866</Hsp_bit-score>
      <Hsp_score>42</Hsp_score>
      <Hsp_evalue>4.14628</Hsp_evalue>
      <Hsp_query-from>340</Hsp_query-from>
      <Hsp_query-to>363</Hsp_query-to>
      <Hsp_hit-from>101</Hsp_hit-from>
      <Hsp_hit-to>124</Hsp_hit-to>
      <Hsp_query-frame>0</Hsp_query-frame>
      <Hsp_hit-frame>0</Hsp_hit-frame>
      <Hsp_identity>8</Hsp_identity>
      <Hsp_positive>14</Hsp_positive>
      <Hsp_gaps>0</Hsp_gaps>
      <Hsp_align-len>24</Hsp_align-len>
      <Hsp_qseq>TTAIGGNIQLVVNGQIITQGGAMT</Hsp_qseq>
      <Hsp_hseq>SMGVGAKAYGIINPQIMSQGGLKT</Hsp_hseq>
      <Hsp_midline>+  +G     ++N QI++QGG  T</Hsp_midline>
    </Hsp>
  </Hit_hsps>
</Hit>
<Hit>
  <Hit_num>9</Hit_num>
  <Hit_id>gnl|BL_ORD_ID|7</Hit_id>
  <Hit_def>NP_059644.1 tailspike protein [Salmonella phage P22]</Hit_def>
  <Hit_accession>7</Hit_accession>
  <Hit_len>667</Hit_len>
  <Hit_hsps>
    <Hsp>
      <Hsp_num>1</Hsp_num>
      <Hsp_bit-score>20.4014</Hsp_bit-score>
      <Hsp_score>41</Hsp_score>
      <Hsp_evalue>5.42423</Hsp_evalue>
      <Hsp_query-from>284</Hsp_query-from>
      <Hsp_query-to>331</Hsp_query-to>
      <Hsp_hit-from>168</Hsp_hit-from>
      <Hsp_hit-to>215</Hsp_hit-to>
      <Hsp_query-frame>0</Hsp_query-frame>
      <Hsp_hit-frame>0</Hsp_hit-frame>
      <Hsp_identity>12</Hsp_identity>
      <Hsp_positive>17</Hsp_positive>
      <Hsp_gaps>0</Hsp_gaps>
      <Hsp_align-len>48</Hsp_align-len>
      <Hsp_qseq>VYWKGNIHANGRLYMTTNGFDCGQYQQFFGGVTNRYSVMEWGDENGWL</Hsp_qseq>
      <Hsp_hseq>IECKAKFIGDGNLIFTKLGKGSRIAGVFMESTTTPWVIKPWTDDNQWL</Hsp_hseq>
      <Hsp_midline>+  K     +G L  T  G        F    T  + +  W D+N WL</Hsp_midline>
    </Hsp>
  </Hit_hsps>
</Hit>
<Hit>
  <Hit_num>10</Hit_num>
  <Hit_id>gnl|BL_ORD_ID|12</Hit_id>
  <Hit_def>ASN73558.1 tailspike protein [Acinetobacter phage vB_ApiP_P2]</Hit_def>
  <Hit_accession>12</Hit_accession>
  <Hit_len>799</Hit_len>
  <Hit_hsps>
    <Hsp>
      <Hsp_num>1</Hsp_num>
      <Hsp_bit-score>20.4014</Hsp_bit-score>
      <Hsp_score>41</Hsp_score>
      <Hsp_evalue>5.93457</Hsp_evalue>
      <Hsp_query-from>62</Hsp_query-from>
      <Hsp_query-to>192</Hsp_query-to>
      <Hsp_hit-from>521</Hsp_hit-from>
      <Hsp_hit-to>637</Hsp_hit-to>
      <Hsp_query-frame>0</Hsp_query-frame>
      <Hsp_hit-frame>0</Hsp_hit-frame>
      <Hsp_identity>31</Hsp_identity>
      <Hsp_positive>47</Hsp_positive>
      <Hsp_gaps>20</Hsp_gaps>
      <Hsp_align-len>134</Hsp_align-len>
      <Hsp_qseq>KAWGPADGYTTIELRRVTSTTDRLVDFTDGSILRAYDLNVAQIQTMHVAEEARDL---TTDTIGVNNDGHLDARGRRIVNLANAVDDRDAVPFGQLKTMNQNSWQARNEALQFRNEAETFRNQAEGFKNESSTN</Hsp_qseq>
      <Hsp_hseq>PAYGLTSPYHAVEQLINTTSFKSIRNFTVGSTIYIND--VAYIVTASSSAADTEFGAGTVYTITVNNP-------------LTGVQNGDAIKTPMTVRKCIDAWYLENRYTNIEN--NTIRNYPTGYYTQPTMN</Hsp_hseq>
      <Hsp_midline> A+G    Y  +E    T++   + +FT GS +   D  VA I T   +    +    T  TI VNN                 V + DA+          ++W   N      N   T RN   G+  + + N</Hsp_midline>
    </Hsp>
  </Hit_hsps>
</Hit>
<Hit>
  <Hit_num>11</Hit_num>
  <Hit_id>gnl|BL_ORD_ID|1</Hit_id>
  <Hit_def>YP_009103257.1 putative tail fiber [Acinetobacter phage vB_AbaP_Acibel007]</Hit_def>
  <Hit_accession>1</Hit_accession>
  <Hit_len>724</Hit_len>
  <Hit_hsps>
    <Hsp>
      <Hsp_num>1</Hsp_num>
      <Hsp_bit-score>20.0162</Hsp_bit-score>
      <Hsp_score>40</Hsp_score>
      <Hsp_evalue>7.23644</Hsp_evalue>
      <Hsp_query-from>347</Hsp_query-from>
      <Hsp_query-to>412</Hsp_query-to>
      <Hsp_hit-from>35</Hsp_hit-from>
      <Hsp_hit-to>106</Hsp_hit-to>
      <Hsp_query-frame>0</Hsp_query-frame>
      <Hsp_hit-frame>0</Hsp_hit-frame>
      <Hsp_identity>20</Hsp_identity>
      <Hsp_positive>33</Hsp_positive>
      <Hsp_gaps>14</Hsp_gaps>
      <Hsp_align-len>76</Hsp_align-len>
      <Hsp_qseq>IQLVVNGQIITQGG---------AMTGQLKLQNGHV-LQLESASDKAHYILSKDGNRNNWYIGRGSDNNNDCTFHS</Hsp_qseq>
      <Hsp_hseq>INVLVNDVIATEAGYTVFRKNALVIALEPAVTSGIVRLQRETNIDKSFHIFSAGAK----FVGANMDANFEQILHS</Hsp_hseq>
      <Hsp_midline>I ++VN  I T+ G          +  +  + +G V LQ E+  DK+ +I S        ++G   D N +   HS</Hsp_midline>
    </Hsp>
  </Hit_hsps>
</Hit>
<Hit>
  <Hit_num>12</Hit_num>
  <Hit_id>gnl|BL_ORD_ID|14</Hit_id>
  <Hit_def>ASN73455.2 tailspike protein [Acinetobacter phage vB_AbaP_B5]</Hit_def>
  <Hit_accession>14</Hit_accession>
  <Hit_len>761</Hit_len>
  <Hit_hsps>
    <Hsp>
      <Hsp_num>1</Hsp_num>
      <Hsp_bit-score>19.631</Hsp_bit-score>
      <Hsp_score>39</Hsp_score>
      <Hsp_evalue>8.98934</Hsp_evalue>
      <Hsp_query-from>412</Hsp_query-from>
      <Hsp_query-to>454</Hsp_query-to>
      <Hsp_hit-from>202</Hsp_hit-from>
      <Hsp_hit-to>239</Hsp_hit-to>
      <Hsp_query-frame>0</Hsp_query-frame>
      <Hsp_hit-frame>0</Hsp_hit-frame>
      <Hsp_identity>14</Hsp_identity>
      <Hsp_positive>20</Hsp_positive>
      <Hsp_gaps>5</Hsp_gaps>
      <Hsp_align-len>43</Hsp_align-len>
      <Hsp_qseq>SYVHGTTLTLKQDYAVVNKHFHVGQAVVATDGNIQGTKWGGKW</Hsp_qseq>
      <Hsp_hseq>TYIHGGGF-FKADKADTTSVDNDGTILVGTDG----TRWKRQW</Hsp_hseq>
      <Hsp_midline>+Y+HG     K D A      + G  +V TDG    T+W  +W</Hsp_midline>
    </Hsp>
  </Hit_hsps>
</Hit>
</Iteration_hits>
  <Iteration_stat>
    <Statistics>
      <Statistics_db-num>21</Statistics_db-num>
      <Statistics_db-len>15367</Statistics_db-len>
      <Statistics_hsp-len>59</Statistics_hsp-len>
      <Statistics_eff-space>6979232</Statistics_eff-space>
      <Statistics_kappa>0.041</Statistics_kappa>
      <Statistics_lambda>0.267</Statistics_lambda>
      <Statistics_entropy>0.14</Statistics_entropy>
    </Statistics>
  </Iteration_stat>
</Iteration>
<Iteration>
  <Iteration_iter-num>42</Iteration_iter-num>
  <Iteration_query-ID>Query_42</Iteration_query-ID>
  <Iteration_query-def>lcl|MZ375233.1_prot_QZB83384.1_42 [locus_tag=T710L_53] [protein=type II holin] [protein_id=QZB83384.1] [location=36345..36548] [gbkey=CDS]</Iteration_query-def>
  <Iteration_query-len>67</Iteration_query-len>
<Iteration_hits>
<Hit>
  <Hit_num>1</Hit_num>
  <Hit_id>gnl|BL_ORD_ID|15</Hit_id>
  <Hit_def>BBF66844.1 tail spike protein [Klebsiella phage KN1-1]</Hit_def>
  <Hit_accession>15</Hit_accession>
  <Hit_len>820</Hit_len>
  <Hit_hsps>
    <Hsp>
      <Hsp_num>1</Hsp_num>
      <Hsp_bit-score>16.1642</Hsp_bit-score>
      <Hsp_score>30</Hsp_score>
      <Hsp_evalue>8.37422</Hsp_evalue>
      <Hsp_query-from>4</Hsp_query-from>
      <Hsp_query-to>50</Hsp_query-to>
      <Hsp_hit-from>191</Hsp_hit-from>
      <Hsp_hit-to>235</Hsp_hit-to>
      <Hsp_query-frame>0</Hsp_query-frame>
      <Hsp_hit-frame>0</Hsp_hit-frame>
      <Hsp_identity>13</Hsp_identity>
      <Hsp_positive>20</Hsp_positive>
      <Hsp_gaps>4</Hsp_gaps>
      <Hsp_align-len>48</Hsp_align-len>
      <Hsp_qseq>LDFNNELIKAAPIVGTGVA-DVSARLFFGLSLNEWFYVAAIAYTVVQI</Hsp_qseq>
      <Hsp_hseq>LGFNGEGDPVPVVAGEGTASDVMLKLAGTTGLS---YIGGVGYVTPEM</Hsp_hseq>
      <Hsp_midline>L FN E      + G G A DV  +L     L+   Y+  + Y   ++</Hsp_midline>
    </Hsp>
  </Hit_hsps>
</Hit>
<Hit>
  <Hit_num>2</Hit_num>
  <Hit_id>gnl|BL_ORD_ID|1</Hit_id>
  <Hit_def>YP_009103257.1 putative tail fiber [Acinetobacter phage vB_AbaP_Acibel007]</Hit_def>
  <Hit_accession>1</Hit_accession>
  <Hit_len>724</Hit_len>
  <Hit_hsps>
    <Hsp>
      <Hsp_num>1</Hsp_num>
      <Hsp_bit-score>15.779</Hsp_bit-score>
      <Hsp_score>29</Hsp_score>
      <Hsp_evalue>9.21017</Hsp_evalue>
      <Hsp_query-from>32</Hsp_query-from>
      <Hsp_query-to>47</Hsp_query-to>
      <Hsp_hit-from>559</Hsp_hit-from>
      <Hsp_hit-to>576</Hsp_hit-to>
      <Hsp_query-frame>0</Hsp_query-frame>
      <Hsp_hit-frame>0</Hsp_hit-frame>
      <Hsp_identity>6</Hsp_identity>
      <Hsp_positive>12</Hsp_positive>
      <Hsp_gaps>2</Hsp_gaps>
      <Hsp_align-len>18</Hsp_align-len>
      <Hsp_qseq>LSLNEWFY--VAAIAYTV</Hsp_qseq>
      <Hsp_hseq>VNLNTWAFPTVTSLGFTV</Hsp_hseq>
      <Hsp_midline>++LN W +  V ++ +TV</Hsp_midline>
    </Hsp>
  </Hit_hsps>
</Hit>
</Iteration_hits>
  <Iteration_stat>
    <Statistics>
      <Statistics_db-num>21</Statistics_db-num>
      <Statistics_db-len>15367</Statistics_db-len>
      <Statistics_hsp-len>39</Statistics_hsp-len>
      <Statistics_eff-space>407344</Statistics_eff-space>
      <Statistics_kappa>0.041</Statistics_kappa>
      <Statistics_lambda>0.267</Statistics_lambda>
      <Statistics_entropy>0.14</Statistics_entropy>
    </Statistics>
  </Iteration_stat>
</Iteration>
<Iteration>
  <Iteration_iter-num>43</Iteration_iter-num>
  <Iteration_query-ID>Query_43</Iteration_query-ID>
  <Iteration_query-def>lcl|MZ375233.1_prot_QZB83385.1_43 [locus_tag=T710L_54] [protein=DNA packaging protein small subunit] [protein_id=QZB83385.1] [location=36554..36823] [gbkey=CDS]</Iteration_query-def>
  <Iteration_query-len>89</Iteration_query-len>
<Iteration_hits>
<Hit>
  <Hit_num>1</Hit_num>
  <Hit_id>gnl|BL_ORD_ID|17</Hit_id>
  <Hit_def>tr|D9IEJ1|D9IEJ1_BPT4 Short tail fibers OS=Enterobacteria phage T4 OX=10665 GN=12 PE=4 SV=1</Hit_def>
  <Hit_accession>17</Hit_accession>
  <Hit_len>527</Hit_len>
  <Hit_hsps>
    <Hsp>
      <Hsp_num>1</Hsp_num>
      <Hsp_bit-score>18.0902</Hsp_bit-score>
      <Hsp_score>35</Hsp_score>
      <Hsp_evalue>2.45051</Hsp_evalue>
      <Hsp_query-from>50</Hsp_query-from>
      <Hsp_query-to>83</Hsp_query-to>
      <Hsp_hit-from>419</Hsp_hit-from>
      <Hsp_hit-to>456</Hsp_hit-to>
      <Hsp_query-frame>0</Hsp_query-frame>
      <Hsp_hit-frame>0</Hsp_hit-frame>
      <Hsp_identity>12</Hsp_identity>
      <Hsp_positive>17</Hsp_positive>
      <Hsp_gaps>4</Hsp_gaps>
      <Hsp_align-len>38</Hsp_align-len>
      <Hsp_qseq>QIGKLQPDVHILGGLAGALEE----YKEKVGDNGLTDD</Hsp_qseq>
      <Hsp_hseq>QFGKPRLGVGCTGGYVGEVQKQQMSYHKHAGGFGEHDD</Hsp_hseq>
      <Hsp_midline>Q GK +  V   GG  G +++    Y +  G  G  DD</Hsp_midline>
    </Hsp>
  </Hit_hsps>
</Hit>
<Hit>
  <Hit_num>2</Hit_num>
  <Hit_id>gnl|BL_ORD_ID|19</Hit_id>
  <Hit_def>sp|P10930|FIB12_BPT4 Short tail fiber protein gp12 OS=Enterobacteria phage T4 OX=10665 GN=12 PE=1 SV=3</Hit_def>
  <Hit_accession>19</Hit_accession>
  <Hit_len>527</Hit_len>
  <Hit_hsps>
    <Hsp>
      <Hsp_num>1</Hsp_num>
      <Hsp_bit-score>17.705</Hsp_bit-score>
      <Hsp_score>34</Hsp_score>
      <Hsp_evalue>3.32423</Hsp_evalue>
      <Hsp_query-from>50</Hsp_query-from>
      <Hsp_query-to>83</Hsp_query-to>
      <Hsp_hit-from>419</Hsp_hit-from>
      <Hsp_hit-to>456</Hsp_hit-to>
      <Hsp_query-frame>0</Hsp_query-frame>
      <Hsp_hit-frame>0</Hsp_hit-frame>
      <Hsp_identity>12</Hsp_identity>
      <Hsp_positive>16</Hsp_positive>
      <Hsp_gaps>4</Hsp_gaps>
      <Hsp_align-len>38</Hsp_align-len>
      <Hsp_qseq>QIGKLQPDVHILGGLAGALE----EYKEKVGDNGLTDD</Hsp_qseq>
      <Hsp_hseq>QFGKPRLGVGCTGGYVGEVQIQQMSYHKHAGGFGEHDD</Hsp_hseq>
      <Hsp_midline>Q GK +  V   GG  G ++     Y +  G  G  DD</Hsp_midline>
    </Hsp>
  </Hit_hsps>
</Hit>
<Hit>
  <Hit_num>3</Hit_num>
  <Hit_id>gnl|BL_ORD_ID|2</Hit_id>
  <Hit_def>ASN73401.1 tail fiber protein [Acinetobacter phage vB_AbaP_B3]</Hit_def>
  <Hit_accession>2</Hit_accession>
  <Hit_len>699</Hit_len>
  <Hit_hsps>
    <Hsp>
      <Hsp_num>1</Hsp_num>
      <Hsp_bit-score>17.705</Hsp_bit-score>
      <Hsp_score>34</Hsp_score>
      <Hsp_evalue>3.81202</Hsp_evalue>
      <Hsp_query-from>38</Hsp_query-from>
      <Hsp_query-to>52</Hsp_query-to>
      <Hsp_hit-from>680</Hsp_hit-from>
      <Hsp_hit-to>694</Hsp_hit-to>
      <Hsp_query-frame>0</Hsp_query-frame>
      <Hsp_hit-frame>0</Hsp_hit-frame>
      <Hsp_identity>5</Hsp_identity>
      <Hsp_positive>10</Hsp_positive>
      <Hsp_gaps>0</Hsp_gaps>
      <Hsp_align-len>15</Hsp_align-len>
      <Hsp_qseq>NAINKLLDRHKFQIG</Hsp_qseq>
      <Hsp_hseq>DSSNALVDPHRFTVA</Hsp_hseq>
      <Hsp_midline>++ N L+D H+F + </Hsp_midline>
    </Hsp>
  </Hit_hsps>
</Hit>
</Iteration_hits>
  <Iteration_stat>
    <Statistics>
      <Statistics_db-num>21</Statistics_db-num>
      <Statistics_db-len>15367</Statistics_db-len>
      <Statistics_hsp-len>42</Statistics_hsp-len>
      <Statistics_eff-space>680795</Statistics_eff-space>
      <Statistics_kappa>0.041</Statistics_kappa>
      <Statistics_lambda>0.267</Statistics_lambda>
      <Statistics_entropy>0.14</Statistics_entropy>
    </Statistics>
  </Iteration_stat>
</Iteration>
<Iteration>
  <Iteration_iter-num>44</Iteration_iter-num>
  <Iteration_query-ID>Query_44</Iteration_query-ID>
  <Iteration_query-def>lcl|MZ375233.1_prot_QZB83386.1_44 [locus_tag=T710L_55] [protein=lysis protein] [protein_id=QZB83386.1] [location=36918..37349] [gbkey=CDS]</Iteration_query-def>
  <Iteration_query-len>143</Iteration_query-len>
<Iteration_hits>
<Hit>
  <Hit_num>1</Hit_num>
  <Hit_id>gnl|BL_ORD_ID|20</Hit_id>
  <Hit_def>YP_008532047.1 putative tail fiber protein [Taipeivirus 0507KN21]</Hit_def>
  <Hit_accession>20</Hit_accession>
  <Hit_len>1245</Hit_len>
  <Hit_hsps>
    <Hsp>
      <Hsp_num>1</Hsp_num>
      <Hsp_bit-score>19.2458</Hsp_bit-score>
      <Hsp_score>38</Hsp_score>
      <Hsp_evalue>2.62312</Hsp_evalue>
      <Hsp_query-from>34</Hsp_query-from>
      <Hsp_query-to>57</Hsp_query-to>
      <Hsp_hit-from>356</Hsp_hit-from>
      <Hsp_hit-to>379</Hsp_hit-to>
      <Hsp_query-frame>0</Hsp_query-frame>
      <Hsp_hit-frame>0</Hsp_hit-frame>
      <Hsp_identity>9</Hsp_identity>
      <Hsp_positive>12</Hsp_positive>
      <Hsp_gaps>0</Hsp_gaps>
      <Hsp_align-len>24</Hsp_align-len>
      <Hsp_qseq>KQEVHNEYVKRVEAAKSTQRAIDA</Hsp_qseq>
      <Hsp_hseq>RQEVTGVYMNAIERGIEDVRAISA</Hsp_hseq>
      <Hsp_midline>+QEV   Y+  +E      RAI A</Hsp_midline>
    </Hsp>
  </Hit_hsps>
</Hit>
<Hit>
  <Hit_num>2</Hit_num>
  <Hit_id>gnl|BL_ORD_ID|1</Hit_id>
  <Hit_def>YP_009103257.1 putative tail fiber [Acinetobacter phage vB_AbaP_Acibel007]</Hit_def>
  <Hit_accession>1</Hit_accession>
  <Hit_len>724</Hit_len>
  <Hit_hsps>
    <Hsp>
      <Hsp_num>1</Hsp_num>
      <Hsp_bit-score>19.2458</Hsp_bit-score>
      <Hsp_score>38</Hsp_score>
      <Hsp_evalue>2.63462</Hsp_evalue>
      <Hsp_query-from>17</Hsp_query-from>
      <Hsp_query-to>44</Hsp_query-to>
      <Hsp_hit-from>84</Hsp_hit-from>
      <Hsp_hit-to>111</Hsp_hit-to>
      <Hsp_query-frame>0</Hsp_query-frame>
      <Hsp_hit-frame>0</Hsp_hit-frame>
      <Hsp_identity>8</Hsp_identity>
      <Hsp_positive>15</Hsp_positive>
      <Hsp_gaps>0</Hsp_gaps>
      <Hsp_align-len>28</Hsp_align-len>
      <Hsp_qseq>LFGLGWHLGSDSMDAKWKQEVHNEYVKR</Hsp_qseq>
      <Hsp_hseq>IFSAGAKFVGANMDANFEQILHSQQETR</Hsp_hseq>
      <Hsp_midline>+F  G      +MDA ++Q +H++   R</Hsp_midline>
    </Hsp>
  </Hit_hsps>
</Hit>
<Hit>
  <Hit_num>3</Hit_num>
  <Hit_id>gnl|BL_ORD_ID|5</Hit_id>
  <Hit_def>ARV77571.1 tail fiber protein [Pasteurella phage vB_PmuP_PHB02]</Hit_def>
  <Hit_accession>5</Hit_accession>
  <Hit_len>968</Hit_len>
  <Hit_hsps>
    <Hsp>
      <Hsp_num>1</Hsp_num>
      <Hsp_bit-score>18.4754</Hsp_bit-score>
      <Hsp_score>36</Hsp_score>
      <Hsp_evalue>3.65792</Hsp_evalue>
      <Hsp_query-from>113</Hsp_query-from>
      <Hsp_query-to>130</Hsp_query-to>
      <Hsp_hit-from>522</Hsp_hit-from>
      <Hsp_hit-to>539</Hsp_hit-to>
      <Hsp_query-frame>0</Hsp_query-frame>
      <Hsp_hit-frame>0</Hsp_hit-frame>
      <Hsp_identity>7</Hsp_identity>
      <Hsp_positive>9</Hsp_positive>
      <Hsp_gaps>0</Hsp_gaps>
      <Hsp_align-len>18</Hsp_align-len>
      <Hsp_qseq>DRDAKRILAVTQKGDAWI</Hsp_qseq>
      <Hsp_hseq>DIDVLSTLHITGKGQGWV</Hsp_hseq>
      <Hsp_midline>D D    L +T KG  W+</Hsp_midline>
    </Hsp>
  </Hit_hsps>
</Hit>
<Hit>
  <Hit_num>4</Hit_num>
  <Hit_id>gnl|BL_ORD_ID|10</Hit_id>
  <Hit_def>YP_009203055.1 tail spike protein [Acinetobacter phage Fri1]</Hit_def>
  <Hit_accession>10</Hit_accession>
  <Hit_len>783</Hit_len>
  <Hit_hsps>
    <Hsp>
      <Hsp_num>1</Hsp_num>
      <Hsp_bit-score>18.4754</Hsp_bit-score>
      <Hsp_score>36</Hsp_score>
      <Hsp_evalue>3.72363</Hsp_evalue>
      <Hsp_query-from>19</Hsp_query-from>
      <Hsp_query-to>33</Hsp_query-to>
      <Hsp_hit-from>405</Hsp_hit-from>
      <Hsp_hit-to>419</Hsp_hit-to>
      <Hsp_query-frame>0</Hsp_query-frame>
      <Hsp_hit-frame>0</Hsp_hit-frame>
      <Hsp_identity>7</Hsp_identity>
      <Hsp_positive>8</Hsp_positive>
      <Hsp_gaps>0</Hsp_gaps>
      <Hsp_align-len>15</Hsp_align-len>
      <Hsp_qseq>GLGWHLGSDSMDAKW</Hsp_qseq>
      <Hsp_hseq>GFGIKIIGDSFTAKW</Hsp_hseq>
      <Hsp_midline>G G  +  DS  AKW</Hsp_midline>
    </Hsp>
    <Hsp>
      <Hsp_num>2</Hsp_num>
      <Hsp_bit-score>18.4754</Hsp_bit-score>
      <Hsp_score>36</Hsp_score>
      <Hsp_evalue>4.49704</Hsp_evalue>
      <Hsp_query-from>17</Hsp_query-from>
      <Hsp_query-to>40</Hsp_query-to>
      <Hsp_hit-from>81</Hsp_hit-from>
      <Hsp_hit-to>104</Hsp_hit-to>
      <Hsp_query-frame>0</Hsp_query-frame>
      <Hsp_hit-frame>0</Hsp_hit-frame>
      <Hsp_identity>8</Hsp_identity>
      <Hsp_positive>14</Hsp_positive>
      <Hsp_gaps>0</Hsp_gaps>
      <Hsp_align-len>24</Hsp_align-len>
      <Hsp_qseq>LFGLGWHLGSDSMDAKWKQEVHNE</Hsp_qseq>
      <Hsp_hseq>IFDAGALFIDQNVDADFKQIVHSQ</Hsp_hseq>
      <Hsp_midline>+F  G      ++DA +KQ VH++</Hsp_midline>
    </Hsp>
  </Hit_hsps>
</Hit>
<Hit>
  <Hit_num>5</Hit_num>
  <Hit_id>gnl|BL_ORD_ID|2</Hit_id>
  <Hit_def>ASN73401.1 tail fiber protein [Acinetobacter phage vB_AbaP_B3]</Hit_def>
  <Hit_accession>2</Hit_accession>
  <Hit_len>699</Hit_len>
  <Hit_hsps>
    <Hsp>
      <Hsp_num>1</Hsp_num>
      <Hsp_bit-score>18.4754</Hsp_bit-score>
      <Hsp_score>36</Hsp_score>
      <Hsp_evalue>4.47176</Hsp_evalue>
      <Hsp_query-from>17</Hsp_query-from>
      <Hsp_query-to>40</Hsp_query-to>
      <Hsp_hit-from>81</Hsp_hit-from>
      <Hsp_hit-to>104</Hsp_hit-to>
      <Hsp_query-frame>0</Hsp_query-frame>
      <Hsp_hit-frame>0</Hsp_hit-frame>
      <Hsp_identity>8</Hsp_identity>
      <Hsp_positive>14</Hsp_positive>
      <Hsp_gaps>0</Hsp_gaps>
      <Hsp_align-len>24</Hsp_align-len>
      <Hsp_qseq>LFGLGWHLGSDSMDAKWKQEVHNE</Hsp_qseq>
      <Hsp_hseq>IFDAGALFIDQNVDADFKQIVHSQ</Hsp_hseq>
      <Hsp_midline>+F  G      ++DA +KQ VH++</Hsp_midline>
    </Hsp>
  </Hit_hsps>
</Hit>
<Hit>
  <Hit_num>6</Hit_num>
  <Hit_id>gnl|BL_ORD_ID|13</Hit_id>
  <Hit_def>ASN73353.1 tailspike protein [Acinetobacter phage vB_AbaP_B1]</Hit_def>
  <Hit_accession>13</Hit_accession>
  <Hit_len>760</Hit_len>
  <Hit_hsps>
    <Hsp>
      <Hsp_num>1</Hsp_num>
      <Hsp_bit-score>18.4754</Hsp_bit-score>
      <Hsp_score>36</Hsp_score>
      <Hsp_evalue>4.49067</Hsp_evalue>
      <Hsp_query-from>17</Hsp_query-from>
      <Hsp_query-to>40</Hsp_query-to>
      <Hsp_hit-from>81</Hsp_hit-from>
      <Hsp_hit-to>104</Hsp_hit-to>
      <Hsp_query-frame>0</Hsp_query-frame>
      <Hsp_hit-frame>0</Hsp_hit-frame>
      <Hsp_identity>8</Hsp_identity>
      <Hsp_positive>14</Hsp_positive>
      <Hsp_gaps>0</Hsp_gaps>
      <Hsp_align-len>24</Hsp_align-len>
      <Hsp_qseq>LFGLGWHLGSDSMDAKWKQEVHNE</Hsp_qseq>
      <Hsp_hseq>IFDAGALFIDQNVDADFKQIVHSQ</Hsp_hseq>
      <Hsp_midline>+F  G      ++DA +KQ VH++</Hsp_midline>
    </Hsp>
  </Hit_hsps>
</Hit>
<Hit>
  <Hit_num>7</Hit_num>
  <Hit_id>gnl|BL_ORD_ID|14</Hit_id>
  <Hit_def>ASN73455.2 tailspike protein [Acinetobacter phage vB_AbaP_B5]</Hit_def>
  <Hit_accession>14</Hit_accession>
  <Hit_len>761</Hit_len>
  <Hit_hsps>
    <Hsp>
      <Hsp_num>1</Hsp_num>
      <Hsp_bit-score>18.0902</Hsp_bit-score>
      <Hsp_score>35</Hsp_score>
      <Hsp_evalue>5.04726</Hsp_evalue>
      <Hsp_query-from>17</Hsp_query-from>
      <Hsp_query-to>40</Hsp_query-to>
      <Hsp_hit-from>81</Hsp_hit-from>
      <Hsp_hit-to>104</Hsp_hit-to>
      <Hsp_query-frame>0</Hsp_query-frame>
      <Hsp_hit-frame>0</Hsp_hit-frame>
      <Hsp_identity>8</Hsp_identity>
      <Hsp_positive>14</Hsp_positive>
      <Hsp_gaps>0</Hsp_gaps>
      <Hsp_align-len>24</Hsp_align-len>
      <Hsp_qseq>LFGLGWHLGSDSMDAKWKQEVHNE</Hsp_qseq>
      <Hsp_hseq>IFDAGALFIDQNVDADFKQIVHSQ</Hsp_hseq>
      <Hsp_midline>+F  G      ++DA +KQ VH++</Hsp_midline>
    </Hsp>
    <Hsp>
      <Hsp_num>2</Hsp_num>
      <Hsp_bit-score>18.0902</Hsp_bit-score>
      <Hsp_score>35</Hsp_score>
      <Hsp_evalue>6.09444</Hsp_evalue>
      <Hsp_query-from>103</Hsp_query-from>
      <Hsp_query-to>131</Hsp_query-to>
      <Hsp_hit-from>347</Hsp_hit-from>
      <Hsp_hit-to>375</Hsp_hit-to>
      <Hsp_query-frame>0</Hsp_query-frame>
      <Hsp_hit-frame>0</Hsp_hit-frame>
      <Hsp_identity>8</Hsp_identity>
      <Hsp_positive>15</Hsp_positive>
      <Hsp_gaps>0</Hsp_gaps>
      <Hsp_align-len>29</Hsp_align-len>
      <Hsp_qseq>FEPDGRAELDDRDAKRILAVTQKGDAWIR</Hsp_qseq>
      <Hsp_hseq>FQGDGTSQSVVINGDRLYNVNMKGGRYLR</Hsp_hseq>
      <Hsp_midline>F+ DG ++    +  R+  V  KG  ++R</Hsp_midline>
    </Hsp>
  </Hit_hsps>
</Hit>
<Hit>
  <Hit_num>8</Hit_num>
  <Hit_id>gnl|BL_ORD_ID|8</Hit_id>
  <Hit_def>NP_112090.1 tailspike protein [Enterobacteria phage HK620]</Hit_def>
  <Hit_accession>8</Hit_accession>
  <Hit_len>710</Hit_len>
  <Hit_hsps>
    <Hsp>
      <Hsp_num>1</Hsp_num>
      <Hsp_bit-score>17.3198</Hsp_bit-score>
      <Hsp_score>33</Hsp_score>
      <Hsp_evalue>8.69703</Hsp_evalue>
      <Hsp_query-from>71</Hsp_query-from>
      <Hsp_query-to>80</Hsp_query-to>
      <Hsp_hit-from>137</Hsp_hit-from>
      <Hsp_hit-to>146</Hsp_hit-to>
      <Hsp_query-frame>0</Hsp_query-frame>
      <Hsp_hit-frame>0</Hsp_hit-frame>
      <Hsp_identity>6</Hsp_identity>
      <Hsp_positive>9</Hsp_positive>
      <Hsp_gaps>0</Hsp_gaps>
      <Hsp_align-len>10</Hsp_align-len>
      <Hsp_qseq>GSTDRIISDL</Hsp_qseq>
      <Hsp_hseq>GSTMRMVSDV</Hsp_hseq>
      <Hsp_midline>GST R++SD+</Hsp_midline>
    </Hsp>
  </Hit_hsps>
</Hit>
<Hit>
  <Hit_num>9</Hit_num>
  <Hit_id>gnl|BL_ORD_ID|0</Hit_id>
  <Hit_def>ASN73504.1 tailspike protein [Acinetobacter phage vB_ApiP_P1]</Hit_def>
  <Hit_accession>0</Hit_accession>
  <Hit_len>749</Hit_len>
  <Hit_hsps>
    <Hsp>
      <Hsp_num>1</Hsp_num>
      <Hsp_bit-score>17.3198</Hsp_bit-score>
      <Hsp_score>33</Hsp_score>
      <Hsp_evalue>9.45062</Hsp_evalue>
      <Hsp_query-from>17</Hsp_query-from>
      <Hsp_query-to>40</Hsp_query-to>
      <Hsp_hit-from>81</Hsp_hit-from>
      <Hsp_hit-to>104</Hsp_hit-to>
      <Hsp_query-frame>0</Hsp_query-frame>
      <Hsp_hit-frame>0</Hsp_hit-frame>
      <Hsp_identity>7</Hsp_identity>
      <Hsp_positive>14</Hsp_positive>
      <Hsp_gaps>0</Hsp_gaps>
      <Hsp_align-len>24</Hsp_align-len>
      <Hsp_qseq>LFGLGWHLGSDSMDAKWKQEVHNE</Hsp_qseq>
      <Hsp_hseq>IFDAGALFIDQNVDADFRQIVHSQ</Hsp_hseq>
      <Hsp_midline>+F  G      ++DA ++Q VH++</Hsp_midline>
    </Hsp>
  </Hit_hsps>
</Hit>
<Hit>
  <Hit_num>10</Hit_num>
  <Hit_id>gnl|BL_ORD_ID|12</Hit_id>
  <Hit_def>ASN73558.1 tailspike protein [Acinetobacter phage vB_ApiP_P2]</Hit_def>
  <Hit_accession>12</Hit_accession>
  <Hit_len>799</Hit_len>
  <Hit_hsps>
    <Hsp>
      <Hsp_num>1</Hsp_num>
      <Hsp_bit-score>17.3198</Hsp_bit-score>
      <Hsp_score>33</Hsp_score>
      <Hsp_evalue>9.4765</Hsp_evalue>
      <Hsp_query-from>17</Hsp_query-from>
      <Hsp_query-to>40</Hsp_query-to>
      <Hsp_hit-from>81</Hsp_hit-from>
      <Hsp_hit-to>104</Hsp_hit-to>
      <Hsp_query-frame>0</Hsp_query-frame>
      <Hsp_hit-frame>0</Hsp_hit-frame>
      <Hsp_identity>7</Hsp_identity>
      <Hsp_positive>14</Hsp_positive>
      <Hsp_gaps>0</Hsp_gaps>
      <Hsp_align-len>24</Hsp_align-len>
      <Hsp_qseq>LFGLGWHLGSDSMDAKWKQEVHNE</Hsp_qseq>
      <Hsp_hseq>IFDAGALFIDQNVDADFRQIVHSQ</Hsp_hseq>
      <Hsp_midline>+F  G      ++DA ++Q VH++</Hsp_midline>
    </Hsp>
  </Hit_hsps>
</Hit>
</Iteration_hits>
  <Iteration_stat>
    <Statistics>
      <Statistics_db-num>21</Statistics_db-num>
      <Statistics_db-len>15367</Statistics_db-len>
      <Statistics_hsp-len>47</Statistics_hsp-len>
      <Statistics_eff-space>1380480</Statistics_eff-space>
      <Statistics_kappa>0.041</Statistics_kappa>
      <Statistics_lambda>0.267</Statistics_lambda>
      <Statistics_entropy>0.14</Statistics_entropy>
    </Statistics>
  </Iteration_stat>
</Iteration>
<Iteration>
  <Iteration_iter-num>45</Iteration_iter-num>
  <Iteration_query-ID>Query_45</Iteration_query-ID>
  <Iteration_query-def>lcl|MZ375233.1_prot_QZB83387.1_45 [locus_tag=T710L_57] [protein=DNA maturation protein] [protein_id=QZB83387.1] [location=37404..39131] [gbkey=CDS]</Iteration_query-def>
  <Iteration_query-len>575</Iteration_query-len>
<Iteration_hits>
<Hit>
  <Hit_num>1</Hit_num>
  <Hit_id>gnl|BL_ORD_ID|11</Hit_id>
  <Hit_def>ALJ97635.1 tail fiber protein [Acinetobacter phage IME-200]</Hit_def>
  <Hit_accession>11</Hit_accession>
  <Hit_len>693</Hit_len>
  <Hit_hsps>
    <Hsp>
      <Hsp_num>1</Hsp_num>
      <Hsp_bit-score>22.7126</Hsp_bit-score>
      <Hsp_score>47</Hsp_score>
      <Hsp_evalue>1.18837</Hsp_evalue>
      <Hsp_query-from>382</Hsp_query-from>
      <Hsp_query-to>434</Hsp_query-to>
      <Hsp_hit-from>336</Hsp_hit-from>
      <Hsp_hit-to>385</Hsp_hit-to>
      <Hsp_query-frame>0</Hsp_query-frame>
      <Hsp_hit-frame>0</Hsp_hit-frame>
      <Hsp_identity>15</Hsp_identity>
      <Hsp_positive>26</Hsp_positive>
      <Hsp_gaps>5</Hsp_gaps>
      <Hsp_align-len>54</Hsp_align-len>
      <Hsp_qseq>FRDGYSDK-TLELLAKKAKQWGVQTVVYESNFGDGMFGKVFSPILLKHHNCAME</Hsp_qseq>
      <Hsp_hseq>FRDKQNDQSTTAYFNQCSWQWGNKAVV----FAKEAYGCVFRDNIVEYMDGGFE</Hsp_hseq>
      <Hsp_midline>FRD  +D+ T     + + QWG + VV    F    +G VF   ++++ +   E</Hsp_midline>
    </Hsp>
  </Hit_hsps>
</Hit>
<Hit>
  <Hit_num>2</Hit_num>
  <Hit_id>gnl|BL_ORD_ID|20</Hit_id>
  <Hit_def>YP_008532047.1 putative tail fiber protein [Taipeivirus 0507KN21]</Hit_def>
  <Hit_accession>20</Hit_accession>
  <Hit_len>1245</Hit_len>
  <Hit_hsps>
    <Hsp>
      <Hsp_num>1</Hsp_num>
      <Hsp_bit-score>20.4014</Hsp_bit-score>
      <Hsp_score>41</Hsp_score>
      <Hsp_evalue>5.67474</Hsp_evalue>
      <Hsp_query-from>286</Hsp_query-from>
      <Hsp_query-to>318</Hsp_query-to>
      <Hsp_hit-from>321</Hsp_hit-from>
      <Hsp_hit-to>359</Hsp_hit-to>
      <Hsp_query-frame>0</Hsp_query-frame>
      <Hsp_hit-frame>0</Hsp_hit-frame>
      <Hsp_identity>12</Hsp_identity>
      <Hsp_positive>21</Hsp_positive>
      <Hsp_gaps>6</Hsp_gaps>
      <Hsp_align-len>39</Hsp_align-len>
      <Hsp_qseq>EKYPLRLRDAIVAA-----LDLEKAPMHYQWLP-NRQNI</Hsp_qseq>
      <Hsp_hseq>SEYPLRIGKTSIKAYSRLKLDFQQASIYDRPSPSNRQEV</Hsp_hseq>
      <Hsp_midline> +YPLR+    + A     LD ++A ++ +  P NRQ +</Hsp_midline>
    </Hsp>
  </Hit_hsps>
</Hit>
<Hit>
  <Hit_num>3</Hit_num>
  <Hit_id>gnl|BL_ORD_ID|9</Hit_id>
  <Hit_def>NP_958190.1 tailspike protein [Shigella phage Sf6]</Hit_def>
  <Hit_accession>9</Hit_accession>
  <Hit_len>623</Hit_len>
  <Hit_hsps>
    <Hsp>
      <Hsp_num>1</Hsp_num>
      <Hsp_bit-score>20.0162</Hsp_bit-score>
      <Hsp_score>40</Hsp_score>
      <Hsp_evalue>7.4657</Hsp_evalue>
      <Hsp_query-from>233</Hsp_query-from>
      <Hsp_query-to>246</Hsp_query-to>
      <Hsp_hit-from>149</Hsp_hit-from>
      <Hsp_hit-to>162</Hsp_hit-to>
      <Hsp_query-frame>0</Hsp_query-frame>
      <Hsp_hit-frame>0</Hsp_hit-frame>
      <Hsp_identity>6</Hsp_identity>
      <Hsp_positive>12</Hsp_positive>
      <Hsp_gaps>0</Hsp_gaps>
      <Hsp_align-len>14</Hsp_align-len>
      <Hsp_qseq>MLRAEYDENPEALA</Hsp_qseq>
      <Hsp_hseq>VLRTQHDKNKEAIS</Hsp_hseq>
      <Hsp_midline>+LR ++D+N EA++</Hsp_midline>
    </Hsp>
  </Hit_hsps>
</Hit>
</Iteration_hits>
  <Iteration_stat>
    <Statistics>
      <Statistics_db-num>21</Statistics_db-num>
      <Statistics_db-len>15367</Statistics_db-len>
      <Statistics_hsp-len>59</Statistics_hsp-len>
      <Statistics_eff-space>7290048</Statistics_eff-space>
      <Statistics_kappa>0.041</Statistics_kappa>
      <Statistics_lambda>0.267</Statistics_lambda>
      <Statistics_entropy>0.14</Statistics_entropy>
    </Statistics>
  </Iteration_stat>
</Iteration>
</BlastOutput_iterations>
</BlastOutput>

